
test> show dbs
admin   40.00 KiB
config  48.00 KiB
local   72.00 KiB

test> show databases
admin   40.00 KiB
config  72.00 KiB
local   72.00 KiB

test> use students
switched to db students
students> show dbs
admin   40.00 KiB
config  72.00 KiB
local   72.00 KiB

students> use admin
switched to db admin
admin> show dbs
admin   40.00 KiB
config  72.00 KiB
local   72.00 KiB

admin> use students

switched to db students

students> show collections

students> db.createCollection('data')
{ ok: 1 }
students> show dbs
admin     40.00 KiB
config    72.00 KiB
local     72.00 KiB
students   8.00 KiB
students> show collections
data
students> db.data.drop()
true
students> db.dropDatabase()
{ ok: 1, dropped: 'students' }
students> show databases
admin   40.00 KiB
config  72.00 KiB
local   72.00 KiB
students> use students
already on db students
students> db.data.insertOne({})
{
  acknowledged: true,
  insertedId: ObjectId('6875f62feaf81bedbf718dc4')
}
students> db.data.insertOne({'name': 'Vinod', age:25})
{
  acknowledged: true,
  insertedId: ObjectId('6875f665eaf81bedbf718dc5')
}

students> db.data.insertMany({'name': 'Vinod', age:25}, {'name': 'Abhishek', age : 23}, {'name': 'Vishal', age : 21})

MongoInvalidArgumentError: Argument "docs" must be an array of documents

students> db.data.insertMany([{'name': 'Vinod', age:25}, {'name': 'Abhishek', age : 23}, {'name': 'Vishal', age : 21}])
{
  acknowledged: true,
  insertedIds: {
    '0': ObjectId('6875f71beaf81bedbf718dc6'),
    '1': ObjectId('6875f71beaf81bedbf718dc7'),
    '2': ObjectId('6875f71beaf81bedbf718dc8')
  }
}

students> db.data.find()
[
  { _id: ObjectId('6875f62feaf81bedbf718dc4') },
  { _id: ObjectId('6875f665eaf81bedbf718dc5'), name: 'Vinod', age: 25 },
  { _id: ObjectId('6875f71beaf81bedbf718dc6'), name: 'Vinod', age: 25 },
  {
    _id: ObjectId('6875f71beaf81bedbf718dc7'),
    name: 'Abhishek',
    age: 23
  },
  {
    _id: ObjectId('6875f71beaf81bedbf718dc8'),
    name: 'Vishal',
    age: 21
students> db.data.insertOne({'name': 'Raju', age:18, 'course name' : "DBMS"})
{
  acknowledged: true,
  insertedId: ObjectId('6875f839eaf81bedbf718dc9')
}
students> db.data.find()
[
  { _id: ObjectId('6875f62feaf81bedbf718dc4') },
  { _id: ObjectId('6875f665eaf81bedbf718dc5'), name: 'Vinod', age: 25 },
  { _id: ObjectId('6875f71beaf81bedbf718dc6'), name: 'Vinod', age: 25 },
  {
    _id: ObjectId('6875f71beaf81bedbf718dc7'),
    name: 'Abhishek',
    age: 23
  },
  {
    _id: ObjectId('6875f71beaf81bedbf718dc8'),
    name: 'Vishal',
    age: 21
  },
  {
    _id: ObjectId('6875f839eaf81bedbf718dc9'),
    name: 'Raju',
    age: 18,
    'course name': 'DBMS'
  }
]
students> db.data.insertMany([{_id: _id: ObjectId('6875f62feaf81bedbf718dc4'),'name': 'Vinod', age:25}, {'name': 'Abhishek', age : 23}, {'name': 'Vishal', age : 21}])
Uncaught:
SyntaxError: Unexpected token, expected "," (1:29)

> 1 | db.data.insertMany([{_id: _id: ObjectId('6875f62feaf81bedbf718dc4'),'name': 'Vinod', age:25}, {'name': 'Abhishek', age : 23}, {'name': 'Vishal', age : 21}])
    |                              ^
  2 |

students> db.data.insertMany([{_id: ObjectId('6875f62feaf81bedbf718dc4'),'name': 'Vinod', age:25}, {'name': 'Abhishek', age : 23}, {'name': 'Vishal', age : 21}])
Uncaught:
MongoBulkWriteError: E11000 duplicate key error collection: students.data index: _id_ dup key: { _id: ObjectId('6875f62feaf81bedbf718dc4') }
Result: BulkWriteResult {
  insertedCount: 0,
  matchedCount: 0,
  modifiedCount: 0,
  deletedCount: 0,
  upsertedCount: 0,
  upsertedIds: {},
  insertedIds: {}
}
Write Errors: [
  WriteError {
    err: {
      index: 0,
      code: 11000,
      errmsg: "E11000 duplicate key error collection: students.data index: _id_ dup key: { _id: ObjectId('6875f62feaf81bedbf718dc4') }",
      errInfo: undefined,
      op: {
        _id: ObjectId('6875f62feaf81bedbf718dc4'),
        name: 'Vinod',
        age: 25
      }
    }
  }
]
students> db.data.insertMany([{_id: ObjectId('6875f62feaf81bedbf718dc4'),'name': 'Vinod', age:25}, {'name': 'Abhishek', age : 23}, {'name': 'Vishal', age : 21}, {ordered : false}])
Uncaught:
MongoBulkWriteError: E11000 duplicate key error collection: students.data index: _id_ dup key: { _id: ObjectId('6875f62feaf81bedbf718dc4') }
Result: BulkWriteResult {
  insertedCount: 0,
  matchedCount: 0,
  modifiedCount: 0,
  deletedCount: 0,
  upsertedCount: 0,
  upsertedIds: {},
  insertedIds: {}
}
Write Errors: [
  WriteError {
    err: {
      index: 0,
      code: 11000,
      errmsg: "E11000 duplicate key error collection: students.data index: _id_ dup key: { _id: ObjectId('6875f62feaf81bedbf718dc4') }",
      errInfo: undefined,
      op: {
        _id: ObjectId('6875f62feaf81bedbf718dc4'),
        name: 'Vinod',
        age: 25
      }
    }
  }
]
students> db.data.insertMany([{_id: ObjectId('6875f62feaf81bedbf718dc4'),'name': 'Vinod', age:25}, {'name': 'Abhishek', age : 23}, {'name': 'Vishal', age : 21}] {ordered : false})
Uncaught:
SyntaxError: Unexpected token, expected "," (1:151)

> 1 | db.data.insertMany([{_id: ObjectId('6875f62feaf81bedbf718dc4'),'name': 'Vinod', age:25}, {'name': 'Abhishek', age : 23}, {'name': 'Vishal', age : 21}] {ordered : false})
    |                                                                                                                                                        ^
  2 |

students> db.data.insertMany([{_id: ObjectId('6875f62feaf81bedbf718dc4'),'name': 'Vinod', age:25}, {'name': 'Abhishek', age : 23}, {'name': 'Vishal', age : 21}] ,{ordered : false})
Uncaught:
MongoBulkWriteError: E11000 duplicate key error collection: students.data index: _id_ dup key: { _id: ObjectId('6875f62feaf81bedbf718dc4') }
Result: BulkWriteResult {
  insertedCount: 2,
  matchedCount: 0,
  modifiedCount: 0,
  deletedCount: 0,
  upsertedCount: 0,
  upsertedIds: {},
  insertedIds: {
    '1': ObjectId('6875fb51eaf81bedbf718dcf'),
    '2': ObjectId('6875fb51eaf81bedbf718dd0')
  }
}
Write Errors: [
  WriteError {
    err: {
      index: 0,
      code: 11000,
      errmsg: "E11000 duplicate key error collection: students.data index: _id_ dup key: { _id: ObjectId('6875f62feaf81bedbf718dc4') }",
      errInfo: undefined,
      op: {
        _id: ObjectId('6875f62feaf81bedbf718dc4'),
        name: 'Vinod',
        age: 25
      }
    }
  }
]
students> db.data.find({'name' : 'vinod'})

students> db.data.find({'name' : 'Vinod'})
\[
  { _id: ObjectId('6875f665eaf81bedbf718dc5'), name: 'Vinod', age: 25 },
  { _id: ObjectId('6875f71beaf81bedbf718dc6'), name: 'Vinod', age: 25 }
]
students> db.data.findOne({'name' : 'Vinod'})
{ _id: ObjectId('6875f665eaf81bedbf718dc5'), name: 'Vinod', age: 25 }
students>
(To exit, press Ctrl+C again or Ctrl+D or type .exit)
students>

C:\Users\Abhishek Singh>dir
 Volume in drive C has no label.
 Volume Serial Number is 287C-E976

 Directory of C:\Users\Abhishek Singh

13-07-2025  16:22    <DIR>          .
13-07-2025  16:22    <DIR>          ..
11-07-2025  08:41                25 .node_repl_history
27-06-2025  01:39    <DIR>          .rest-client
26-06-2025  05:42    <DIR>          .th-client
13-06-2025  02:29    <DIR>          .vscode
27-06-2025  00:54    <DIR>          .vscode-http-client
30-01-2025  05:14    <DIR>          3D Objects
30-01-2025  05:14    <DIR>          Contacts
17-07-2025  11:36    <DIR>          Desktop
29-06-2025  11:32    <DIR>          Documents
17-07-2025  01:32    <DIR>          Downloads
30-01-2025  05:14    <DIR>          Favorites
30-01-2025  05:14    <DIR>          Links
30-01-2025  05:14    <DIR>          Music
30-01-2025  05:21    <DIR>          OneDrive
08-07-2025  01:06    <DIR>          Pictures
02-07-2025  10:03    <DIR>          Postman
26-06-2025  06:25    <DIR>          Postman Agent
30-01-2025  05:14    <DIR>          Saved Games
30-01-2025  05:15    <DIR>          Searches
03-02-2025  22:11    <DIR>          Videos
               1 File(s)             25 bytes
              21 Dir(s)  385,028,157,440 bytes free

C:\Users\Abhishek Singh>cd Desktop

C:\Users\Abhishek Singh\Desktop>dir
 Volume in drive C has no label.
 Volume Serial Number is 287C-E976

 Directory of C:\Users\Abhishek Singh\Desktop

17-07-2025  11:36    <DIR>          .
17-07-2025  11:36    <DIR>          ..
11-02-2025  14:14             2,408 Abhishek - Chrome.lnk
11-07-2025  18:14           122,951 Abhishek Resume.pdf
22-02-2025  23:49         1,278,253 B.tech 2022-2026 Syllabus.pdf
03-05-2025  17:32            97,548 DSA Certificate.pdf
27-06-2025  00:48    <DIR>          Full Stack Blog App
06-07-2025  19:30    <DIR>          Java Fundamental Question
17-07-2025  20:04    <DIR>          JavaScript
05-07-2025  09:29    <DIR>          MERN_Authentication
14-07-2025  12:12    <DIR>          mongoDB
14-07-2025  19:15             2,388 MongoDB Compass.lnk
26-06-2025  05:47            40,803 Nature_IMG.jpg
14-06-2025  02:08    <DIR>          New folder
15-07-2025  15:01    <DIR>          node_js
25-06-2025  04:31            72,883 picture.jpg
15-07-2025  12:02             2,360 Postman Agent.lnk
17-07-2025  11:36             2,230 Postman.lnk
09-07-2025  14:05    <DIR>          ReactJS
11-07-2025  14:22    <DIR>          Resume
30-01-2025  06:00    <DIR>          TCA2364001
24-06-2025  05:37               133 test.txt
15-07-2025  16:52           410,521 Time_Table (Autosaved)1.xlsx
17-07-2025  11:47             2,422 Unstop SmartHire.lnk
13-06-2025  02:28             1,427 Visual Studio Code.lnk
              13 File(s)      2,036,327 bytes
              12 Dir(s)  385,028,153,344 bytes free

C:\Users\Abhishek Singh\Desktop>cd mongoDB

C:\Users\Abhishek Singh\Desktop\mongoDB>dir
 Volume in drive C has no label.
 Volume Serial Number is 287C-E976

 Directory of C:\Users\Abhishek Singh\Desktop\mongoDB

14-07-2025  12:12    <DIR>          .
14-07-2025  12:12    <DIR>          ..
14-07-2025  12:12    <DIR>          json_format_code
14-07-2025  12:09         5,503,793 MongoDB Notes.pdf
14-07-2025  12:12    <DIR>          source_code
               1 File(s)      5,503,793 bytes
               4 Dir(s)  385,027,616,768 bytes free

C:\Users\Abhishek Singh\Desktop\mongoDB>cd json_format_code

C:\Users\Abhishek Singh\Desktop\mongoDB\json_format_code>dir
 Volume in drive C has no label.
 Volume Serial Number is 287C-E976

 Directory of C:\Users\Abhishek Singh\Desktop\mongoDB\json_format_code

14-07-2025  12:12    <DIR>          .
14-07-2025  12:12    <DIR>          ..
14-07-2025  12:10    <DIR>          json
               0 File(s)              0 bytes
               3 Dir(s)  385,027,551,232 bytes free

C:\Users\Abhishek Singh\Desktop\mongoDB\json_format_code>cd json

C:\Users\Abhishek Singh\Desktop\mongoDB\json_format_code\json>dir
 Volume in drive C has no label.
 Volume Serial Number is 287C-E976

 Directory of C:\Users\Abhishek Singh\Desktop\mongoDB\json_format_code\json

14-07-2025  12:10    <DIR>          .
14-07-2025  12:10    <DIR>          ..
14-07-2025  12:10             1,836 categories.json
14-07-2025  12:10               449 col.json
14-07-2025  12:10             1,932 comments.json
14-07-2025  12:10             4,224 companies.json
14-07-2025  12:10         2,762,114 products.json
14-07-2025  12:10               324 sales.json
14-07-2025  12:10               261 salestest.json
               7 File(s)      2,771,140 bytes
               2 Dir(s)  385,027,026,944 bytes free

C:\Users\Abhishek Singh\Desktop\mongoDB\json_format_code\json>dir
 Volume in drive C has no label.
 Volume Serial Number is 287C-E976

 Directory of C:\Users\Abhishek Singh\Desktop\mongoDB\json_format_code\json

14-07-2025  12:10    <DIR>          .
14-07-2025  12:10    <DIR>          ..
14-07-2025  12:10             1,836 categories.json
14-07-2025  12:10               449 col.json
14-07-2025  12:10             1,932 comments.json
14-07-2025  12:10             4,224 companies.json
14-07-2025  12:10         2,762,114 products.json
14-07-2025  12:10               324 sales.json
14-07-2025  12:10               261 salestest.json
               7 File(s)      2,771,140 bytes
               2 Dir(s)  385,026,973,696 bytes free

C:\Users\Abhishek Singh\Desktop\mongoDB\json_format_code\json>>mongoimport C:\Users\Abhishek Singh\Desktop\mongoDB\json_format_code\json\products.json -d shop -c products
'C:\Users\Abhishek' is not recognized as an internal or external command,
operable program or batch file.

C:\Users\Abhishek Singh\Desktop\mongoDB\json_format_code\json>cd..

C:\Users\Abhishek Singh\Desktop\mongoDB\json_format_code>cd..

C:\Users\Abhishek Singh\Desktop\mongoDB>cd..

C:\Users\Abhishek Singh\Desktop>cd..

C:\Users\Abhishek Singh>mongoimport "C:\Users\Abhishek Singh\Desktop\mongoDB\json_format_code\json\products.json" -d shop -c products
'mongoimport' is not recognized as an internal or external command,
operable program or batch file.

C:\Users\Abhishek Singh>cd "C:\Users\Abhishek Singh\Desktop\mongoDB\json_format_code\json"

C:\Users\Abhishek Singh\Desktop\mongoDB\json_format_code\json>mongoimport products.json -d shop -c products
'mongoimport' is not recognized as an internal or external command,
operable program or batch file.

C:\Users\Abhishek Singh\Desktop\mongoDB\json_format_code\json>cd..

C:\Users\Abhishek Singh\Desktop\mongoDB\json_format_code>cd..

C:\Users\Abhishek Singh\Desktop\mongoDB>cd..

C:\Users\Abhishek Singh\Desktop>cd..

C:\Users\Abhishek Singh>mongoimport "C:\Users\Abhishek Singh\Desktop\mongoDB\json_format_code\json\products.json" -d shop -c products
'mongoimport' is not recognized as an internal or external command,
operable program or batch file.

C:\Users\Abhishek Singh>cd C:\Program Files\MongoDB\Tools\100\bin\

C:\Program Files\MongoDB\Tools\100\bin>"C:\Program Files\MongoDB\Tools\100\bin\mongoimport.exe" "C:\Users\Abhishek Singh\Desktop\mongoDB\json_format_code\json\products.json" -d shop -c products
2025-07-17T23:00:50.237+0530    connected to: mongodb://localhost/
2025-07-17T23:00:50.466+0530    10355 document(s) imported successfully. 0 document(s) failed to import.

C:\Program Files\MongoDB\Tools\100\bin>"C:\Program Files\MongoDB\Tools\100\bin\mongoimport.exe" "C:\Users\Abhishek Singh\Desktop\mongoDB\json_format_code\json\products.json" -d shop -c sales --jsonArray
2025-07-17T23:03:05.430+0530    connected to: mongodb://localhost/
2025-07-17T23:03:05.433+0530    Failed: error reading separator after document #1: bad JSON array format - found no opening bracket '[' in input source
2025-07-17T23:03:05.433+0530    0 document(s) imported successfully. 0 document(s) failed to import.

C:\Program Files\MongoDB\Tools\100\bin>"C:\Program Files\MongoDB\Tools\100\bin\mongoimport.exe" "C:\Users\Abhishek Singh\Desktop\mongoDB\json_format_code\json\sales.json" -d shop -c sales --jsonArray
2025-07-17T23:03:57.191+0530    connected to: mongodb://localhost/
2025-07-17T23:03:57.203+0530    5 document(s) imported successfully. 0 document(s) failed to import.

C:\Program Files\MongoDB\Tools\100\bin>"C:\Program Files\MongoDB\Tools\100\bin\mongoimport.exe" "C:\Users\Abhishek Singh\Desktop\mongoDB\json_format_code\json\categories.json" -d shop -c categories
2025-07-17T23:05:13.172+0530    connected to: mongodb://localhost/
2025-07-17T23:05:13.183+0530    20 document(s) imported successfully. 0 document(s) failed to import.

C:\Program Files\MongoDB\Tools\100\bin>"C:\Program Files\MongoDB\Tools\100\bin\mongoexport.exe" -d shop -c sales "C:\Users\Abhishek Singh\Desktop\mongoDB\json_format_code\json\salestest.json"
2025-07-17T23:07:28.220+0530    error parsing command line options: error parsing positional arguments: provide only one MongoDB connection string. Connection strings must begin with mongodb:// or mongodb+srv:// schemes
2025-07-17T23:07:28.220+0530    try 'mongoexport --help' for more information

C:\Program Files\MongoDB\Tools\100\bin>"C:\Program Files\MongoDB\Tools\100\bin\mongoexport.exe" -d shop -c sales --out "C:\Users\Abhishek Singh\Desktop\mongoDB\json_format_code\json\salestest.json"
2025-07-17T23:09:03.834+0530    connected to: mongodb://localhost/
2025-07-17T23:09:03.839+0530    exported 5 records

Microsoft Windows [Version 10.0.19045.6093]
(c) Microsoft Corporation. All rights reserved.

C:\Users\Abhishek Singh>mongosh
Current Mongosh Log ID: 687935c833b02679aa718dc3
Connecting to:          mongodb://127.0.0.1:27017/?directConnection=true&serverSelectionTimeoutMS=2000&appName=mongosh+2.5.5
Using MongoDB:          8.0.10
Using Mongosh:          2.5.5

For mongosh info see: https://www.mongodb.com/docs/mongodb-shell/

------
   The server generated these startup warnings when booting
   2025-07-15T11:49:11.275+05:30: Access control is not enabled for the database. Read and write access to data and configuration is unrestricted
------

test> show dbs
admin      40.00 KiB
config     72.00 KiB
local      72.00 KiB
shop      716.00 KiB
students   72.00 KiB
test> use shop
switched to db shop
shop> show -c
MongoshInvalidInputError: [COMMON-10001] '-c' is not a valid argument for "show".
shop> show collections
categories
products
sales
shop> db.products.find()
[
  {
    _id: ObjectId('64c23601e32f4a51b19b9263'),
    name: 'Laptop Pro',
    company: '64c23350e32f4a51b19b9231',
    price: 1299,
    colors: [ '#333333', '#cccccc', '#00ff00' ],
    image: '/images/product-laptop.png',
    category: '64c2342de32f4a51b19b924e',
    isFeatured: true
  },
  {
    _id: ObjectId('64c23601e32f4a51b19b9264'),
    name: 'Smart Watch',
    company: '64c23350e32f4a51b19b9232',
    price: 249,
    colors: [ '#000000', '#ff0000', '#00ff00' ],
    image: '/images/product-smartwatch.png',
    category: '64c2342de32f4a51b19b924e',
    isFeatured: false
  },
  {
    _id: ObjectId('64c23601e32f4a51b19b9262'),
    name: 'Smartphone Model X',
    company: '64c23350e32f4a51b19b9230',
    price: 699,
    colors: [ '#000000', '#ffffff', '#ff0000' ],
    image: '/images/product-smartphone.png',
    category: '64c2342de32f4a51b19b924e',
    isFeatured: false
  },
shop>
    _id: ObjectId('64c23601e32f4a51b19b9266'),
    name: 'Fashionable Sunglasses',
    company: '64c23350e32f4a51b19b9234',
    price: 129,
    colors: [ '#000000', '#666666', '#ffcc00' ],
    image: '/images/product-sunglasses.png',
    category: '64c2342de32f4a51b19b9250',
    isFeatured: false
  },
  {
    _id: ObjectId('64c23601e32f4a51b19b9267'),
    name: 'Skin Care Set',
    company: '64c23350e32f4a51b19b9235',
    price: 59,
    colors: [ '#ffffff', '#ff99cc', '#00cc99' ],
    image: '/images/product-skincare.png',
    category: '64c2342de32f4a51b19b9251',
    isFeatured: true
  },
  {
    _id: ObjectId('64c23601e32f4a51b19b9268'),
    name: 'Outdoor Camping Tent',
    company: '64c23350e32f4a51b19b9236',
    price: 299,
    colors: [ '#333333', '#99cc00', '#ffcc00' ],
    image: '/images/product-tent.png',
    category: '64c2342de32f4a51b19b9252',
    isFeatured: false
  },
  {
    _id: ObjectId('64c23601e32f4a51b19b9265'),
    name: 'Kitchen Blender',
    company: '64c23350e32f4a51b19b9233',
    price: 89,
    colors: [ '#ffffff', '#ff9900', '#990000' ],
    image: '/images/product-blender.png',
    category: '64c2342de32f4a51b19b924f',
    isFeatured: true
  },
  {
    _id: ObjectId('64c23601e32f4a51b19b9269'),
    name: 'Building Blocks Set',
    company: '64c23350e32f4a51b19b9237',
    price: 49,
    colors: [ '#ff0000', '#00ff00', '#0000ff' ],
    image: '/images/product-building-blocks.png',
    category: '64c2342de32f4a51b19b9253',
    isFeatured: true
  },
  {
    _id: ObjectId('64c23601e32f4a51b19b926a'),
    name: 'Car Jump Starter',
    company: '64c23350e32f4a51b19b9238',
    price: 89,
    colors: [ '#000000', '#999999', '#00ff00' ],
    image: '/images/product-jump-starter.png',
    category: '64c2342de32f4a51b19b924f',
    isFeatured: false
  },
  {
    _id: ObjectId('64c23601e32f4a51b19b926b'),
    name: 'Cookware Set',
    company: '64c23350e32f4a51b19b9239',
    price: 149,
    colors: [ '#ffffff', '#ffcc00', '#cc9900' ],
    image: '/images/product-cookware.png',
    category: '64c2342de32f4a51b19b924f',
    isFeatured: false
  },
  {
    _id: ObjectId('64c23601e32f4a51b19b926c'),
    name: 'Designer Handbag',
    company: '64c23350e32f4a51b19b923a',
    price: 349,
    colors: [ '#000000', '#cc6600', '#663300' ],
    image: '/images/product-handbag.png',
    category: '64c2342de32f4a51b19b9250',
    isFeatured: true
  },
  {
    _id: ObjectId('64c23601e32f4a51b19b926f'),
    name: 'Cookbook Collection',
    company: '64c23350e32f4a51b19b923d',
    price: 69,
    colors: [ '#ffffff', '#ff9900', '#0099ff' ],
    image: '/images/product-cookbook.png',
    category: '64c2342de32f4a51b19b9255',
    isFeatured: true
  },
  {
    _id: ObjectId('64c23601e32f4a51b19b9270'),
    name: 'Healthy Snack Pack',
    company: '64c23350e32f4a51b19b923e',
    price: 19,
    colors: [ '#ffffff', '#ffcc00', '#99cc00' ],
    image: '/images/product-snack-pack.png',
    category: '64c2342de32f4a51b19b9256',
    isFeatured: true
  },
  {
    _id: ObjectId('64c2363be32f4a51b19b9271'),
    name: 'Pet Grooming Kit',
    company: '64c23350e32f4a51b19b923e',
    price: 39,
    colors: [ '#ffffff', '#ffcc00', '#99cc00' ],
    image: '/images/product-pet-grooming.png',
    category: '64c2342de32f4a51b19b9257',
    isFeatured: false
  },
  {
    _id: ObjectId('64c23601e32f4a51b19b926e'),
    name: 'Car Cleaning Kit',
    company: '64c23350e32f4a51b19b923c',
    price: 29,
    colors: [ '#000000', '#666666', '#cc9900' ],
    image: '/images/product-car-cleaning.png',
    category: '64c2342de32f4a51b19b9254',
    isFeatured: false
  },
  {
    _id: ObjectId('64c2363be32f4a51b19b9272'),
    name: 'Modern Sofa Set',
    company: '64c23350e32f4a51b19b923f',
    price: 899,
    colors: [ '#000000', '#999999', '#cc6600' ],
    image: '/images/product-sofa-set.png',
    category: '64c2342de32f4a51b19b9258',
    isFeatured: true
  },
  {
    _id: ObjectId('64c2363be32f4a51b19b9273'),
    name: 'Silver Necklace',
    company: '64c23350e32f4a51b19b9240',
    price: 149,
    colors: [ '#ffffff', '#ffcc00', '#cc9900' ],
    image: '/images/product-necklace.png',
    category: '64c2342de32f4a51b19b9259',
    isFeatured: false
  },
  {
    _id: ObjectId('64c2363be32f4a51b19b9274'),
    name: 'Outdoor Dining Set',
    company: '64c23350e32f4a51b19b9241',
    price: 599,
    colors: [ '#333333', '#ff9900', '#660000' ],
    image: '/images/product-dining-set.png',
    category: '64c2342de32f4a51b19b925a',
    isFeatured: true
  },
  {
    _id: ObjectId('64c2363be32f4a51b19b9275'),
    name: 'Air Fryer',
    company: '64c23350e32f4a51b19b9242',
    price: 129,
    colors: [ '#000000', '#666666', '#cc9900' ],
    image: '/images/product-air-fryer.png',
    category: '64c2342de32f4a51b19b925b',
    isFeatured: false
  },
  {
    _id: ObjectId('64c23601e32f4a51b19b926d'),
    name: 'Gym Equipment Set',
    company: '64c23350e32f4a51b19b923b',
    price: 799,
    colors: [ '#333333', '#ff9900', '#660000' ],
    image: '/images/product-gym-equipment.png',
    category: '64c2342de32f4a51b19b925e',
    isFeatured: true
  }
]
Type "it" for more
shop> it
[
  {
    _id: ObjectId('64c2363be32f4a51b19b9277'),
    name: 'Wireless Earbuds',
    company: '64c23350e32f4a51b19b9230',
    price: 79,
    colors: [ '#000000', '#ff0000', '#00ff00' ],
    image: '/images/product-earbuds.png',
    category: '64c2342de32f4a51b19b924e',
    isFeatured: false
  },
  {
    _id: ObjectId('64c2363be32f4a51b19b9276'),
    name: 'Kids Educational Toys',
    company: '64c23350e32f4a51b19b9243',
    price: 39,
    colors: [ '#ffffff', '#ff9900', '#0099ff' ],
    image: '/images/product-educational-toys.png',
    category: '64c2342de32f4a51b19b9253',
    isFeatured: true
  },
  {
    _id: ObjectId('64c2363be32f4a51b19b9278'),
    name: 'Robot Vacuum Cleaner',
    company: '64c23350e32f4a51b19b9231',
    price: 299,
    colors: [ '#ffffff', '#ffcc00', '#00cc99' ],
    image: '/images/product-vacuum.png',
    category: '64c2342de32f4a51b19b925b',
    isFeatured: true
  },
  {
    _id: ObjectId('64c2363be32f4a51b19b9279'),
    name: 'Wireless Gaming Mouse',
    company: '64c23350e32f4a51b19b9232',
    price: 49,
    colors: [ '#000000', '#999999', '#00ff00' ],
    image: '/images/product-gaming-mouse.png',
    category: '64c2342de32f4a51b19b924e',
    isFeatured: true
  },
  {
    _id: ObjectId('64c2363be32f4a51b19b927a'),
    name: 'Slow Cooker',
    company: '64c23350e32f4a51b19b9233',
    price: 79,
    colors: [ '#333333', '#ff9900', '#990000' ],
    image: '/images/product-slow-cooker.png',
    category: '64c2342de32f4a51b19b924f',
    isFeatured: false
  },
  {
    _id: ObjectId('64c2363be32f4a51b19b927d'),
    name: 'Car Seat Covers',
    company: '64c23350e32f4a51b19b9236',
    price: 59,
    colors: [ '#333333', '#99cc00', '#ffcc00' ],
    image: '/images/product-car-seat-covers.png',
    category: '64c2342de32f4a51b19b9254',
    isFeatured: true
  },
  {
    _id: ObjectId('64c2363be32f4a51b19b927e'),
    name: 'Notebook Collection',
    company: '64c23350e32f4a51b19b9237',
    price: 19,
    colors: [ '#ff0000', '#00ff00', '#0000ff' ],
    image: '/images/product-notebook.png',
    category: '64c2342de32f4a51b19b9255',
    isFeatured: true
  },
  {
    _id: ObjectId('64c2363be32f4a51b19b927c'),
    name: 'Fitness Tracker',
    company: '64c23350e32f4a51b19b9235',
    price: 129,
    colors: [ '#ffffff', '#ff99cc', '#00cc99' ],
    image: '/images/product-fitness-tracker.png',
    category: '64c2342de32f4a51b19b925e',
    isFeatured: false
  },
  {
    _id: ObjectId('64c2363be32f4a51b19b927f'),
    name: 'Pet Food Bowl Set',
    company: '64c23350e32f4a51b19b9238',
    price: 29,
    colors: [ '#ffffff', '#ffcc00', '#99cc00' ],
    image: '/images/product-pet-bowl-set.png',
    category: '64c2342de32f4a51b19b9257',
    isFeatured: false
  },
  {
    _id: ObjectId('64c236a2e32f4a51b19b9280'),
    name: 'Elegant Dining Table',
    company: '64c23350e32f4a51b19b9239',
    price: 699,
    colors: [ '#ffffff', '#ffcc00', '#cc9900' ],
    image: '/images/product-dining-table.png',
    category: '64c2342de32f4a51b19b925a',
    isFeatured: true
  },
  {
    _id: ObjectId('64c2363be32f4a51b19b927b'),
    name: 'Designer Watch',
    company: '64c23350e32f4a51b19b9234',
    price: 299,
    colors: [ '#000000', '#666666', '#ffcc00' ],
    image: '/images/product-designer-watch.png',
    category: '64c2342de32f4a51b19b9250',
    isFeatured: true
  },
  {
    _id: ObjectId('64c236a2e32f4a51b19b9281'),
    name: 'Diamond Ring',
    company: '64c23350e32f4a51b19b923a',
    price: 1999,
    colors: [ '#000000', '#cc6600', '#663300' ],
    image: '/images/product-diamond-ring.png',
    category: '64c2342de32f4a51b19b9259',
    isFeatured: false
  },
  {
    _id: ObjectId('64c236a2e32f4a51b19b9282'),
    name: 'Outdoor Patio Set',
    company: '64c23350e32f4a51b19b923b',
    price: 1199,
    colors: [ '#333333', '#ff9900', '#660000' ],
    image: '/images/product-outdoor-patio.png',
    category: '64c2342de32f4a51b19b925a',
    isFeatured: true
  },
  {
    _id: ObjectId('64c236a2e32f4a51b19b9284'),
    name: 'Watercolor Paint Set',
    company: '64c23350e32f4a51b19b923d',
    price: 29,
    colors: [ '#ffffff', '#ff9900', '#0099ff' ],
    image: '/images/product-watercolor-paint.png',
    category: '64c2342de32f4a51b19b925f',
    isFeatured: true
  },
  {
    _id: ObjectId('64c236a2e32f4a51b19b9283'),
    name: 'Blender & Juicer Combo',
    company: '64c23350e32f4a51b19b923c',
    price: 149,
    colors: [ '#000000', '#666666', '#cc9900' ],
    image: '/images/product-blender-juicer.png',
    category: '64c2342de32f4a51b19b924f',
    isFeatured: false
  },
  {
    _id: ObjectId('64c236a2e32f4a51b19b9286'),
    name: 'Pet Grooming Kit',
    company: '64c23350e32f4a51b19b923e',
    price: 39,
    colors: [ '#ffffff', '#ffcc00', '#99cc00' ],
    image: '/images/product-pet-grooming.png',
    category: '64c2342de32f4a51b19b9257',
    isFeatured: false
  },
  {
    _id: ObjectId('64c236a2e32f4a51b19b9287'),
    name: 'Modern Sofa Set',
    company: '64c23350e32f4a51b19b923f',
    price: 899,
    colors: [ '#000000', '#999999', '#cc6600' ],
    image: '/images/product-sofa-set.png',
    category: '64c2342de32f4a51b19b9258',
    isFeatured: true
  },
  {
    _id: ObjectId('64c236a2e32f4a51b19b9288'),
    name: 'Silver Necklace',
    company: '64c23350e32f4a51b19b9240',
    price: 149,
    colors: [ '#ffffff', '#ffcc00', '#cc9900' ],
    image: '/images/product-necklace.png',
    category: '64c2342de32f4a51b19b9259',
    isFeatured: false
  },
  {
    _id: ObjectId('64c236a2e32f4a51b19b9289'),
    name: 'Outdoor Dining Set',
    company: '64c23350e32f4a51b19b9241',
    price: 599,
    colors: [ '#333333', '#ff9900', '#660000' ],
    image: '/images/product-dining-set.png',
    category: '64c2342de32f4a51b19b925a',
    isFeatured: true
  },
  {
    _id: ObjectId('64c236a2e32f4a51b19b9285'),
    name: 'Healthy Snack Pack',
    company: '64c23350e32f4a51b19b923e',
    price: 19,
    colors: [ '#ffffff', '#ffcc00', '#99cc00' ],
    image: '/images/product-snack-pack.png',
    category: '64c2342de32f4a51b19b9256',
    isFeatured: true
  }
]
Type "it" for more
shop> db.products.find({'price' : {$eq : 699}})
[ategories
  {ducts
    _id: ObjectId('64c23601e32f4a51b19b9262'),
    name: 'Smartphone Model X',
    company: '64c23350e32f4a51b19b9230',
    price: 699,
    colors: [ '#000000', '#ffffff', '#ff0000' ],
    image: '/images/product-smartphone.png',
    category: '64c2342de32f4a51b19b924e',
    isFeatured: false
  },
  {
    _id: ObjectId('64c236a2e32f4a51b19b9280'),
    name: 'Elegant Dining Table',
    company: '64c23350e32f4a51b19b9239',
    price: 699,
    colors: [ '#ffffff', '#ffcc00', '#cc9900' ],
    image: '/images/product-dining-table.png',
    category: '64c2342de32f4a51b19b925a',
    isFeatured: true
  },
  {
    _id: ObjectId('64c23707e32f4a51b19b9295'),
    name: 'Elegant Dining Table',
    company: '64c23350e32f4a51b19b9239',
    price: 699,
    colors: [ '#ffffff', '#ffcc00', '#cc9900' ],
    image: '/images/product-dining-table.png',
    category: '64c2342de32f4a51b19b925a',
    isFeatured: true
  },
  {
    _id: ObjectId('64c23825e32f4a51b19b92ba'),
    name: 'Smartphone',
    company: '64c23350e32f4a51b19b9236',
    price: 699,
    colors: [ '#333333', '#99cc00', '#ffcc00' ],
    image: '/images/product-smartphone.png',
    category: '64c2342de32f4a51b19b9251',
    isFeatured: true
  },
  {
    _id: ObjectId('64c23eb1f1b9c8985b80fd33'),
    name: 'Tasty Concrete Mouse',
    company: ObjectId('64c23350e32f4a51b19b9242'),
    price: 699,
    colors: [ '#2d0a6a' ],
    image: '/images/product-Modern.png',
    category: ObjectId('64c2342de32f4a51b19b9251'),
    isFeatured: false,
    __v: 0
  },
  {
    _id: ObjectId('64c23edf9dc1fb2f8560206e'),
    name: 'Electronic Bronze Mouse',
    company: ObjectId('64c23350e32f4a51b19b9238'),
    price: 699,
    colors: [ '#2b3311' ],
    image: '/images/product-Incredible.png',
    category: ObjectId('64c2342de32f4a51b19b925e'),
    isFeatured: false,
    __v: 0
  },
  {
    _id: ObjectId('64c23edf9dc1fb2f856026ba'),
    name: 'Fantastic Bronze Bacon',
    company: ObjectId('64c23350e32f4a51b19b9237'),
    price: 699,
    colors: [ '#335c62' ],
    image: '/images/product-Modern.png',
    category: ObjectId('64c2342de32f4a51b19b9261'),
    isFeatured: false,
    __v: 0
  },
  {
    _id: ObjectId('64c23edf9dc1fb2f856026e7'),
    name: 'Sleek Soft Shirt',
    company: ObjectId('64c23350e32f4a51b19b9236'),
    price: 699,
    colors: [ '#396b56' ],
    image: '/images/product-Ergonomic.png',
    category: ObjectId('64c2342de32f4a51b19b925c'),
    isFeatured: false,
    __v: 0
  },
  {
    _id: ObjectId('64c23edf9dc1fb2f8560293e'),
    name: 'Oriental Rubber Gloves',
    company: ObjectId('64c23350e32f4a51b19b924c'),
    price: 699,
    colors: [ '#2f4575' ],
    image: '/images/product-Ergonomic.png',
    category: ObjectId('64c2342de32f4a51b19b925e'),
    isFeatured: false,
    __v: 0
  },
  {
    _id: ObjectId('64c23f13f8ffc4957dc4f3e0'),
    name: 'Fantastic Soft Ball',
    company: ObjectId('64c23350e32f4a51b19b9230'),
    price: 699,
    colors: [ '#2f787d' ],
    image: '/images/product-Luxurious.png',
    category: ObjectId('64c2342de32f4a51b19b925c'),
    isFeatured: false,
    __v: 0
  },
  {
    _id: ObjectId('64c23f13f8ffc4957dc4f6c5'),
    name: 'Licensed Granite Table',
    company: ObjectId('64c23350e32f4a51b19b924d'),
    price: 699,
    colors: [ '#394827' ],
    image: '/images/product-Luxurious.png',
    category: ObjectId('64c2342de32f4a51b19b925a'),
    isFeatured: false,
    __v: 0
  },
  {
    _id: ObjectId('64c23f13f8ffc4957dc4fa7f'),
    name: 'Licensed Soft Table',
    company: ObjectId('64c23350e32f4a51b19b9240'),
    price: 699,
    colors: [ '#233376' ],
    image: '/images/product-Handmade.png',
    category: ObjectId('64c2342de32f4a51b19b924e'),
    isFeatured: false,
    __v: 0
  },
  {
    _id: ObjectId('64c23f13f8ffc4957dc4fbbb'),
    name: 'Small Concrete Table',
    company: ObjectId('64c23350e32f4a51b19b923c'),
    price: 699,
    colors: [ '#0d621e' ],
    image: '/images/product-Electronic.png',
    category: ObjectId('64c2342de32f4a51b19b925c'),
    isFeatured: false,
    __v: 0
  }
]
shop> db.products.find({'price' : {$neq : 699}})
MongoServerError[BadValue]: unknown operator: $neq
shop> db.products.find({'price' : {$eq : 699}}).count()
13
shop> db.products.find({'price' : {$gt : 699}}).count()
3053
shop> db.products.find({'price' : {$ne : 699}}).count()
10342
shop> db.products.find({'price' : {$gte : 699}}).count()
3066
shop> db.products.find({'price' : {$in : 699}}).count()
MongoServerError[BadValue]: $in needs an array
shop> db.products.find({'price' : {$it : 699}}).count()
MongoServerError[BadValue]: unknown operator: $it
shop> db.products.find({'price' : {$lt : 699}}).count()
7289
shop> db.products.find({'price' : {$lte : 699}}).count()
7302
shop> db.products.find({'price' : {$in : [69, 169, 39]}}).count()
44
shop> db.products.find({'price' : {$in : [69, 169, 39]}})
[
  {
    _id: ObjectId('64c23601e32f4a51b19b926f'),
    name: 'Cookbook Collection',
    company: '64c23350e32f4a51b19b923d',
    price: 69,
    colors: [ '#ffffff', '#ff9900', '#0099ff' ],
    image: '/images/product-cookbook.png',
    category: '64c2342de32f4a51b19b9255',
    isFeatured: true
  },
  {
    _id: ObjectId('64c2363be32f4a51b19b9271'),
    name: 'Pet Grooming Kit',
    company: '64c23350e32f4a51b19b923e',
    price: 39,
    colors: [ '#ffffff', '#ffcc00', '#99cc00' ],
    image: '/images/product-pet-grooming.png',
    category: '64c2342de32f4a51b19b9257',
    isFeatured: false
  },
  {
    _id: ObjectId('64c2363be32f4a51b19b9276'),
    name: 'Kids Educational Toys',
    company: '64c23350e32f4a51b19b9243',
    price: 39,
    colors: [ '#ffffff', '#ff9900', '#0099ff' ],
    image: '/images/product-educational-toys.png',
    category: '64c2342de32f4a51b19b9253',
    isFeatured: true
  },
  {
    _id: ObjectId('64c236a2e32f4a51b19b9286'),
    name: 'Pet Grooming Kit',
    company: '64c23350e32f4a51b19b923e',
    price: 39,
    colors: [ '#ffffff', '#ffcc00', '#99cc00' ],
    image: '/images/product-pet-grooming.png',
    category: '64c2342de32f4a51b19b9257',
    isFeatured: false
  },
  {
    _id: ObjectId('64c236a2e32f4a51b19b928b'),
    name: 'Kids Educational Toys',
    company: '64c23350e32f4a51b19b9243',
    price: 39,
    colors: [ '#ffffff', '#ff9900', '#0099ff' ],
    image: '/images/product-educational-toys.png',
    category: '64c2342de32f4a51b19b9253',
    isFeatured: true
  },
  {
    _id: ObjectId('64c23762e32f4a51b19b929b'),
    name: 'Portable Bluetooth Speaker',
    company: '64c23350e32f4a51b19b923f',
    price: 69,
    colors: [ '#000000', '#999999', '#cc6600' ],
    image: '/images/product-bluetooth-speaker.png',
    category: '64c2342de32f4a51b19b924e',
    isFeatured: false
  },
  {
    _id: ObjectId('64c23762e32f4a51b19b929f'),
    name: 'Wireless Keyboard',
    company: '64c23350e32f4a51b19b9243',
    price: 39,
    colors: [ '#ffffff', '#ff9900', '#0099ff' ],
    image: '/images/product-wireless-keyboard.png',
    category: '64c2342de32f4a51b19b925d',
    isFeatured: true
  },
  {
    _id: ObjectId('64c23762e32f4a51b19b92a5'),
    name: 'Oil Diffuser',
    company: '64c23350e32f4a51b19b9235',
    price: 39,
    colors: [ '#ffffff', '#ff99cc', '#00cc99' ],
    image: '/images/product-oil-diffuser.png',
    category: '64c2342de32f4a51b19b9251',
    isFeatured: false
  },
  {
    _id: ObjectId('64c237a7e32f4a51b19b92ab'),
    name: 'Laptop Backpack',
    company: '64c23350e32f4a51b19b923a',
    price: 39,
    colors: [ '#333333', '#ff9900', '#990000' ],
    image: '/images/product-laptop-backpack.png',
    category: '64c2342de32f4a51b19b9261',
    isFeatured: true
  },
  {
    _id: ObjectId('64c237a7e32f4a51b19b92af'),
    name: 'Cooking Utensil Set',
    company: '64c23350e32f4a51b19b923e',
    price: 39,
    colors: [ '#333333', '#ff9900', '#00cc99' ],
    image: '/images/product-cooking-utensil-set.png',
    category: '64c2342de32f4a51b19b924f',
    isFeatured: false
  },
  {
    _id: ObjectId('64c237a7e32f4a51b19b92b3'),
    name: 'Indoor Plant Collection',
    company: '64c23350e32f4a51b19b9242',
    price: 39,
    colors: [ '#ffffff', '#ff9900', '#0099ff' ],
    image: '/images/product-indoor-plants.png',
    category: '64c2342de32f4a51b19b925a',
    isFeatured: true
  },
  {
    _id: ObjectId('64c23871e32f4a51b19b92c4'),
    name: 'Portable Power Bank',
    company: '64c23350e32f4a51b19b9241',
    price: 39,
    colors: [ '#ffffff', '#ff9900', '#0099ff' ],
    image: '/images/product-power-bank.png',
    category: '64c2342de32f4a51b19b924e',
    isFeatured: true
  },
  {
    _id: ObjectId('64c23871e32f4a51b19b92c8'),
    name: 'Portable Blender',
    company: '64c23350e32f4a51b19b924f',
    price: 39,
    colors: [ '#ffffff', '#ffcc00', '#cc9900' ],
    image: '/images/product-portable-blender.png',
    category: '64c2342de32f4a51b19b924f',
    isFeatured: true
  },
  {
    _id: ObjectId('64c23947e32f4a51b19b92d5'),
    name: 'Waterproof Bluetooth Speaker',
    company: '64c23350e32f4a51b19b924d',
    price: 69,
    colors: [ '#ffffff', '#ffcc00', '#00cc99' ],
    image: '/images/product-waterproof-speaker.png',
    category: '64c2342de32f4a51b19b9256',
    isFeatured: true
  },
  {
    _id: ObjectId('64c2397ae32f4a51b19b92de'),
    name: 'Indoor Plant Grow Kit',
    company: '64c23350e32f4a51b19b9238',
    price: 39,
    colors: [ '#333333', '#ff9900', '#990000' ],
    image: '/images/product-plant-grow-kit.png',
    category: '64c2342de32f4a51b19b925a',
    isFeatured: true
  },
  {
    _id: ObjectId('64c2397ae32f4a51b19b92df'),
    name: 'Wireless Bluetooth Keyboard',
    company: '64c23350e32f4a51b19b9239',
    price: 69,
    colors: [ '#ffffff', '#ff9900', '#0099ff' ],
    image: '/images/product-bluetooth-keyboard.png',
    category: '64c2342de32f4a51b19b925d',
    isFeatured: true
  },
  {
    _id: ObjectId('64c239b9e32f4a51b19b92e9'),
    name: 'Portable Power Bank',
    company: '64c23350e32f4a51b19b9244',
    price: 39,
    colors: [ '#ffffff', '#ffcc00', '#cc9900' ],
    image: '/images/product-power-bank.png',
    category: '64c2342de32f4a51b19b925c',
    isFeatured: true
  },
  {
    _id: ObjectId('64c239f1e32f4a51b19b92f8'),
    name: 'Waterproof Bluetooth Speaker',
    company: '64c23350e32f4a51b19b9253',
    price: 69,
    colors: [ '#ffffff', '#ffcc00', '#00cc99' ],
    image: '/images/product-waterproof-speaker.png',
    category: '64c2342de32f4a51b19b9256',
    isFeatured: true
  },
  {
    _id: ObjectId('64c23edf9dc1fb2f85601a31'),
    name: 'Electronic Fresh Chips',
    company: ObjectId('64c23350e32f4a51b19b924b'),
    price: 39,
    colors: [ '#430049' ],
    image: '/images/product-Tasty.png',
    category: ObjectId('64c2342de32f4a51b19b925b'),
    isFeatured: false,
    __v: 0
  },
  {
    _id: ObjectId('64c23edf9dc1fb2f85601a7d'),
    name: 'Generic Metal Ball',
    company: ObjectId('64c23350e32f4a51b19b9243'),
    price: 39,
    colors: [ '#3e276a' ],
    image: '/images/product-Ergonomic.png',
    category: ObjectId('64c2342de32f4a51b19b9258'),
    isFeatured: false,
    __v: 0
  }
]
Type "it" for more
shop> db.products.find({'price' : {$nin : [69, 169, 39]}})
[
  {
    _id: ObjectId('64c23601e32f4a51b19b9263'),
    name: 'Laptop Pro',
    company: '64c23350e32f4a51b19b9231',
    price: 1299,
    colors: [ '#333333', '#cccccc', '#00ff00' ],
    image: '/images/product-laptop.png',
    category: '64c2342de32f4a51b19b924e',
    isFeatured: true
  },
  {
    _id: ObjectId('64c23601e32f4a51b19b9264'),
    name: 'Smart Watch',
    company: '64c23350e32f4a51b19b9232',
    price: 249,
    colors: [ '#000000', '#ff0000', '#00ff00' ],
    image: '/images/product-smartwatch.png',
    category: '64c2342de32f4a51b19b924e',
    isFeatured: false
  },
  {
    _id: ObjectId('64c23601e32f4a51b19b9262'),
    name: 'Smartphone Model X',
    company: '64c23350e32f4a51b19b9230',
    price: 699,
    colors: [ '#000000', '#ffffff', '#ff0000' ],
    image: '/images/product-smartphone.png',
    category: '64c2342de32f4a51b19b924e',
    isFeatured: false
  },
  {
    _id: ObjectId('64c23601e32f4a51b19b9266'),
    name: 'Fashionable Sunglasses',
    company: '64c23350e32f4a51b19b9234',
    price: 129,
    colors: [ '#000000', '#666666', '#ffcc00' ],
    image: '/images/product-sunglasses.png',
    category: '64c2342de32f4a51b19b9250',
    isFeatured: false
  },
  {
    _id: ObjectId('64c23601e32f4a51b19b9267'),
    name: 'Skin Care Set',
    company: '64c23350e32f4a51b19b9235',
    price: 59,
    colors: [ '#ffffff', '#ff99cc', '#00cc99' ],
    image: '/images/product-skincare.png',
    category: '64c2342de32f4a51b19b9251',
    isFeatured: true
  },
  {
    _id: ObjectId('64c23601e32f4a51b19b9268'),
    name: 'Outdoor Camping Tent',
    company: '64c23350e32f4a51b19b9236',
    price: 299,
    colors: [ '#333333', '#99cc00', '#ffcc00' ],
    image: '/images/product-tent.png',
    category: '64c2342de32f4a51b19b9252',
    isFeatured: false
  },
  {
    _id: ObjectId('64c23601e32f4a51b19b9265'),
    name: 'Kitchen Blender',
    company: '64c23350e32f4a51b19b9233',
    price: 89,
    colors: [ '#ffffff', '#ff9900', '#990000' ],
    image: '/images/product-blender.png',
    category: '64c2342de32f4a51b19b924f',
    isFeatured: true
  },
  {
    _id: ObjectId('64c23601e32f4a51b19b9269'),
    name: 'Building Blocks Set',
    company: '64c23350e32f4a51b19b9237',
    price: 49,
    colors: [ '#ff0000', '#00ff00', '#0000ff' ],
    image: '/images/product-building-blocks.png',
    category: '64c2342de32f4a51b19b9253',
    isFeatured: true
  },
  {
    _id: ObjectId('64c23601e32f4a51b19b926a'),
    name: 'Car Jump Starter',
    company: '64c23350e32f4a51b19b9238',
    price: 89,
    colors: [ '#000000', '#999999', '#00ff00' ],
    image: '/images/product-jump-starter.png',
    category: '64c2342de32f4a51b19b924f',
    isFeatured: false
  },
  {
    _id: ObjectId('64c23601e32f4a51b19b926b'),
    name: 'Cookware Set',
    company: '64c23350e32f4a51b19b9239',
    price: 149,
    colors: [ '#ffffff', '#ffcc00', '#cc9900' ],
    image: '/images/product-cookware.png',
    category: '64c2342de32f4a51b19b924f',
    isFeatured: false
  },
  {
    _id: ObjectId('64c23601e32f4a51b19b926c'),
    name: 'Designer Handbag',
    company: '64c23350e32f4a51b19b923a',
    price: 349,
    colors: [ '#000000', '#cc6600', '#663300' ],
    image: '/images/product-handbag.png',
    category: '64c2342de32f4a51b19b9250',
    isFeatured: true
  },
  {
    _id: ObjectId('64c23601e32f4a51b19b9270'),
    name: 'Healthy Snack Pack',
    company: '64c23350e32f4a51b19b923e',
    price: 19,
    colors: [ '#ffffff', '#ffcc00', '#99cc00' ],
    image: '/images/product-snack-pack.png',
    category: '64c2342de32f4a51b19b9256',
    isFeatured: true
  },
  {
    _id: ObjectId('64c23601e32f4a51b19b926e'),
    name: 'Car Cleaning Kit',
    company: '64c23350e32f4a51b19b923c',
    price: 29,
    colors: [ '#000000', '#666666', '#cc9900' ],
    image: '/images/product-car-cleaning.png',
    category: '64c2342de32f4a51b19b9254',
    isFeatured: false
  },
  {
    _id: ObjectId('64c2363be32f4a51b19b9272'),
    name: 'Modern Sofa Set',
    company: '64c23350e32f4a51b19b923f',
    price: 899,
    colors: [ '#000000', '#999999', '#cc6600' ],
    image: '/images/product-sofa-set.png',
    category: '64c2342de32f4a51b19b9258',
    isFeatured: true
  },
  {
    _id: ObjectId('64c2363be32f4a51b19b9273'),
    name: 'Silver Necklace',
    company: '64c23350e32f4a51b19b9240',
    price: 149,
    colors: [ '#ffffff', '#ffcc00', '#cc9900' ],
    image: '/images/product-necklace.png',
    category: '64c2342de32f4a51b19b9259',
    isFeatured: false
  },
  {
    _id: ObjectId('64c2363be32f4a51b19b9274'),
    name: 'Outdoor Dining Set',
    company: '64c23350e32f4a51b19b9241',
    price: 599,
    colors: [ '#333333', '#ff9900', '#660000' ],
    image: '/images/product-dining-set.png',
    category: '64c2342de32f4a51b19b925a',
    isFeatured: true
  },
  {
    _id: ObjectId('64c2363be32f4a51b19b9275'),
    name: 'Air Fryer',
    company: '64c23350e32f4a51b19b9242',
    price: 129,
    colors: [ '#000000', '#666666', '#cc9900' ],
    image: '/images/product-air-fryer.png',
    category: '64c2342de32f4a51b19b925b',
    isFeatured: false
  },
  {
    _id: ObjectId('64c23601e32f4a51b19b926d'),
    name: 'Gym Equipment Set',
    company: '64c23350e32f4a51b19b923b',
    price: 799,
    colors: [ '#333333', '#ff9900', '#660000' ],
    image: '/images/product-gym-equipment.png',
    category: '64c2342de32f4a51b19b925e',
    isFeatured: true
  },
  {
    _id: ObjectId('64c2363be32f4a51b19b9277'),
    name: 'Wireless Earbuds',
    company: '64c23350e32f4a51b19b9230',
    price: 79,
    colors: [ '#000000', '#ff0000', '#00ff00' ],
    image: '/images/product-earbuds.png',
    category: '64c2342de32f4a51b19b924e',
    isFeatured: false
  },
  {
    _id: ObjectId('64c2363be32f4a51b19b9278'),
    name: 'Robot Vacuum Cleaner',
    company: '64c23350e32f4a51b19b9231',
    price: 299,
    colors: [ '#ffffff', '#ffcc00', '#00cc99' ],
    image: '/images/product-vacuum.png',
    category: '64c2342de32f4a51b19b925b',
    isFeatured: true
  }
]
Type "it" for more
shop> db.products.find({'price' : {$nin : [69, 169, 39]}}).count()
10311
shop> db.products.find({'price' : {$nin : [69, 169, 39]}})
[
  {
    _id: ObjectId('64c23601e32f4a51b19b9263'),
    name: 'Laptop Pro',
    company: '64c23350e32f4a51b19b9231',
    price: 1299,
    colors: [ '#333333', '#cccccc', '#00ff00' ],
    image: '/images/product-laptop.png',
    category: '64c2342de32f4a51b19b924e',
    isFeatured: true
  },
  {
    _id: ObjectId('64c23601e32f4a51b19b9264'),
    name: 'Smart Watch',
    company: '64c23350e32f4a51b19b9232',
    price: 249,
    colors: [ '#000000', '#ff0000', '#00ff00' ],
    image: '/images/product-smartwatch.png',
    category: '64c2342de32f4a51b19b924e',
    isFeatured: false
  },
  {
    _id: ObjectId('64c23601e32f4a51b19b9262'),
    name: 'Smartphone Model X',
    company: '64c23350e32f4a51b19b9230',
    price: 699,
    colors: [ '#000000', '#ffffff', '#ff0000' ],
    image: '/images/product-smartphone.png',
    category: '64c2342de32f4a51b19b924e',
    isFeatured: false
  },
  {
    _id: ObjectId('64c23601e32f4a51b19b9266'),
    name: 'Fashionable Sunglasses',
    company: '64c23350e32f4a51b19b9234',
    price: 129,
    colors: [ '#000000', '#666666', '#ffcc00' ],
    image: '/images/product-sunglasses.png',
    category: '64c2342de32f4a51b19b9250',
    isFeatured: false
  },
  {
    _id: ObjectId('64c23601e32f4a51b19b9267'),
    name: 'Skin Care Set',
    company: '64c23350e32f4a51b19b9235',
    price: 59,
    colors: [ '#ffffff', '#ff99cc', '#00cc99' ],
    image: '/images/product-skincare.png',
    category: '64c2342de32f4a51b19b9251',
    isFeatured: true
  },
  {
    _id: ObjectId('64c23601e32f4a51b19b9268'),
    name: 'Outdoor Camping Tent',
    company: '64c23350e32f4a51b19b9236',
    price: 299,
    colors: [ '#333333', '#99cc00', '#ffcc00' ],
    image: '/images/product-tent.png',
    category: '64c2342de32f4a51b19b9252',
    isFeatured: false
  },
  {
    _id: ObjectId('64c23601e32f4a51b19b9265'),
    name: 'Kitchen Blender',
    company: '64c23350e32f4a51b19b9233',
    price: 89,
    colors: [ '#ffffff', '#ff9900', '#990000' ],
    image: '/images/product-blender.png',
    category: '64c2342de32f4a51b19b924f',
    isFeatured: true
  },
  {
    _id: ObjectId('64c23601e32f4a51b19b9269'),
    name: 'Building Blocks Set',
    company: '64c23350e32f4a51b19b9237',
    price: 49,
    colors: [ '#ff0000', '#00ff00', '#0000ff' ],
    image: '/images/product-building-blocks.png',
    category: '64c2342de32f4a51b19b9253',
    isFeatured: true
  },
  {
    _id: ObjectId('64c23601e32f4a51b19b926a'),
    name: 'Car Jump Starter',
    company: '64c23350e32f4a51b19b9238',
    price: 89,
    colors: [ '#000000', '#999999', '#00ff00' ],
    image: '/images/product-jump-starter.png',
    category: '64c2342de32f4a51b19b924f',
    isFeatured: false
  },
  {
    _id: ObjectId('64c23601e32f4a51b19b926b'),
    name: 'Cookware Set',
    company: '64c23350e32f4a51b19b9239',
    price: 149,
    colors: [ '#ffffff', '#ffcc00', '#cc9900' ],
    image: '/images/product-cookware.png',
    category: '64c2342de32f4a51b19b924f',
    isFeatured: false
  },
  {
    _id: ObjectId('64c23601e32f4a51b19b926c'),
    name: 'Designer Handbag',
    company: '64c23350e32f4a51b19b923a',
    price: 349,
    colors: [ '#000000', '#cc6600', '#663300' ],
    image: '/images/product-handbag.png',
    category: '64c2342de32f4a51b19b9250',
    isFeatured: true
  },
  {
    _id: ObjectId('64c23601e32f4a51b19b9270'),
    name: 'Healthy Snack Pack',
    company: '64c23350e32f4a51b19b923e',
    price: 19,
    colors: [ '#ffffff', '#ffcc00', '#99cc00' ],
    image: '/images/product-snack-pack.png',
    category: '64c2342de32f4a51b19b9256',
    isFeatured: true
  },
  {
    _id: ObjectId('64c23601e32f4a51b19b926e'),
    name: 'Car Cleaning Kit',
    company: '64c23350e32f4a51b19b923c',
    price: 29,
    colors: [ '#000000', '#666666', '#cc9900' ],
    image: '/images/product-car-cleaning.png',
    category: '64c2342de32f4a51b19b9254',
    isFeatured: false
  },
  {
    _id: ObjectId('64c2363be32f4a51b19b9272'),
    name: 'Modern Sofa Set',
    company: '64c23350e32f4a51b19b923f',
    price: 899,
    colors: [ '#000000', '#999999', '#cc6600' ],
    image: '/images/product-sofa-set.png',
    category: '64c2342de32f4a51b19b9258',
    isFeatured: true
  },
  {
    _id: ObjectId('64c2363be32f4a51b19b9273'),
    name: 'Silver Necklace',
    company: '64c23350e32f4a51b19b9240',
    price: 149,
    colors: [ '#ffffff', '#ffcc00', '#cc9900' ],
    image: '/images/product-necklace.png',
    category: '64c2342de32f4a51b19b9259',
    isFeatured: false
  },
  {
    _id: ObjectId('64c2363be32f4a51b19b9274'),
    name: 'Outdoor Dining Set',
    company: '64c23350e32f4a51b19b9241',
    price: 599,
    colors: [ '#333333', '#ff9900', '#660000' ],
    image: '/images/product-dining-set.png',
    category: '64c2342de32f4a51b19b925a',
    isFeatured: true
  },
  {
    _id: ObjectId('64c2363be32f4a51b19b9275'),
    name: 'Air Fryer',
    company: '64c23350e32f4a51b19b9242',
    price: 129,
    colors: [ '#000000', '#666666', '#cc9900' ],
    image: '/images/product-air-fryer.png',
    category: '64c2342de32f4a51b19b925b',
    isFeatured: false
  },
  {
    _id: ObjectId('64c23601e32f4a51b19b926d'),
    name: 'Gym Equipment Set',
    company: '64c23350e32f4a51b19b923b',
    price: 799,
    colors: [ '#333333', '#ff9900', '#660000' ],
    image: '/images/product-gym-equipment.png',
    category: '64c2342de32f4a51b19b925e',
    isFeatured: true
  },
  {
    _id: ObjectId('64c2363be32f4a51b19b9277'),
    name: 'Wireless Earbuds',
    company: '64c23350e32f4a51b19b9230',
    price: 79,
    colors: [ '#000000', '#ff0000', '#00ff00' ],
    image: '/images/product-earbuds.png',
    category: '64c2342de32f4a51b19b924e',
    isFeatured: false
  },
  {
    _id: ObjectId('64c2363be32f4a51b19b9278'),
    name: 'Robot Vacuum Cleaner',
    company: '64c23350e32f4a51b19b9231',
    price: 299,
    colors: [ '#ffffff', '#ffcc00', '#00cc99' ],
    image: '/images/product-vacuum.png',
    category: '64c2342de32f4a51b19b925b',
    isFeatured: true
  }
]
Type "it" for more
shop> db.products.find({'price' : {$nin : [69, 169, 39]}}).count()
10311
shop> db.products.find({'price' : {$gt : 699}}).count()
3053
shop> db.products.find({'price' : {$gt : 699}}).limit(5).counnt()
TypeError: db.products.fi ... mit(5).counnt is not a function
shop> db.products.find({'price' : {$gt : 699}}).limit(5).count()\
Uncaught:
SyntaxError: Expecting Unicode escape sequence \uXXXX. (1:59)

> 1 | db.products.find({'price' : {$gt : 699}}).limit(5).count()\
    |                                                            ^
  2 |

shop> db.products.find({'price' : {$gt : 699}}).limit(5).count()
5
shop> db.products.find({'price' : {$gt : 699}}).limit(5)
[
  {
    _id: ObjectId('64c23601e32f4a51b19b9263'),
    name: 'Laptop Pro',
    company: '64c23350e32f4a51b19b9231',
    price: 1299,
    colors: [ '#333333', '#cccccc', '#00ff00' ],
    image: '/images/product-laptop.png',
    category: '64c2342de32f4a51b19b924e',
    isFeatured: true
  },
  {
    _id: ObjectId('64c2363be32f4a51b19b9272'),
    name: 'Modern Sofa Set',
    company: '64c23350e32f4a51b19b923f',
    price: 899,
    colors: [ '#000000', '#999999', '#cc6600' ],
    image: '/images/product-sofa-set.png',
    category: '64c2342de32f4a51b19b9258',
    isFeatured: true
  },
  {
    _id: ObjectId('64c23601e32f4a51b19b926d'),
    name: 'Gym Equipment Set',
    company: '64c23350e32f4a51b19b923b',
    price: 799,
    colors: [ '#333333', '#ff9900', '#660000' ],
    image: '/images/product-gym-equipment.png',
    category: '64c2342de32f4a51b19b925e',
    isFeatured: true
  },
  {
    _id: ObjectId('64c236a2e32f4a51b19b9281'),
    name: 'Diamond Ring',
    company: '64c23350e32f4a51b19b923a',
    price: 1999,
    colors: [ '#000000', '#cc6600', '#663300' ],
    image: '/images/product-diamond-ring.png',
    category: '64c2342de32f4a51b19b9259',
    isFeatured: false
  },
  {
    _id: ObjectId('64c236a2e32f4a51b19b9282'),
    name: 'Outdoor Patio Set',
    company: '64c23350e32f4a51b19b923b',
    price: 1199,
    colors: [ '#333333', '#ff9900', '#660000' ],
    image: '/images/product-outdoor-patio.png',
    category: '64c2342de32f4a51b19b925a',
    isFeatured: true
  }
]
shop> db.products.find({'price' : {$gt : 699}}).limit(5).skip(2).count()
5
shop> db.products.find({'price' : {$gt : 699}}).limit(5).skip(2)
[
  {
    _id: ObjectId('64c23601e32f4a51b19b926d'),
    name: 'Gym Equipment Set',
    company: '64c23350e32f4a51b19b923b',
    price: 799,
    colors: [ '#333333', '#ff9900', '#660000' ],
    image: '/images/product-gym-equipment.png',
    category: '64c2342de32f4a51b19b925e',
    isFeatured: true
  },
  {
    _id: ObjectId('64c236a2e32f4a51b19b9281'),
    name: 'Diamond Ring',
    company: '64c23350e32f4a51b19b923a',
    price: 1999,
    colors: [ '#000000', '#cc6600', '#663300' ],
    image: '/images/product-diamond-ring.png',
    category: '64c2342de32f4a51b19b9259',
    isFeatured: false
  },
  {
    _id: ObjectId('64c236a2e32f4a51b19b9282'),
    name: 'Outdoor Patio Set',
    company: '64c23350e32f4a51b19b923b',
    price: 1199,
    colors: [ '#333333', '#ff9900', '#660000' ],
    image: '/images/product-outdoor-patio.png',
    category: '64c2342de32f4a51b19b925a',
    isFeatured: true
  },
  {
    _id: ObjectId('64c236a2e32f4a51b19b9287'),
    name: 'Modern Sofa Set',
    company: '64c23350e32f4a51b19b923f',
    price: 899,
    colors: [ '#000000', '#999999', '#cc6600' ],
    image: '/images/product-sofa-set.png',
    category: '64c2342de32f4a51b19b9258',
    isFeatured: true
  },
  {
    _id: ObjectId('64c23707e32f4a51b19b9296'),
    name: 'Diamond Ring',
    company: '64c23350e32f4a51b19b923a',
    price: 1999,
    colors: [ '#000000', '#cc6600', '#663300' ],
    image: '/images/product-diamond-ring.png',
    category: '64c2342de32f4a51b19b9259',
    isFeatured: false
  }
]
shop> db.products.find({'price' : {$gt : 699}}).limit(5).sort({price: 1})
[
  {
    _id: ObjectId('64c23edf9dc1fb2f85601a60'),
    name: 'Generic Cotton Shirt',
    company: ObjectId('64c23350e32f4a51b19b9234'),
    price: 700,
    colors: [ '#5f0c19' ],
    image: '/images/product-Small.png',
    category: ObjectId('64c2342de32f4a51b19b9252'),
    isFeatured: false,
    __v: 0
  },
  {
    _id: ObjectId('64c23edf9dc1fb2f856023e6'),
    name: 'Handmade Granite Mouse',
    company: ObjectId('64c23350e32f4a51b19b9245'),
    price: 700,
    colors: [ '#1c5054' ],
    image: '/images/product-Elegant.png',
    category: ObjectId('64c2342de32f4a51b19b9251'),
    isFeatured: false,
    __v: 0
  },
  {
    _id: ObjectId('64c23edf9dc1fb2f85602c36'),
    name: 'Licensed Soft Shirt',
    company: ObjectId('64c23350e32f4a51b19b9233'),
    price: 700,
    colors: [ '#255104' ],
    image: '/images/product-Electronic.png',
    category: ObjectId('64c2342de32f4a51b19b925e'),
    isFeatured: false,
    __v: 0
  },
  {
    _id: ObjectId('64c23edf9dc1fb2f8560254f'),
    name: 'Fantastic Bronze Table',
    company: ObjectId('64c23350e32f4a51b19b9241'),
    price: 700,
    colors: [ '#807353' ],
    image: '/images/product-Incredible.png',
    category: ObjectId('64c2342de32f4a51b19b924e'),
    isFeatured: false,
    __v: 0
  },
  {
    _id: ObjectId('64c23edf9dc1fb2f85601dfe'),
    name: 'Unbranded Fresh Chips',
    company: ObjectId('64c23350e32f4a51b19b9235'),
    price: 700,
    colors: [ '#41262c' ],
    image: '/images/product-Sleek.png',
    category: ObjectId('64c2342de32f4a51b19b9257'),
    isFeatured: false,
    __v: 0
  }
]
shop> db.products.find({'price' : {$gt : 699}}).limit(5).sort({price: -1})
[
  {
    _id: ObjectId('64c236a2e32f4a51b19b9281'),
    name: 'Diamond Ring',
    company: '64c23350e32f4a51b19b923a',
    price: 1999,
    colors: [ '#000000', '#cc6600', '#663300' ],
    image: '/images/product-diamond-ring.png',
    category: '64c2342de32f4a51b19b9259',
    isFeatured: false
  },
  {
    _id: ObjectId('64c23707e32f4a51b19b9296'),
    name: 'Diamond Ring',
    company: '64c23350e32f4a51b19b923a',
    price: 1999,
    colors: [ '#000000', '#cc6600', '#663300' ],
    image: '/images/product-diamond-ring.png',
    category: '64c2342de32f4a51b19b9259',
    isFeatured: false
  },
  {
    _id: ObjectId('64c23601e32f4a51b19b9263'),
    name: 'Laptop Pro',
    company: '64c23350e32f4a51b19b9231',
    price: 1299,
    colors: [ '#333333', '#cccccc', '#00ff00' ],
    image: '/images/product-laptop.png',
    category: '64c2342de32f4a51b19b924e',
    isFeatured: true
  },
  {
    _id: ObjectId('64c23707e32f4a51b19b9297'),
    name: 'Outdoor Patio Set',
    company: '64c23350e32f4a51b19b923b',
    price: 1199,
    colors: [ '#333333', '#ff9900', '#660000' ],
    image: '/images/product-outdoor-patio.png',
    category: '64c2342de32f4a51b19b925a',
    isFeatured: true
  },
  {
    _id: ObjectId('64c236a2e32f4a51b19b9282'),
    name: 'Outdoor Patio Set',
    company: '64c23350e32f4a51b19b923b',
    price: 1199,
    colors: [ '#333333', '#ff9900', '#660000' ],
    image: '/images/product-outdoor-patio.png',
    category: '64c2342de32f4a51b19b925a',
    isFeatured: true
  }
]
shop> db.products.find({'price' : {$gt : 699}}).limit(20).sort({price: -1})
[
  {
    _id: ObjectId('64c23707e32f4a51b19b9296'),
    name: 'Diamond Ring',
    company: '64c23350e32f4a51b19b923a',
    price: 1999,
    colors: [ '#000000', '#cc6600', '#663300' ],
    image: '/images/product-diamond-ring.png',
    category: '64c2342de32f4a51b19b9259',
    isFeatured: false
  },
  {
    _id: ObjectId('64c236a2e32f4a51b19b9281'),
    name: 'Diamond Ring',
    company: '64c23350e32f4a51b19b923a',
    price: 1999,
    colors: [ '#000000', '#cc6600', '#663300' ],
    image: '/images/product-diamond-ring.png',
    category: '64c2342de32f4a51b19b9259',
    isFeatured: false
  },
  {
    _id: ObjectId('64c23601e32f4a51b19b9263'),
    name: 'Laptop Pro',
    company: '64c23350e32f4a51b19b9231',
    price: 1299,
    colors: [ '#333333', '#cccccc', '#00ff00' ],
    image: '/images/product-laptop.png',
    category: '64c2342de32f4a51b19b924e',
    isFeatured: true
  },
  {
    _id: ObjectId('64c236a2e32f4a51b19b9282'),
    name: 'Outdoor Patio Set',
    company: '64c23350e32f4a51b19b923b',
    price: 1199,
    colors: [ '#333333', '#ff9900', '#660000' ],
    image: '/images/product-outdoor-patio.png',
    category: '64c2342de32f4a51b19b925a',
    isFeatured: true
  },
  {
    _id: ObjectId('64c23707e32f4a51b19b9297'),
    name: 'Outdoor Patio Set',
    company: '64c23350e32f4a51b19b923b',
    price: 1199,
    colors: [ '#333333', '#ff9900', '#660000' ],
    image: '/images/product-outdoor-patio.png',
    category: '64c2342de32f4a51b19b925a',
    isFeatured: true
  },
  {
    _id: ObjectId('64c23edf9dc1fb2f85601d04'),
    name: 'Licensed Soft Chicken',
    company: ObjectId('64c23350e32f4a51b19b923f'),
    price: 1000,
    colors: [ '#212e70' ],
    image: '/images/product-Refined.png',
    category: ObjectId('64c2342de32f4a51b19b9253'),
    isFeatured: false,
    __v: 0
  },
  {
    _id: ObjectId('64c23edf9dc1fb2f85602075'),
    name: 'Recycled Wooden Shirt',
    company: ObjectId('64c23350e32f4a51b19b9245'),
    price: 1000,
    colors: [ '#0b5d20' ],
    image: '/images/product-Handmade.png',
    category: ObjectId('64c2342de32f4a51b19b925a'),
    isFeatured: false,
    __v: 0
  },
  {
    _id: ObjectId('64c23edf9dc1fb2f8560190f'),
    name: 'Unbranded Bronze Bike',
    company: ObjectId('64c23350e32f4a51b19b924c'),
    price: 1000,
    colors: [ '#3f617a' ],
    image: '/images/product-Tasty.png',
    category: ObjectId('64c2342de32f4a51b19b9255'),
    isFeatured: false,
    __v: 0
  },
  {
    _id: ObjectId('64c23f13f8ffc4957dc4f1fd'),
    name: 'Intelligent Soft Fish',
    company: ObjectId('64c23350e32f4a51b19b9238'),
    price: 1000,
    colors: [ '#482338' ],
    image: '/images/product-Bespoke.png',
    category: ObjectId('64c2342de32f4a51b19b9251'),
    isFeatured: false,
    __v: 0
  },
  {
    _id: ObjectId('64c23f13f8ffc4957dc4ef90'),
    name: 'Luxurious Plastic Shoes',
    company: ObjectId('64c23350e32f4a51b19b923d'),
    price: 1000,
    colors: [ '#6b2d17' ],
    image: '/images/product-Licensed.png',
    category: ObjectId('64c2342de32f4a51b19b9255'),
    isFeatured: false,
    __v: 0
  },
  {
    _id: ObjectId('64c23edf9dc1fb2f85602596'),
    name: 'Handmade Fresh Gloves',
    company: ObjectId('64c23350e32f4a51b19b9245'),
    price: 1000,
    colors: [ '#553a33' ],
    image: '/images/product-Elegant.png',
    category: ObjectId('64c2342de32f4a51b19b925b'),
    isFeatured: false,
    __v: 0
  },
  {
    _id: ObjectId('64c23edf9dc1fb2f85601d8a'),
    name: 'Gorgeous Rubber Towels',
    company: ObjectId('64c23350e32f4a51b19b924b'),
    price: 1000,
    colors: [ '#681c56' ],
    image: '/images/product-Tasty.png',
    category: ObjectId('64c2342de32f4a51b19b9257'),
    isFeatured: false,
    __v: 0
  },
  {
    _id: ObjectId('64c23f13f8ffc4957dc4f007'),
    name: 'Oriental Concrete Chips',
    company: ObjectId('64c23350e32f4a51b19b923b'),
    price: 1000,
    colors: [ '#12240b' ],
    image: '/images/product-Generic.png',
    category: ObjectId('64c2342de32f4a51b19b9252'),
    isFeatured: false,
    __v: 0
  },
  {
    _id: ObjectId('64c23f13f8ffc4957dc4f068'),
    name: 'Recycled Wooden Sausages',
    company: ObjectId('64c23350e32f4a51b19b923e'),
    price: 1000,
    colors: [ '#3a2538' ],
    image: '/images/product-Refined.png',
    category: ObjectId('64c2342de32f4a51b19b924e'),
    isFeatured: false,
    __v: 0
  },
  {
    _id: ObjectId('64c23edf9dc1fb2f85601d93'),
    name: 'Unbranded Granite Tuna',
    company: ObjectId('64c23350e32f4a51b19b9244'),
    price: 1000,
    colors: [ '#012c4f' ],
    image: '/images/product-Recycled.png',
    category: ObjectId('64c2342de32f4a51b19b925d'),
    isFeatured: false,
    __v: 0
  },
  {
    _id: ObjectId('64c23f13f8ffc4957dc4f19a'),
    name: 'Refined Granite Table',
    company: ObjectId('64c23350e32f4a51b19b924c'),
    price: 1000,
    colors: [ '#602947' ],
    image: '/images/product-Handmade.png',
    category: ObjectId('64c2342de32f4a51b19b9258'),
    isFeatured: false,
    __v: 0
  },
  {
    _id: ObjectId('64c23f13f8ffc4957dc4f378'),
    name: 'Unbranded Granite Soap',
    company: ObjectId('64c23350e32f4a51b19b924b'),
    price: 1000,
    colors: [ '#43456e' ],
    image: '/images/product-Recycled.png',
    category: ObjectId('64c2342de32f4a51b19b9252'),
    isFeatured: false,
    __v: 0
  },
  {
    _id: ObjectId('64c23f13f8ffc4957dc4f36a'),
    name: 'Sleek Plastic Mouse',
    company: ObjectId('64c23350e32f4a51b19b9240'),
    price: 1000,
    colors: [ '#6e0a10' ],
    image: '/images/product-Ergonomic.png',
    category: ObjectId('64c2342de32f4a51b19b925d'),
    isFeatured: false,
    __v: 0
  },
  {
    _id: ObjectId('64c23f13f8ffc4957dc4f0be'),
    name: 'Sleek Frozen Ball',
    company: ObjectId('64c23350e32f4a51b19b9233'),
    price: 1000,
    colors: [ '#6c1a66' ],
    image: '/images/product-Elegant.png',
    category: ObjectId('64c2342de32f4a51b19b925d'),
    isFeatured: false,
    __v: 0
  },
  {
    _id: ObjectId('64c23edf9dc1fb2f856025eb'),
    name: 'Awesome Plastic Ball',
    company: ObjectId('64c23350e32f4a51b19b9242'),
    price: 1000,
    colors: [ '#7a536c' ],
    image: '/images/product-Intelligent.png',
    category: ObjectId('64c2342de32f4a51b19b925c'),
    isFeatured: false,
    __v: 0
  }
]
shop> db.products.find({'price' : {$gt : 699}}).limit(20).sort({price: 1})
[
  {
    _id: ObjectId('64c23f13f8ffc4957dc4f999'),
    name: 'Fantastic Soft Mouse',
    company: ObjectId('64c23350e32f4a51b19b9247'),
    price: 700,
    colors: [ '#2d7e2b' ],
    image: '/images/product-Handmade.png',
    category: ObjectId('64c2342de32f4a51b19b9251'),
    isFeatured: false,
    __v: 0
  },
  {
    _id: ObjectId('64c23edf9dc1fb2f85601a60'),
    name: 'Generic Cotton Shirt',
    company: ObjectId('64c23350e32f4a51b19b9234'),
    price: 700,
    colors: [ '#5f0c19' ],
    image: '/images/product-Small.png',
    category: ObjectId('64c2342de32f4a51b19b9252'),
    isFeatured: false,
    __v: 0
  },
  {
    _id: ObjectId('64c23edf9dc1fb2f85601dfe'),
    name: 'Unbranded Fresh Chips',
    company: ObjectId('64c23350e32f4a51b19b9235'),
    price: 700,
    colors: [ '#41262c' ],
    image: '/images/product-Sleek.png',
    category: ObjectId('64c2342de32f4a51b19b9257'),
    isFeatured: false,
    __v: 0
  },
  {
    _id: ObjectId('64c23edf9dc1fb2f856023e6'),
    name: 'Handmade Granite Mouse',
    company: ObjectId('64c23350e32f4a51b19b9245'),
    price: 700,
    colors: [ '#1c5054' ],
    image: '/images/product-Elegant.png',
    category: ObjectId('64c2342de32f4a51b19b9251'),
    isFeatured: false,
    __v: 0
  },
  {
    _id: ObjectId('64c23f13f8ffc4957dc4f612'),
    name: 'Generic Soft Hat',
    company: ObjectId('64c23350e32f4a51b19b9248'),
    price: 700,
    colors: [ '#1b1f2b' ],
    image: '/images/product-Small.png',
    category: ObjectId('64c2342de32f4a51b19b9259'),
    isFeatured: false,
    __v: 0
  },
  {
    _id: ObjectId('64c23edf9dc1fb2f85602c36'),
    name: 'Licensed Soft Shirt',
    company: ObjectId('64c23350e32f4a51b19b9233'),
    price: 700,
    colors: [ '#255104' ],
    image: '/images/product-Electronic.png',
    category: ObjectId('64c2342de32f4a51b19b925e'),
    isFeatured: false,
    __v: 0
  },
  {
    _id: ObjectId('64c23f13f8ffc4957dc4fafd'),
    name: 'Electronic Wooden Chicken',
    company: ObjectId('64c23350e32f4a51b19b923a'),
    price: 700,
    colors: [ '#172a66' ],
    image: '/images/product-Unbranded.png',
    category: ObjectId('64c2342de32f4a51b19b925d'),
    isFeatured: false,
    __v: 0
  },
  {
    _id: ObjectId('64c23f13f8ffc4957dc4ffcd'),
    name: 'Oriental Concrete Chicken',
    company: ObjectId('64c23350e32f4a51b19b924b'),
    price: 700,
    colors: [ '#262255' ],
    image: '/images/product-Practical.png',
    category: ObjectId('64c2342de32f4a51b19b9258'),
    isFeatured: false,
    __v: 0
  },
  {
    _id: ObjectId('64c23f13f8ffc4957dc4f2c0'),
    name: 'Ergonomic Granite Salad',
    company: ObjectId('64c23350e32f4a51b19b9235'),
    price: 700,
    colors: [ '#4c142d' ],
    image: '/images/product-Sleek.png',
    category: ObjectId('64c2342de32f4a51b19b925a'),
    isFeatured: false,
    __v: 0
  },
  {
    _id: ObjectId('64c23edf9dc1fb2f8560254f'),
    name: 'Fantastic Bronze Table',
    company: ObjectId('64c23350e32f4a51b19b9241'),
    price: 700,
    colors: [ '#807353' ],
    image: '/images/product-Incredible.png',
    category: ObjectId('64c2342de32f4a51b19b924e'),
    isFeatured: false,
    __v: 0
  },
  {
    _id: ObjectId('64c23edf9dc1fb2f85602b5a'),
    name: 'Tasty Cotton Chicken',
    company: ObjectId('64c23350e32f4a51b19b923a'),
    price: 701,
    colors: [ '#554d1b' ],
    image: '/images/product-Incredible.png',
    category: ObjectId('64c2342de32f4a51b19b9254'),
    isFeatured: false,
    __v: 0
  },
  {
    _id: ObjectId('64c23edf9dc1fb2f85602477'),
    name: 'Rustic Steel Car',
    company: ObjectId('64c23350e32f4a51b19b9240'),
    price: 701,
    colors: [ '#31201b' ],
    image: '/images/product-Licensed.png',
    category: ObjectId('64c2342de32f4a51b19b925e'),
    isFeatured: false,
    __v: 0
  },
  {
    _id: ObjectId('64c23f13f8ffc4957dc4fd66'),
    name: 'Handcrafted Soft Cheese',
    company: ObjectId('64c23350e32f4a51b19b923a'),
    price: 701,
    colors: [ '#2d592c' ],
    image: '/images/product-Licensed.png',
    category: ObjectId('64c2342de32f4a51b19b925f'),
    isFeatured: false,
    __v: 0
  },
  {
    _id: ObjectId('64c23f13f8ffc4957dc4f47f'),
    name: 'Rustic Granite Gloves',
    company: ObjectId('64c23350e32f4a51b19b9239'),
    price: 701,
    colors: [ '#262a4b' ],
    image: '/images/product-Incredible.png',
    category: ObjectId('64c2342de32f4a51b19b925f'),
    isFeatured: false,
    __v: 0
  },
  {
    _id: ObjectId('64c23f13f8ffc4957dc4f3d4'),
    name: 'Fantastic Plastic Chair',
    company: ObjectId('64c23350e32f4a51b19b9231'),
    price: 701,
    colors: [ '#1e593a' ],
    image: '/images/product-Intelligent.png',
    category: ObjectId('64c2342de32f4a51b19b9260'),
    isFeatured: false,
    __v: 0
  },
  {
    _id: ObjectId('64c23f13f8ffc4957dc4f267'),
    name: 'Small Wooden Shirt',
    company: ObjectId('64c23350e32f4a51b19b924b'),
    price: 701,
    colors: [ '#7f3327' ],
    image: '/images/product-Modern.png',
    category: ObjectId('64c2342de32f4a51b19b9259'),
    isFeatured: false,
    __v: 0
  },
  {
    _id: ObjectId('64c23edf9dc1fb2f8560211d'),
    name: 'Refined Steel Soap',
    company: ObjectId('64c23350e32f4a51b19b923c'),
    price: 702,
    colors: [ '#80601a' ],
    image: '/images/product-Practical.png',
    category: ObjectId('64c2342de32f4a51b19b9251'),
    isFeatured: false,
    __v: 0
  },
  {
    _id: ObjectId('64c23edf9dc1fb2f8560217c'),
    name: 'Rustic Bronze Hat',
    company: ObjectId('64c23350e32f4a51b19b9238'),
    price: 702,
    colors: [ '#021e4d' ],
    image: '/images/product-Unbranded.png',
    category: ObjectId('64c2342de32f4a51b19b925c'),
    isFeatured: false,
    __v: 0
  },
  {
    _id: ObjectId('64c23f13f8ffc4957dc4f27e'),
    name: 'Bespoke Wooden Shirt',
    company: ObjectId('64c23350e32f4a51b19b923b'),
    price: 702,
    colors: [ '#1b2641' ],
    image: '/images/product-Fantastic.png',
    category: ObjectId('64c2342de32f4a51b19b925e'),
    isFeatured: false,
    __v: 0
  },
  {
    _id: ObjectId('64c23edf9dc1fb2f85602c0a'),
    name: 'Intelligent Fresh Sausages',
    company: ObjectId('64c23350e32f4a51b19b9234'),
    price: 702,
    colors: [ '#5a7479' ],
    image: '/images/product-Incredible.png',
    category: ObjectId('64c2342de32f4a51b19b9256'),
    isFeatured: false,
    __v: 0
  }
]
shop> db.products.find({'price' : {$nin : [69, 169, 39]}}).count()
10311
shop> db.products.find({'price' : {$in : [69, 169, 39]}}).count()
44
shop> db.products.find({'price' : {$in : [69, 169, 39]}}).limit(1)
[
  {
    _id: ObjectId('64c23601e32f4a51b19b926f'),
    name: 'Cookbook Collection',
    company: '64c23350e32f4a51b19b923d',
    price: 69,
    colors: [ '#ffffff', '#ff9900', '#0099ff' ],
    image: '/images/product-cookbook.png',
    category: '64c2342de32f4a51b19b9255',
    isFeatured: true
  }
]
shop> db.products.find({'price' : {$in : [69, 169, 39]}}).limit(2)
[
  {
    _id: ObjectId('64c23601e32f4a51b19b926f'),
    name: 'Cookbook Collection',
    company: '64c23350e32f4a51b19b923d',
    price: 69,
    colors: [ '#ffffff', '#ff9900', '#0099ff' ],
    image: '/images/product-cookbook.png',
    category: '64c2342de32f4a51b19b9255',
    isFeatured: true
  },
  {
    _id: ObjectId('64c2363be32f4a51b19b9271'),
    name: 'Pet Grooming Kit',
    company: '64c23350e32f4a51b19b923e',
    price: 39,
    colors: [ '#ffffff', '#ffcc00', '#99cc00' ],
    image: '/images/product-pet-grooming.png',
    category: '64c2342de32f4a51b19b9257',
    isFeatured: false
  }
]
shop> db.products.find({'price' : {$in : [69, 169, 39]}}).limit(2).skip(1)
[
  {
    _id: ObjectId('64c2363be32f4a51b19b9271'),
    name: 'Pet Grooming Kit',
    company: '64c23350e32f4a51b19b923e',
    price: 39,
    colors: [ '#ffffff', '#ffcc00', '#99cc00' ],
    image: '/images/product-pet-grooming.png',
    category: '64c2342de32f4a51b19b9257',
    isFeatured: false
  },
  {
    _id: ObjectId('64c2363be32f4a51b19b9276'),
    name: 'Kids Educational Toys',
    company: '64c23350e32f4a51b19b9243',
    price: 39,
    colors: [ '#ffffff', '#ff9900', '#0099ff' ],
    image: '/images/product-educational-toys.png',
    category: '64c2342de32f4a51b19b9253',
    isFeatured: true
  }
]
shop> db.products.find({'price' : {$nin : [69, 169, 39]}}).limit(2).sort({1})
Uncaught:
SyntaxError: Unexpected token (1:69)

> 1 | db.products.find({'price' : {$nin : [69, 169, 39]}}).limit(2).sort({1})
    |                                                                      ^
  2 |

shop> db.products.find({'price' : {$nin : [69, 169, 39]}}).limit(5)
[
  {
    _id: ObjectId('64c23601e32f4a51b19b9263'),
    name: 'Laptop Pro',
    company: '64c23350e32f4a51b19b9231',
    price: 1299,
    colors: [ '#333333', '#cccccc', '#00ff00' ],
    image: '/images/product-laptop.png',
    category: '64c2342de32f4a51b19b924e',
    isFeatured: true
  },
  {
    _id: ObjectId('64c23601e32f4a51b19b9264'),
    name: 'Smart Watch',
    company: '64c23350e32f4a51b19b9232',
    price: 249,
    colors: [ '#000000', '#ff0000', '#00ff00' ],
    image: '/images/product-smartwatch.png',
    category: '64c2342de32f4a51b19b924e',
    isFeatured: false
  },
  {
    _id: ObjectId('64c23601e32f4a51b19b9262'),
    name: 'Smartphone Model X',
    company: '64c23350e32f4a51b19b9230',
    price: 699,
    colors: [ '#000000', '#ffffff', '#ff0000' ],
    image: '/images/product-smartphone.png',
    category: '64c2342de32f4a51b19b924e',
    isFeatured: false
  },
  {
    _id: ObjectId('64c23601e32f4a51b19b9266'),
    name: 'Fashionable Sunglasses',
    company: '64c23350e32f4a51b19b9234',
    price: 129,
    colors: [ '#000000', '#666666', '#ffcc00' ],
    image: '/images/product-sunglasses.png',
    category: '64c2342de32f4a51b19b9250',
    isFeatured: false
  },
  {
    _id: ObjectId('64c23601e32f4a51b19b9267'),
    name: 'Skin Care Set',
    company: '64c23350e32f4a51b19b9235',
    price: 59,
    colors: [ '#ffffff', '#ff99cc', '#00cc99' ],
    image: '/images/product-skincare.png',
    category: '64c2342de32f4a51b19b9251',
    isFeatured: true
  }
]
shop> db.products.find({'price' : {$nin : [69, 169, 39]}}).limit(5).sort({"price" : 1})
[
  {
    _id: ObjectId('64c23edf9dc1fb2f85601aef'),
    name: 'Intelligent Fresh Bacon',
    company: ObjectId('64c23350e32f4a51b19b9247'),
    price: 1,
    colors: [ '#4f4b6b' ],
    image: '/images/product-Handmade.png',
    category: ObjectId('64c2342de32f4a51b19b9256'),
    isFeatured: false,
    __v: 0
  },
  {
    _id: ObjectId('64c23edf9dc1fb2f856019ba'),
    name: 'Tasty Cotton Shoes',
    company: ObjectId('64c23350e32f4a51b19b924b'),
    price: 1,
    colors: [ '#7d4625' ],
    image: '/images/product-Luxurious.png',
    category: ObjectId('64c2342de32f4a51b19b925e'),
    isFeatured: false,
    __v: 0
  },
  {
    _id: ObjectId('64c23edf9dc1fb2f85602190'),
    name: 'Rustic Granite Computer',
    company: ObjectId('64c23350e32f4a51b19b923d'),
    price: 1,
    colors: [ '#643d0a' ],
    image: '/images/product-Handcrafted.png',
    category: ObjectId('64c2342de32f4a51b19b9258'),
    isFeatured: false,
    __v: 0
  },
  {
    _id: ObjectId('64c23edf9dc1fb2f85601b03'),
    name: 'Bespoke Metal Hat',
    company: ObjectId('64c23350e32f4a51b19b923d'),
    price: 1,
    colors: [ '#5f295f' ],
    image: '/images/product-Unbranded.png',
    category: ObjectId('64c2342de32f4a51b19b9261'),
    isFeatured: false,
    __v: 0
  },
  {
    _id: ObjectId('64c23e543e180eb8a268302f'),
    name: 'Small Fresh Ball',
    company: ObjectId('64c23350e32f4a51b19b924c'),
    price: 1,
    colors: [ '#176e6d' ],
    image: '/images/product-Oriental.png',
    category: ObjectId('64c2342de32f4a51b19b9252'),
    isFeatured: false,
    __v: 0
  }
]
shop> db.products.find({'price' : {$gt : 1250}}).limit(5).sort({"price" : 1})
[
  {
    _id: ObjectId('64c23601e32f4a51b19b9263'),
    name: 'Laptop Pro',
    company: '64c23350e32f4a51b19b9231',
    price: 1299,
    colors: [ '#333333', '#cccccc', '#00ff00' ],
    image: '/images/product-laptop.png',
    category: '64c2342de32f4a51b19b924e',
    isFeatured: true
  },
  {
    _id: ObjectId('64c236a2e32f4a51b19b9281'),
    name: 'Diamond Ring',
    company: '64c23350e32f4a51b19b923a',
    price: 1999,
    colors: [ '#000000', '#cc6600', '#663300' ],
    image: '/images/product-diamond-ring.png',
    category: '64c2342de32f4a51b19b9259',
    isFeatured: false
  },
  {
    _id: ObjectId('64c23707e32f4a51b19b9296'),
    name: 'Diamond Ring',
    company: '64c23350e32f4a51b19b923a',
    price: 1999,
    colors: [ '#000000', '#cc6600', '#663300' ],
    image: '/images/product-diamond-ring.png',
    category: '64c2342de32f4a51b19b9259',
    isFeatured: false
  }
]
shop> db.products.find({$and: [{'price' : {$gt: 100}}, {'name' : "Diamong Ring"}]})

shop> db.products.find({$and: [{'price' : {$gt: 100}}, {'name' : 'Diamond Ring'}]})
[
  {
    _id: ObjectId('64c236a2e32f4a51b19b9281'),
    name: 'Diamond Ring',
    company: '64c23350e32f4a51b19b923a',
    price: 1999,
    colors: [ '#000000', '#cc6600', '#663300' ],
    image: '/images/product-diamond-ring.png',
    category: '64c2342de32f4a51b19b9259',
    isFeatured: false
  },
  {
    _id: ObjectId('64c23707e32f4a51b19b9296'),
    name: 'Diamond Ring',
    company: '64c23350e32f4a51b19b923a',
    price: 1999,
    colors: [ '#000000', '#cc6600', '#663300' ],
    image: '/images/product-diamond-ring.png',
    category: '64c2342de32f4a51b19b9259',
    isFeatured: false
  }
]
shop> db.products.find({$and: [{'price' : {$gt: 2000}}, {'name' : 'Diamond Ring'}]})

shop> db.products.find({$and: [{'price' : {$gt: 1500}}, {'name' : 'Diamond Ring'}]})
[
  {
    _id: ObjectId('64c236a2e32f4a51b19b9281'),
    name: 'Diamond Ring',
    company: '64c23350e32f4a51b19b923a',
    price: 1999,
    colors: [ '#000000', '#cc6600', '#663300' ],
    image: '/images/product-diamond-ring.png',
    category: '64c2342de32f4a51b19b9259',
    isFeatured: false
  },
  {
    _id: ObjectId('64c23707e32f4a51b19b9296'),
    name: 'Diamond Ring',
    company: '64c23350e32f4a51b19b923a',
    price: 1999,
    colors: [ '#000000', '#cc6600', '#663300' ],
    image: '/images/product-diamond-ring.png',
    category: '64c2342de32f4a51b19b9259',
    isFeatured: false
  }
]
shop> db.products.find({'price' : {$gt: 1500}}, 'name' : 'Diamond Ring'})
Uncaught:
SyntaxError: Unexpected token, expected "," (1:49)

> 1 | db.products.find({'price' : {$gt: 1500}}, 'name' : 'Diamond Ring'})
    |                                                  ^
  2 |

shop> db.products.find({'price' : {$gt: 1500}, 'name' : 'Diamond Ring'})
[
  {
    _id: ObjectId('64c236a2e32f4a51b19b9281'),
    name: 'Diamond Ring',
    company: '64c23350e32f4a51b19b923a',
    price: 1999,
    colors: [ '#000000', '#cc6600', '#663300' ],
    image: '/images/product-diamond-ring.png',
    category: '64c2342de32f4a51b19b9259',
    isFeatured: false
  },
  {
    _id: ObjectId('64c23707e32f4a51b19b9296'),
    name: 'Diamond Ring',
    company: '64c23350e32f4a51b19b923a',
    price: 1999,
    colors: [ '#000000', '#cc6600', '#663300' ],
    image: '/images/product-diamond-ring.png',
    category: '64c2342de32f4a51b19b9259',
    isFeatured: false
  }
]
shop> db.products.find({$or: [{'price' : {$gt: 1500}}, {'name' : 'Diamond Ring'}]})
[
  {
    _id: ObjectId('64c236a2e32f4a51b19b9281'),
    name: 'Diamond Ring',
    company: '64c23350e32f4a51b19b923a',
    price: 1999,
    colors: [ '#000000', '#cc6600', '#663300' ],
    image: '/images/product-diamond-ring.png',
    category: '64c2342de32f4a51b19b9259',
    isFeatured: false
  },
  {
    _id: ObjectId('64c23707e32f4a51b19b9296'),
    name: 'Diamond Ring',
    company: '64c23350e32f4a51b19b923a',
    price: 1999,
    colors: [ '#000000', '#cc6600', '#663300' ],
    image: '/images/product-diamond-ring.png',
    category: '64c2342de32f4a51b19b9259',
    isFeatured: false
  }
]
shop> db.products.find({$or: [{'price' : {$gt: 2000}}, {'name' : 'Diamond Ring'}]})
[
  {
    _id: ObjectId('64c236a2e32f4a51b19b9281'),
    name: 'Diamond Ring',
    company: '64c23350e32f4a51b19b923a',
    price: 1999,
    colors: [ '#000000', '#cc6600', '#663300' ],
    image: '/images/product-diamond-ring.png',
    category: '64c2342de32f4a51b19b9259',
    isFeatured: false
  },
  {
    _id: ObjectId('64c23707e32f4a51b19b9296'),
    name: 'Diamond Ring',
    company: '64c23350e32f4a51b19b923a',
    price: 1999,
    colors: [ '#000000', '#cc6600', '#663300' ],
    image: '/images/product-diamond-ring.png',
    category: '64c2342de32f4a51b19b9259',
    isFeatured: false
  }
]
shop> db.products.find({$or: [{'price' : {$gt: 699}}, {'name' : 'Diamond Ring'}]})
[
  {
    _id: ObjectId('64c23601e32f4a51b19b9263'),
    name: 'Laptop Pro',
    company: '64c23350e32f4a51b19b9231',
    price: 1299,
    colors: [ '#333333', '#cccccc', '#00ff00' ],
    image: '/images/product-laptop.png',
    category: '64c2342de32f4a51b19b924e',
    isFeatured: true
  },
  {
    _id: ObjectId('64c2363be32f4a51b19b9272'),
    name: 'Modern Sofa Set',
    company: '64c23350e32f4a51b19b923f',
    price: 899,
    colors: [ '#000000', '#999999', '#cc6600' ],
    image: '/images/product-sofa-set.png',
    category: '64c2342de32f4a51b19b9258',
    isFeatured: true
  },
  {
    _id: ObjectId('64c23601e32f4a51b19b926d'),
    name: 'Gym Equipment Set',
    company: '64c23350e32f4a51b19b923b',
    price: 799,
    colors: [ '#333333', '#ff9900', '#660000' ],
    image: '/images/product-gym-equipment.png',
    category: '64c2342de32f4a51b19b925e',
    isFeatured: true
  },
  {
    _id: ObjectId('64c236a2e32f4a51b19b9281'),
    name: 'Diamond Ring',
    company: '64c23350e32f4a51b19b923a',
    price: 1999,
    colors: [ '#000000', '#cc6600', '#663300' ],
    image: '/images/product-diamond-ring.png',
    category: '64c2342de32f4a51b19b9259',
    isFeatured: false
  },
  {
    _id: ObjectId('64c236a2e32f4a51b19b9282'),
    name: 'Outdoor Patio Set',
    company: '64c23350e32f4a51b19b923b',
    price: 1199,
    colors: [ '#333333', '#ff9900', '#660000' ],
    image: '/images/product-outdoor-patio.png',
    category: '64c2342de32f4a51b19b925a',
    isFeatured: true
  },
  {
    _id: ObjectId('64c236a2e32f4a51b19b9287'),
    name: 'Modern Sofa Set',
    company: '64c23350e32f4a51b19b923f',
    price: 899,
    colors: [ '#000000', '#999999', '#cc6600' ],
    image: '/images/product-sofa-set.png',
    category: '64c2342de32f4a51b19b9258',
    isFeatured: true
  },
  {
    _id: ObjectId('64c23707e32f4a51b19b9296'),
    name: 'Diamond Ring',
    company: '64c23350e32f4a51b19b923a',
    price: 1999,
    colors: [ '#000000', '#cc6600', '#663300' ],
    image: '/images/product-diamond-ring.png',
    category: '64c2342de32f4a51b19b9259',
    isFeatured: false
  },
  {
    _id: ObjectId('64c23707e32f4a51b19b9297'),
    name: 'Outdoor Patio Set',
    company: '64c23350e32f4a51b19b923b',
    price: 1199,
    colors: [ '#333333', '#ff9900', '#660000' ],
    image: '/images/product-outdoor-patio.png',
    category: '64c2342de32f4a51b19b925a',
    isFeatured: true
  },
  {
    _id: ObjectId('64c23762e32f4a51b19b92a2'),
    name: 'Smart LED TV',
    company: '64c23350e32f4a51b19b9232',
    price: 799,
    colors: [ '#000000', '#999999', '#00ff00' ],
    image: '/images/product-smart-tv.png',
    category: '64c2342de32f4a51b19b924e',
    isFeatured: true
  },
  {
    _id: ObjectId('64c23825e32f4a51b19b92b4'),
    name: 'Ultra HD Smart TV',
    company: '64c23350e32f4a51b19b9230',
    price: 899,
    colors: [ '#000000', '#999999', '#00ff00' ],
    image: '/images/product-ultra-hd-tv.png',
    category: '64c2342de32f4a51b19b924e',
    isFeatured: true
  },
  {
    _id: ObjectId('64c23947e32f4a51b19b92ce'),
    name: 'Smart Refrigerator',
    company: '64c23350e32f4a51b19b9246',
    price: 899,
    colors: [ '#333333', '#ff9900', '#990000' ],
    image: '/images/product-smart-refrigerator.png',
    category: '64c2342de32f4a51b19b924e',
    isFeatured: true
  },
  {
    _id: ObjectId('64c239f1e32f4a51b19b92f1'),
    name: 'Smart Refrigerator',
    company: '64c23350e32f4a51b19b924c',
    price: 899,
    colors: [ '#333333', '#ff9900', '#990000' ],
    image: '/images/product-smart-refrigerator.png',
    category: '64c2342de32f4a51b19b924e',
    isFeatured: true
  },
  {
    _id: ObjectId('64c23e533e180eb8a2682fe5'),
    name: 'Bespoke Concrete Tuna',
    company: ObjectId('64c23350e32f4a51b19b923b'),
    price: 819,
    colors: [ '#7a6230' ],
    image: '/images/product-Handcrafted.png',
    category: ObjectId('64c2342de32f4a51b19b9252'),
    isFeatured: false,
    __v: 0
  },
  {
    _id: ObjectId('64c23e533e180eb8a2682fe8'),
    name: 'Luxurious Cotton Chips',
    company: ObjectId('64c23350e32f4a51b19b9236'),
    price: 838,
    colors: [ '#797f11' ],
    image: '/images/product-Oriental.png',
    category: ObjectId('64c2342de32f4a51b19b925c'),
    isFeatured: false,
    __v: 0
  },
  {
    _id: ObjectId('64c23e533e180eb8a2682fe7'),
    name: 'Incredible Concrete Shoes',
    company: ObjectId('64c23350e32f4a51b19b9239'),
    price: 735,
    colors: [ '#7c5922' ],
    image: '/images/product-Modern.png',
    category: ObjectId('64c2342de32f4a51b19b925a'),
    isFeatured: false,
    __v: 0
  },
  {
    _id: ObjectId('64c23e533e180eb8a2682feb'),
    name: 'Fantastic Metal Mouse',
    company: ObjectId('64c23350e32f4a51b19b924b'),
    price: 985,
    colors: [ '#01272b' ],
    image: '/images/product-Licensed.png',
    category: ObjectId('64c2342de32f4a51b19b925e'),
    isFeatured: false,
    __v: 0
  },
  {
    _id: ObjectId('64c23e533e180eb8a2682fec'),
    name: 'Ergonomic Plastic Pants',
    company: ObjectId('64c23350e32f4a51b19b9243'),
    price: 974,
    colors: [ '#7f0f08' ],
    image: '/images/product-Modern.png',
    category: ObjectId('64c2342de32f4a51b19b9251'),
    isFeatured: false,
    __v: 0
  },
  {
    _id: ObjectId('64c23e533e180eb8a2682fee'),
    name: 'Fantastic Plastic Table',
    company: ObjectId('64c23350e32f4a51b19b9243'),
    price: 822,
    colors: [ '#732c7d' ],
    image: '/images/product-Generic.png',
    category: ObjectId('64c2342de32f4a51b19b9260'),
    isFeatured: false,
    __v: 0
  },
  {
    _id: ObjectId('64c23e543e180eb8a2682ff2'),
    name: 'Rustic Plastic Chips',
    company: ObjectId('64c23350e32f4a51b19b9237'),
    price: 913,
    colors: [ '#6b2e66' ],
    image: '/images/product-Tasty.png',
    category: ObjectId('64c2342de32f4a51b19b9251'),
    isFeatured: false,
    __v: 0
  },
  {
    _id: ObjectId('64c23e543e180eb8a2682ff3'),
    name: 'Refined Rubber Tuna',
    company: ObjectId('64c23350e32f4a51b19b9236'),
    price: 997,
    colors: [ '#4d3715' ],
    image: '/images/product-Refined.png',
    category: ObjectId('64c2342de32f4a51b19b9254'),
    isFeatured: false,
    __v: 0
  }
]
Type "it" for more
shop> db.products.find({$or: [{'price' : {$gt: 699}}, {'name' : 'Diamond Ring'}]}).count()
3053
shop> db.products.find({$or: [{'price' : {$gt: 699}}, {'name' : 'Diamond Ring'}]}).count()
3053
shop> db.products.find({$or: [{'price' : {$gt: 2000}}, {'name' : 'Diamond Ring'}]}).count()
2
shop> db.products.find({$or: [{'price' : {$gt: 7000}}, {'name' : 'Diamond Ring'}]}).count()
2
shop> db.products.find({$nor: [{'price' : {$gt: 7000}}, {'name' : 'Diamond Ring'}]}).count()
10353
shop> db.products.find({$nor: [{'price' : {$gt: 500}}, {'name' : 'Diamond Ring'}]}).count()
5246
shop> db.products.find({$nor: [{'price' : {$gt: 20}}, {'name' : 'Diamond Ring'}]}).count()
228
shop> db.products.find({'price' : 100})
[
  {
    _id: ObjectId('64c23edf9dc1fb2f85601c81'),
    name: 'Tasty Metal Table',
    company: ObjectId('64c23350e32f4a51b19b924d'),
    price: 100,
    colors: [ '#657d0a' ],
    image: '/images/product-Fantastic.png',
    category: ObjectId('64c2342de32f4a51b19b9257'),
    isFeatured: false,
    __v: 0
  },
  {
    _id: ObjectId('64c23edf9dc1fb2f8560229d'),
    name: 'Elegant Bronze Chips',
    company: ObjectId('64c23350e32f4a51b19b9246'),
    price: 100,
    colors: [ '#09265f' ],
    image: '/images/product-Intelligent.png',
    category: ObjectId('64c2342de32f4a51b19b9255'),
    isFeatured: false,
    __v: 0
  },
  {
    _id: ObjectId('64c23edf9dc1fb2f856027ff'),
    name: 'Handmade Plastic Computer',
    company: ObjectId('64c23350e32f4a51b19b9239'),
    price: 100,
    colors: [ '#565f50' ],
    image: '/images/product-Oriental.png',
    category: ObjectId('64c2342de32f4a51b19b925b'),
    isFeatured: false,
    __v: 0
  },
  {
    _id: ObjectId('64c23edf9dc1fb2f856028f3'),
    name: 'Licensed Rubber Mouse',
    company: ObjectId('64c23350e32f4a51b19b923c'),
    price: 100,
    colors: [ '#0f5a27' ],
    image: '/images/product-Elegant.png',
    category: ObjectId('64c2342de32f4a51b19b9250'),
    isFeatured: false,
    __v: 0
  },
  {
    _id: ObjectId('64c23edf9dc1fb2f856029c5'),
    name: 'Gorgeous Concrete Sausages',
    company: ObjectId('64c23350e32f4a51b19b924d'),
    price: 100,
    colors: [ '#71224d' ],
    image: '/images/product-Unbranded.png',
    category: ObjectId('64c2342de32f4a51b19b9254'),
    isFeatured: false,
    __v: 0
  },
  {
    _id: ObjectId('64c23f13f8ffc4957dc4f2c2'),
    name: 'Small Cotton Fish',
    company: ObjectId('64c23350e32f4a51b19b9231'),
    price: 100,
    colors: [ '#767801' ],
    image: '/images/product-Sleek.png',
    category: ObjectId('64c2342de32f4a51b19b925b'),
    isFeatured: false,
    __v: 0
  },
  {
    _id: ObjectId('64c23f13f8ffc4957dc4fb78'),
    name: 'Oriental Soft Chair',
    company: ObjectId('64c23350e32f4a51b19b9243'),
    price: 100,
    colors: [ '#550121' ],
    image: '/images/product-Generic.png',
    category: ObjectId('64c2342de32f4a51b19b925d'),
    isFeatured: false,
    __v: 0
  }
]
shop> db.products.find({'price' : 100}).count()
7
shop> db.products.find({'price' : {$not : {$eq: 100}}}).count()
10348
shop> db.products.find({'price' : {$neq: 100}}).count()
MongoServerError[BadValue]: unknown operator: $neq
shop> db.products.find({'price' : {$ne : 100}}).count()
10348
shop> db.products.find({'price' : {$gt : 1200}}).count
[Function: count] AsyncFunction {
  deprecated: true,
  returnsPromise: true,
  serverVersions: [ '0.0.0', '4.0.0' ],
  apiVersions: [ 0, Infinity ],
  topologies: [ 'ReplSet', 'Sharded', 'LoadBalanced', 'Standalone' ],
  returnType: { type: 'unknown', attributes: {} },
  platforms: [ 'Compass', 'Browser', 'CLI' ],
  isDirectShellCommand: false,
  acceptsRawInput: false,
  shellCommandCompleter: undefined,
  newShellCommandCompleter: undefined,
  help: [Function (anonymous)] Help
}
shop> db.products.find({'price' : {$gt : 1200}}).count()
3
shop> db.products.find({'price' : {$gt : 1200}})
[
  {
    _id: ObjectId('64c23601e32f4a51b19b9263'),
    name: 'Laptop Pro',
    company: '64c23350e32f4a51b19b9231',
    price: 1299,
    colors: [ '#333333', '#cccccc', '#00ff00' ],
    image: '/images/product-laptop.png',
    category: '64c2342de32f4a51b19b924e',
    isFeatured: true
  },
  {
    _id: ObjectId('64c236a2e32f4a51b19b9281'),
    name: 'Diamond Ring',
    company: '64c23350e32f4a51b19b923a',
    price: 1999,
    colors: [ '#000000', '#cc6600', '#663300' ],
    image: '/images/product-diamond-ring.png',
    category: '64c2342de32f4a51b19b9259',
    isFeatured: false
  },
  {
    _id: ObjectId('64c23707e32f4a51b19b9296'),
    name: 'Diamond Ring',
    company: '64c23350e32f4a51b19b923a',
    price: 1999,
    colors: [ '#000000', '#cc6600', '#663300' ],
    image: '/images/product-diamond-ring.png',
    category: '64c2342de32f4a51b19b9259',
    isFeatured: false
  }
]
shop> db.products.find({ $expr : {$gt : ['$price', 699]}}).count()
3053
shop> db.products.find({ $expr : {$gt : ['$price', 699]}})
[
  {
    _id: ObjectId('64c23601e32f4a51b19b9263'),
    name: 'Laptop Pro',
    company: '64c23350e32f4a51b19b9231',
    price: 1299,
    colors: [ '#333333', '#cccccc', '#00ff00' ],
    image: '/images/product-laptop.png',
    category: '64c2342de32f4a51b19b924e',
    isFeatured: true
  },
  {
    _id: ObjectId('64c2363be32f4a51b19b9272'),
    name: 'Modern Sofa Set',
    company: '64c23350e32f4a51b19b923f',
    price: 899,
    colors: [ '#000000', '#999999', '#cc6600' ],
    image: '/images/product-sofa-set.png',
    category: '64c2342de32f4a51b19b9258',
    isFeatured: true
  },
  {
    _id: ObjectId('64c23601e32f4a51b19b926d'),
    name: 'Gym Equipment Set',
    company: '64c23350e32f4a51b19b923b',
    price: 799,
    colors: [ '#333333', '#ff9900', '#660000' ],
    image: '/images/product-gym-equipment.png',
    category: '64c2342de32f4a51b19b925e',
    isFeatured: true
  },
  {
    _id: ObjectId('64c236a2e32f4a51b19b9281'),
    name: 'Diamond Ring',
    company: '64c23350e32f4a51b19b923a',
    price: 1999,
    colors: [ '#000000', '#cc6600', '#663300' ],
    image: '/images/product-diamond-ring.png',
    category: '64c2342de32f4a51b19b9259',
    isFeatured: false
  },
  {
    _id: ObjectId('64c236a2e32f4a51b19b9282'),
    name: 'Outdoor Patio Set',
    company: '64c23350e32f4a51b19b923b',
    price: 1199,
    colors: [ '#333333', '#ff9900', '#660000' ],
    image: '/images/product-outdoor-patio.png',
    category: '64c2342de32f4a51b19b925a',
    isFeatured: true
  },
  {
    _id: ObjectId('64c236a2e32f4a51b19b9287'),
    name: 'Modern Sofa Set',
    company: '64c23350e32f4a51b19b923f',
    price: 899,
    colors: [ '#000000', '#999999', '#cc6600' ],
    image: '/images/product-sofa-set.png',
    category: '64c2342de32f4a51b19b9258',
    isFeatured: true
  },
  {
    _id: ObjectId('64c23707e32f4a51b19b9296'),
    name: 'Diamond Ring',
    company: '64c23350e32f4a51b19b923a',
    price: 1999,
    colors: [ '#000000', '#cc6600', '#663300' ],
    image: '/images/product-diamond-ring.png',
    category: '64c2342de32f4a51b19b9259',
    isFeatured: false
  },
  {
    _id: ObjectId('64c23707e32f4a51b19b9297'),
    name: 'Outdoor Patio Set',
    company: '64c23350e32f4a51b19b923b',
    price: 1199,
    colors: [ '#333333', '#ff9900', '#660000' ],
    image: '/images/product-outdoor-patio.png',
    category: '64c2342de32f4a51b19b925a',
    isFeatured: true
  },
  {
    _id: ObjectId('64c23762e32f4a51b19b92a2'),
    name: 'Smart LED TV',
    company: '64c23350e32f4a51b19b9232',
    price: 799,
    colors: [ '#000000', '#999999', '#00ff00' ],
    image: '/images/product-smart-tv.png',
    category: '64c2342de32f4a51b19b924e',
    isFeatured: true
  },
  {
    _id: ObjectId('64c23825e32f4a51b19b92b4'),
    name: 'Ultra HD Smart TV',
    company: '64c23350e32f4a51b19b9230',
    price: 899,
    colors: [ '#000000', '#999999', '#00ff00' ],
    image: '/images/product-ultra-hd-tv.png',
    category: '64c2342de32f4a51b19b924e',
    isFeatured: true
  },
  {
    _id: ObjectId('64c23947e32f4a51b19b92ce'),
    name: 'Smart Refrigerator',
    company: '64c23350e32f4a51b19b9246',
    price: 899,
    colors: [ '#333333', '#ff9900', '#990000' ],
    image: '/images/product-smart-refrigerator.png',
    category: '64c2342de32f4a51b19b924e',
    isFeatured: true
  },
  {
    _id: ObjectId('64c239f1e32f4a51b19b92f1'),
    name: 'Smart Refrigerator',
    company: '64c23350e32f4a51b19b924c',
    price: 899,
    colors: [ '#333333', '#ff9900', '#990000' ],
    image: '/images/product-smart-refrigerator.png',
    category: '64c2342de32f4a51b19b924e',
    isFeatured: true
  },
  {
    _id: ObjectId('64c23e533e180eb8a2682fe5'),
    name: 'Bespoke Concrete Tuna',
    company: ObjectId('64c23350e32f4a51b19b923b'),
    price: 819,
    colors: [ '#7a6230' ],
    image: '/images/product-Handcrafted.png',
    category: ObjectId('64c2342de32f4a51b19b9252'),
    isFeatured: false,
    __v: 0
  },
  {
    _id: ObjectId('64c23e533e180eb8a2682fe8'),
    name: 'Luxurious Cotton Chips',
    company: ObjectId('64c23350e32f4a51b19b9236'),
    price: 838,
    colors: [ '#797f11' ],
    image: '/images/product-Oriental.png',
    category: ObjectId('64c2342de32f4a51b19b925c'),
    isFeatured: false,
    __v: 0
  },
  {
    _id: ObjectId('64c23e533e180eb8a2682fe7'),
    name: 'Incredible Concrete Shoes',
    company: ObjectId('64c23350e32f4a51b19b9239'),
    price: 735,
    colors: [ '#7c5922' ],
    image: '/images/product-Modern.png',
    category: ObjectId('64c2342de32f4a51b19b925a'),
    isFeatured: false,
    __v: 0
  },
  {
    _id: ObjectId('64c23e533e180eb8a2682feb'),
    name: 'Fantastic Metal Mouse',
    company: ObjectId('64c23350e32f4a51b19b924b'),
    price: 985,
    colors: [ '#01272b' ],
    image: '/images/product-Licensed.png',
    category: ObjectId('64c2342de32f4a51b19b925e'),
    isFeatured: false,
    __v: 0
  },
  {
    _id: ObjectId('64c23e533e180eb8a2682fec'),
    name: 'Ergonomic Plastic Pants',
    company: ObjectId('64c23350e32f4a51b19b9243'),
    price: 974,
    colors: [ '#7f0f08' ],
    image: '/images/product-Modern.png',
    category: ObjectId('64c2342de32f4a51b19b9251'),
    isFeatured: false,
    __v: 0
  },
  {
    _id: ObjectId('64c23e533e180eb8a2682fee'),
    name: 'Fantastic Plastic Table',
    company: ObjectId('64c23350e32f4a51b19b9243'),
    price: 822,
    colors: [ '#732c7d' ],
    image: '/images/product-Generic.png',
    category: ObjectId('64c2342de32f4a51b19b9260'),
    isFeatured: false,
    __v: 0
  },
  {
    _id: ObjectId('64c23e543e180eb8a2682ff2'),
    name: 'Rustic Plastic Chips',
    company: ObjectId('64c23350e32f4a51b19b9237'),
    price: 913,
    colors: [ '#6b2e66' ],
    image: '/images/product-Tasty.png',
    category: ObjectId('64c2342de32f4a51b19b9251'),
    isFeatured: false,
    __v: 0
  },
  {
    _id: ObjectId('64c23e543e180eb8a2682ff3'),
    name: 'Refined Rubber Tuna',
    company: ObjectId('64c23350e32f4a51b19b9236'),
    price: 997,
    colors: [ '#4d3715' ],
    image: '/images/product-Refined.png',
    category: ObjectId('64c2342de32f4a51b19b9254'),
    isFeatured: false,
    __v: 0
  }
]
Type "it" for more
shop> db.sales.find()
[
  { _id: 2, quantity: 5, price: 25, targetPrice: 100 },
  { _id: 3, quantity: 6, price: 35, targetPrice: 100 },
  { _id: 5, quantity: 5, price: 55, targetPrice: 150 },
  { _id: 4, quantity: 5, price: 55, targetPrice: 150 },
  { _id: 1, quantity: 10, price: 15, targetPrice: 120 }
]
shop> db.sales.find().count()
5
shop> db.sales.find({$expr: {$gt: [{$multiply: [$'quantity', '$price']}, '$targetPrice']}})
Uncaught:
SyntaxError: Unexpected token, expected "," (1:43)

> 1 | db.sales.find({$expr: {$gt: [{$multiply: [$'quantity', '$price']}, '$targetPrice']}})
    |                                            ^
  2 |

shop> db.sales.find({$expr: {$gt: [{$multiply: ['$quantity', '$price']}, '$targetPrice']}})
[
  { _id: 2, quantity: 5, price: 25, targetPrice: 100 },
  { _id: 3, quantity: 6, price: 35, targetPrice: 100 },
  { _id: 5, quantity: 5, price: 55, targetPrice: 150 },
  { _id: 4, quantity: 5, price: 55, targetPrice: 150 },
  { _id: 1, quantity: 10, price: 15, targetPrice: 120 }
]
shop> db.sales.find({$expr: {$lt: [{$multiply: ['$quantity', '$price']}, '$targetPrice']}})

shop> db.sales.find({$expr: {$eq: [{$multiply: ['$quantity', '$price']}, '$targetPrice']}})

shop> db.sales.find({$expr: {$eq: [{$multiply: ['$quantity', '$price']}, '$targetPrice']}}).count()
0
shop> db.sales.find({$expr: {$lt: [{$multiply: ['$quantity', '$price']}, '$targetPrice']}}).count()
0
shop> db.sales.find({$expr: {$lt: [{$add: ['$quantity', '$price']}, '$targetPrice']}}).count()
5
shop> db.sales.find({$expr: {$lt: [{$add: ['$quantity', '$price']}, '$targetPrice']}}).count()
5
shop> db.sales.find({$expr: {$lt: [{$add: ['$quantity', '$price']}, '$targetPrice']}})
[
  { _id: 2, quantity: 5, price: 25, targetPrice: 100 },
  { _id: 3, quantity: 6, price: 35, targetPrice: 100 },
  { _id: 5, quantity: 5, price: 55, targetPrice: 150 },
  { _id: 4, quantity: 5, price: 55, targetPrice: 150 },
  { _id: 1, quantity: 10, price: 15, targetPrice: 120 }
]
shop> db.products.find({price : {$exists: true}})
[
  {
    _id: ObjectId('64c23601e32f4a51b19b9263'),
    name: 'Laptop Pro',
    company: '64c23350e32f4a51b19b9231',
    price: 1299,
    colors: [ '#333333', '#cccccc', '#00ff00' ],
    image: '/images/product-laptop.png',
    category: '64c2342de32f4a51b19b924e',
    isFeatured: true
  },
  {
    _id: ObjectId('64c23601e32f4a51b19b9264'),
    name: 'Smart Watch',
    company: '64c23350e32f4a51b19b9232',
    price: 249,
    colors: [ '#000000', '#ff0000', '#00ff00' ],
    image: '/images/product-smartwatch.png',
    category: '64c2342de32f4a51b19b924e',
    isFeatured: false
  },
  {
    _id: ObjectId('64c23601e32f4a51b19b9262'),
    name: 'Smartphone Model X',
    company: '64c23350e32f4a51b19b9230',
    price: 699,
    colors: [ '#000000', '#ffffff', '#ff0000' ],
    image: '/images/product-smartphone.png',
    category: '64c2342de32f4a51b19b924e',
    isFeatured: false
  },
  {
    _id: ObjectId('64c23601e32f4a51b19b9266'),
    name: 'Fashionable Sunglasses',
    company: '64c23350e32f4a51b19b9234',
    price: 129,
    colors: [ '#000000', '#666666', '#ffcc00' ],
    image: '/images/product-sunglasses.png',
    category: '64c2342de32f4a51b19b9250',
    isFeatured: false
  },
  {
    _id: ObjectId('64c23601e32f4a51b19b9267'),
    name: 'Skin Care Set',
    company: '64c23350e32f4a51b19b9235',
    price: 59,
    colors: [ '#ffffff', '#ff99cc', '#00cc99' ],
    image: '/images/product-skincare.png',
    category: '64c2342de32f4a51b19b9251',
    isFeatured: true
  },
  {
    _id: ObjectId('64c23601e32f4a51b19b9268'),
    name: 'Outdoor Camping Tent',
    company: '64c23350e32f4a51b19b9236',
    price: 299,
    colors: [ '#333333', '#99cc00', '#ffcc00' ],
    image: '/images/product-tent.png',
    category: '64c2342de32f4a51b19b9252',
    isFeatured: false
  },
  {
    _id: ObjectId('64c23601e32f4a51b19b9265'),
    name: 'Kitchen Blender',
    company: '64c23350e32f4a51b19b9233',
    price: 89,
    colors: [ '#ffffff', '#ff9900', '#990000' ],
    image: '/images/product-blender.png',
    category: '64c2342de32f4a51b19b924f',
    isFeatured: true
  },
  {
    _id: ObjectId('64c23601e32f4a51b19b9269'),
    name: 'Building Blocks Set',
    company: '64c23350e32f4a51b19b9237',
    price: 49,
    colors: [ '#ff0000', '#00ff00', '#0000ff' ],
    image: '/images/product-building-blocks.png',
    category: '64c2342de32f4a51b19b9253',
    isFeatured: true
  },
  {
    _id: ObjectId('64c23601e32f4a51b19b926a'),
    name: 'Car Jump Starter',
    company: '64c23350e32f4a51b19b9238',
    price: 89,
    colors: [ '#000000', '#999999', '#00ff00' ],
    image: '/images/product-jump-starter.png',
    category: '64c2342de32f4a51b19b924f',
    isFeatured: false
  },
  {
    _id: ObjectId('64c23601e32f4a51b19b926b'),
    name: 'Cookware Set',
    company: '64c23350e32f4a51b19b9239',
    price: 149,
    colors: [ '#ffffff', '#ffcc00', '#cc9900' ],
    image: '/images/product-cookware.png',
    category: '64c2342de32f4a51b19b924f',
    isFeatured: false
  },
  {
    _id: ObjectId('64c23601e32f4a51b19b926c'),
    name: 'Designer Handbag',
    company: '64c23350e32f4a51b19b923a',
    price: 349,
    colors: [ '#000000', '#cc6600', '#663300' ],
    image: '/images/product-handbag.png',
    category: '64c2342de32f4a51b19b9250',
    isFeatured: true
  },
  {
    _id: ObjectId('64c23601e32f4a51b19b926f'),
    name: 'Cookbook Collection',
    company: '64c23350e32f4a51b19b923d',
    price: 69,
    colors: [ '#ffffff', '#ff9900', '#0099ff' ],
    image: '/images/product-cookbook.png',
    category: '64c2342de32f4a51b19b9255',
    isFeatured: true
  },
  {
    _id: ObjectId('64c23601e32f4a51b19b9270'),
    name: 'Healthy Snack Pack',
    company: '64c23350e32f4a51b19b923e',
    price: 19,
    colors: [ '#ffffff', '#ffcc00', '#99cc00' ],
    image: '/images/product-snack-pack.png',
    category: '64c2342de32f4a51b19b9256',
    isFeatured: true
  },
  {
    _id: ObjectId('64c2363be32f4a51b19b9271'),
    name: 'Pet Grooming Kit',
    company: '64c23350e32f4a51b19b923e',
    price: 39,
    colors: [ '#ffffff', '#ffcc00', '#99cc00' ],
    image: '/images/product-pet-grooming.png',
    category: '64c2342de32f4a51b19b9257',
    isFeatured: false
  },
  {
    _id: ObjectId('64c23601e32f4a51b19b926e'),
    name: 'Car Cleaning Kit',
    company: '64c23350e32f4a51b19b923c',
    price: 29,
    colors: [ '#000000', '#666666', '#cc9900' ],
    image: '/images/product-car-cleaning.png',
    category: '64c2342de32f4a51b19b9254',
    isFeatured: false
  },
  {
    _id: ObjectId('64c2363be32f4a51b19b9272'),
    name: 'Modern Sofa Set',
    company: '64c23350e32f4a51b19b923f',
    price: 899,
    colors: [ '#000000', '#999999', '#cc6600' ],
    image: '/images/product-sofa-set.png',
    category: '64c2342de32f4a51b19b9258',
    isFeatured: true
  },
  {
    _id: ObjectId('64c2363be32f4a51b19b9273'),
    name: 'Silver Necklace',
    company: '64c23350e32f4a51b19b9240',
    price: 149,
    colors: [ '#ffffff', '#ffcc00', '#cc9900' ],
    image: '/images/product-necklace.png',
    category: '64c2342de32f4a51b19b9259',
    isFeatured: false
  },
  {
    _id: ObjectId('64c2363be32f4a51b19b9274'),
    name: 'Outdoor Dining Set',
    company: '64c23350e32f4a51b19b9241',
    price: 599,
    colors: [ '#333333', '#ff9900', '#660000' ],
    image: '/images/product-dining-set.png',
    category: '64c2342de32f4a51b19b925a',
    isFeatured: true
  },
  {
    _id: ObjectId('64c2363be32f4a51b19b9275'),
    name: 'Air Fryer',
    company: '64c23350e32f4a51b19b9242',
    price: 129,
    colors: [ '#000000', '#666666', '#cc9900' ],
    image: '/images/product-air-fryer.png',
    category: '64c2342de32f4a51b19b925b',
    isFeatured: false
  },
  {
    _id: ObjectId('64c23601e32f4a51b19b926d'),
    name: 'Gym Equipment Set',
    company: '64c23350e32f4a51b19b923b',
    price: 799,
    colors: [ '#333333', '#ff9900', '#660000' ],
    image: '/images/product-gym-equipment.png',
    category: '64c2342de32f4a51b19b925e',
    isFeatured: true
  }
]
Type "it" for more
shop> db.products.find({price : {$exists: true}}).count()
10355
shop> db.products.find({colors : {$exists: true}}).count()
10355
shop> db.products.find({colors : {$exists: false}}).count()
0
shop> db.products.find({colors : {$exists: true}, price:{$gt: 699}}).count()
3053
shop> db.products.find({colors : {$exists: true}, price:{$gt: 699}})
[
  {
    _id: ObjectId('64c23601e32f4a51b19b9263'),
    name: 'Laptop Pro',
    company: '64c23350e32f4a51b19b9231',
    price: 1299,
    colors: [ '#333333', '#cccccc', '#00ff00' ],
    image: '/images/product-laptop.png',
    category: '64c2342de32f4a51b19b924e',
    isFeatured: true
  },
  {
    _id: ObjectId('64c2363be32f4a51b19b9272'),
    name: 'Modern Sofa Set',
    company: '64c23350e32f4a51b19b923f',
    price: 899,
    colors: [ '#000000', '#999999', '#cc6600' ],
    image: '/images/product-sofa-set.png',
    category: '64c2342de32f4a51b19b9258',
    isFeatured: true
  },
  {
    _id: ObjectId('64c23601e32f4a51b19b926d'),
    name: 'Gym Equipment Set',
    company: '64c23350e32f4a51b19b923b',
    price: 799,
    colors: [ '#333333', '#ff9900', '#660000' ],
    image: '/images/product-gym-equipment.png',
    category: '64c2342de32f4a51b19b925e',
    isFeatured: true
  },
  {
    _id: ObjectId('64c236a2e32f4a51b19b9281'),
    name: 'Diamond Ring',
    company: '64c23350e32f4a51b19b923a',
    price: 1999,
    colors: [ '#000000', '#cc6600', '#663300' ],
    image: '/images/product-diamond-ring.png',
    category: '64c2342de32f4a51b19b9259',
    isFeatured: false
  },
  {
    _id: ObjectId('64c236a2e32f4a51b19b9282'),
    name: 'Outdoor Patio Set',
    company: '64c23350e32f4a51b19b923b',
    price: 1199,
    colors: [ '#333333', '#ff9900', '#660000' ],
    image: '/images/product-outdoor-patio.png',
    category: '64c2342de32f4a51b19b925a',
    isFeatured: true
  },
  {
    _id: ObjectId('64c236a2e32f4a51b19b9287'),
    name: 'Modern Sofa Set',
    company: '64c23350e32f4a51b19b923f',
    price: 899,
    colors: [ '#000000', '#999999', '#cc6600' ],
    image: '/images/product-sofa-set.png',
    category: '64c2342de32f4a51b19b9258',
    isFeatured: true
  },
  {
    _id: ObjectId('64c23707e32f4a51b19b9296'),
    name: 'Diamond Ring',
    company: '64c23350e32f4a51b19b923a',
    price: 1999,
    colors: [ '#000000', '#cc6600', '#663300' ],
    image: '/images/product-diamond-ring.png',
    category: '64c2342de32f4a51b19b9259',
    isFeatured: false
  },
  {
    _id: ObjectId('64c23707e32f4a51b19b9297'),
    name: 'Outdoor Patio Set',
    company: '64c23350e32f4a51b19b923b',
    price: 1199,
    colors: [ '#333333', '#ff9900', '#660000' ],
    image: '/images/product-outdoor-patio.png',
    category: '64c2342de32f4a51b19b925a',
    isFeatured: true
  },
  {
    _id: ObjectId('64c23762e32f4a51b19b92a2'),
    name: 'Smart LED TV',
    company: '64c23350e32f4a51b19b9232',
    price: 799,
    colors: [ '#000000', '#999999', '#00ff00' ],
    image: '/images/product-smart-tv.png',
    category: '64c2342de32f4a51b19b924e',
    isFeatured: true
  },
  {
    _id: ObjectId('64c23825e32f4a51b19b92b4'),
    name: 'Ultra HD Smart TV',
    company: '64c23350e32f4a51b19b9230',
    price: 899,
    colors: [ '#000000', '#999999', '#00ff00' ],
    image: '/images/product-ultra-hd-tv.png',
    category: '64c2342de32f4a51b19b924e',
    isFeatured: true
  },
  {
    _id: ObjectId('64c23947e32f4a51b19b92ce'),
    name: 'Smart Refrigerator',
    company: '64c23350e32f4a51b19b9246',
    price: 899,
    colors: [ '#333333', '#ff9900', '#990000' ],
    image: '/images/product-smart-refrigerator.png',
    category: '64c2342de32f4a51b19b924e',
    isFeatured: true
  },
  {
    _id: ObjectId('64c239f1e32f4a51b19b92f1'),
    name: 'Smart Refrigerator',
    company: '64c23350e32f4a51b19b924c',
    price: 899,
    colors: [ '#333333', '#ff9900', '#990000' ],
    image: '/images/product-smart-refrigerator.png',
    category: '64c2342de32f4a51b19b924e',
    isFeatured: true
  },
  {
    _id: ObjectId('64c23e533e180eb8a2682fe5'),
    name: 'Bespoke Concrete Tuna',
    company: ObjectId('64c23350e32f4a51b19b923b'),
    price: 819,
    colors: [ '#7a6230' ],
    image: '/images/product-Handcrafted.png',
    category: ObjectId('64c2342de32f4a51b19b9252'),
    isFeatured: false,
    __v: 0
  },
  {
    _id: ObjectId('64c23e533e180eb8a2682fe8'),
    name: 'Luxurious Cotton Chips',
    company: ObjectId('64c23350e32f4a51b19b9236'),
    price: 838,
    colors: [ '#797f11' ],
    image: '/images/product-Oriental.png',
    category: ObjectId('64c2342de32f4a51b19b925c'),
    isFeatured: false,
    __v: 0
  },
  {
    _id: ObjectId('64c23e533e180eb8a2682fe7'),
    name: 'Incredible Concrete Shoes',
    company: ObjectId('64c23350e32f4a51b19b9239'),
    price: 735,
    colors: [ '#7c5922' ],
    image: '/images/product-Modern.png',
    category: ObjectId('64c2342de32f4a51b19b925a'),
    isFeatured: false,
    __v: 0
  },
  {
    _id: ObjectId('64c23e533e180eb8a2682feb'),
    name: 'Fantastic Metal Mouse',
    company: ObjectId('64c23350e32f4a51b19b924b'),
    price: 985,
    colors: [ '#01272b' ],
    image: '/images/product-Licensed.png',
    category: ObjectId('64c2342de32f4a51b19b925e'),
    isFeatured: false,
    __v: 0
  },
  {
    _id: ObjectId('64c23e533e180eb8a2682fec'),
    name: 'Ergonomic Plastic Pants',
    company: ObjectId('64c23350e32f4a51b19b9243'),
    price: 974,
    colors: [ '#7f0f08' ],
    image: '/images/product-Modern.png',
    category: ObjectId('64c2342de32f4a51b19b9251'),
    isFeatured: false,
    __v: 0
  },
  {
    _id: ObjectId('64c23e533e180eb8a2682fee'),
    name: 'Fantastic Plastic Table',
    company: ObjectId('64c23350e32f4a51b19b9243'),
    price: 822,
    colors: [ '#732c7d' ],
    image: '/images/product-Generic.png',
    category: ObjectId('64c2342de32f4a51b19b9260'),
    isFeatured: false,
    __v: 0
  },
  {
    _id: ObjectId('64c23e543e180eb8a2682ff2'),
    name: 'Rustic Plastic Chips',
    company: ObjectId('64c23350e32f4a51b19b9237'),
    price: 913,
    colors: [ '#6b2e66' ],
    image: '/images/product-Tasty.png',
    category: ObjectId('64c2342de32f4a51b19b9251'),
    isFeatured: false,
    __v: 0
  },
  {
    _id: ObjectId('64c23e543e180eb8a2682ff3'),
    name: 'Refined Rubber Tuna',
    company: ObjectId('64c23350e32f4a51b19b9236'),
    price: 997,
    colors: [ '#4d3715' ],
    image: '/images/product-Refined.png',
    category: ObjectId('64c2342de32f4a51b19b9254'),
    isFeatured: false,
    __v: 0
  }
]
Type "it" for more
shop> db.products.find({colors : {$exists: false}, price:{$gt: 699}})

shop> db.products.find({price : {$exists: false}, price:{$gt: 1250}})
[
  {
    _id: ObjectId('64c23601e32f4a51b19b9263'),
    name: 'Laptop Pro',
    company: '64c23350e32f4a51b19b9231',
    price: 1299,
    colors: [ '#333333', '#cccccc', '#00ff00' ],
    image: '/images/product-laptop.png',
    category: '64c2342de32f4a51b19b924e',
    isFeatured: true
  },
  {
    _id: ObjectId('64c236a2e32f4a51b19b9281'),
    name: 'Diamond Ring',
    company: '64c23350e32f4a51b19b923a',
    price: 1999,
    colors: [ '#000000', '#cc6600', '#663300' ],
    image: '/images/product-diamond-ring.png',
    category: '64c2342de32f4a51b19b9259',
    isFeatured: false
  },
  {
    _id: ObjectId('64c23707e32f4a51b19b9296'),
    name: 'Diamond Ring',
    company: '64c23350e32f4a51b19b923a',
    price: 1999,
    colors: [ '#000000', '#cc6600', '#663300' ],
    image: '/images/product-diamond-ring.png',
    category: '64c2342de32f4a51b19b9259',
    isFeatured: false
  }
]
shop> db.products.find({price : {$type: 'number'}}).count()
10355
shop> db.products.find({price : {$type: 'string'}}).count()
0
shop> db.products.find({name : {$type: 'string'}}).count()
10355
shop> db.products.find({isFeatured : {$type: 'bool'}}).count()
10355
shop> db.products.find({isFeatured : {$type: 8}}).count()
10355
shop> db.products.find({isFeatured : {$type: 2}}).count()
0
shop> db.products.find({isFeatured : {$type: 4}}).count()
0
shop> db.products.find({price : {$type: 2}}).count()
0
shop> db.products.find({price : {$type: 'number'}}).count()
10355



Microsoft Windows [Version 10.0.19045.6093]
(c) Microsoft Corporation. All rights reserved.

C:\Users\Abhishek Singh>mongosh
Current Mongosh Log ID: 687a1e231fbac2c85f718dc3
Connecting to:          mongodb://127.0.0.1:27017/?directConnection=true&serverSelectionTimeoutMS=2000&appName=mongosh+2.5.5
Using MongoDB:          8.0.10
Using Mongosh:          2.5.5

For mongosh info see: https://www.mongodb.com/docs/mongodb-shell/

------
   The server generated these startup warnings when booting
   2025-07-15T11:49:11.275+05:30: Access control is not enabled for the database. Read and write access to data and configuration is unrestricted
------

test> show dbs
admin      40.00 KiB
config    108.00 KiB
local      72.00 KiB
shop      756.00 KiB
students   72.00 KiB
test> use shop
switched to db shop
shop> show collection
MongoshInvalidInputError: [COMMON-10001] 'collection' is not a valid argument for "show".
shop> show collections
categories
comments
products
sales
shop> db.comments.find()
[
  {
    _id: 3,
    title: 'Getting Started with NoSQL Databases',
    content: 'NoSQL databases provide flexible data models...',
    author: 'Sarah Williams',
    comments: [
      { user: 'Eva', text: 'Very helpful!' },
      { user: 'Frank', text: 'Clear explanations.' }
    ],
    metadata: { views: 1200, likes: 40 }
  },
  {
    _id: 1,
    title: 'Introduction to MongoDB',
    content: 'MongoDB is a popular NoSQL database...',
    author: 'John Doe',
    comments: [
      { user: 'Alice', text: 'Great article!' },
      { user: 'Bob', text: 'Thanks for sharing.' },
      { user: 'Eva', text: 'Its beatifull!' },
      { user: 'jessy' }
    ],
    metadata: { views: 1000, likes: 50 }
  },
  {
    _id: 4,
    title: 'Advanced Queries in MongoDB',
    content: 'Learn how to write complex queries...',
    author: 'Michael Johnson',
    comments: [
      { user: 'Grace', text: 'Mind-blowing content!' },
      { user: 'Henry', text: 'Impressive examples.' }
    ],
    metadata: { views: 1500, likes: 60 }
  },
  {
    _id: 6,
    title: 'Schema Design Best Practices',
    content: 'Designing schemas for optimal performance...',
    author: 'Emily Brown',
    comments: [
      { user: 'Kevin', text: 'Invaluable insights!' },
      { user: 'Lily', text: 'Well-structured explanations.' }
    ],
    metadata: { views: 700, likes: 65 }
  },
  {
    _id: 7,
    title: 'Introduction to MongoDB',
    content: 'MongoDB is a popular NoSQL database...',
    author: 'Vinod Thapa',
    comments: [
      { user: 'Alice', text: 'Awesome article!' },
      { user: 'Vinod', text: 'Thanks for sharing.' }
    ],
    metadata: { views: 1000, likes: 70 }
  },
  {
    _id: 5,
    title: 'Optimizing MongoDB Performance',
    content: 'Tips and tricks to improve MongoDB performance...',
    author: 'Alex Turner',
    comments: [
      { user: 'Ivy', text: 'Very practical advice!' },
      { user: 'Jack', text: 'Helped me a lot.' }
    ],
    metadata: { views: 900, likes: 55 }
  },
  {
    _id: 2,
    title: 'Deep Dive into Aggregation Framework',
    content: 'The aggregation framework in MongoDB...',
    author: 'Jane Smith',
    comments: [
      { user: 'Charlie', text: 'Very informative!' },
      { user: 'David', text: 'Well explained.' }
    ],
    metadata: { views: 800, likes: 70 }
  }
]
shop> db.comments.find({'comments' : {$size : 2}})
[
  {
    _id: 3,
    title: 'Getting Started with NoSQL Databases',
    content: 'NoSQL databases provide flexible data models...',
    author: 'Sarah Williams',
    comments: [
      { user: 'Eva', text: 'Very helpful!' },
      { user: 'Frank', text: 'Clear explanations.' }
    ],
    metadata: { views: 1200, likes: 40 }
  },
  {
    _id: 4,
    title: 'Advanced Queries in MongoDB',
    content: 'Learn how to write complex queries...',
    author: 'Michael Johnson',
    comments: [
      { user: 'Grace', text: 'Mind-blowing content!' },
      { user: 'Henry', text: 'Impressive examples.' }
    ],
    metadata: { views: 1500, likes: 60 }
  },
  {
    _id: 6,
    title: 'Schema Design Best Practices',
    content: 'Designing schemas for optimal performance...',
    author: 'Emily Brown',
    comments: [
      { user: 'Kevin', text: 'Invaluable insights!' },
      { user: 'Lily', text: 'Well-structured explanations.' }
    ],
    metadata: { views: 700, likes: 65 }
  },
  {
    _id: 7,
    title: 'Introduction to MongoDB',
    content: 'MongoDB is a popular NoSQL database...',
    author: 'Vinod Thapa',
    comments: [
      { user: 'Alice', text: 'Awesome article!' },
      { user: 'Vinod', text: 'Thanks for sharing.' }
    ],
    metadata: { views: 1000, likes: 70 }
  },
  {
    _id: 5,
    title: 'Optimizing MongoDB Performance',
    content: 'Tips and tricks to improve MongoDB performance...',
    author: 'Alex Turner',
    comments: [
      { user: 'Ivy', text: 'Very practical advice!' },
      { user: 'Jack', text: 'Helped me a lot.' }
    ],
    metadata: { views: 900, likes: 55 }
  },
  {
    _id: 2,
    title: 'Deep Dive into Aggregation Framework',
    content: 'The aggregation framework in MongoDB...',
    author: 'Jane Smith',
    comments: [
      { user: 'Charlie', text: 'Very informative!' },
      { user: 'David', text: 'Well explained.' }
    ],
    metadata: { views: 800, likes: 70 }
  }
]
shop> db.comments.find({'comments' : {$size : 2}}).count()
6
shop> db.comments.find({'comments' : {$size : 3}}).count()
0
shop> db.comments.find({'comments' : {$size : 4}}).count()
1
shop> db.comments.find({'comments' : {$size : 1}}).count()
0
shop> db.comments.find({'comments' : {$size : 2}}, {comments : 1})
[
  {
    _id: 3,
    comments: [
      { user: 'Eva', text: 'Very helpful!' },
      { user: 'Frank', text: 'Clear explanations.' }
    ]
  },
  {
    _id: 4,
    comments: [
      { user: 'Grace', text: 'Mind-blowing content!' },
      { user: 'Henry', text: 'Impressive examples.' }
    ]
  },
  {
    _id: 6,
    comments: [
      { user: 'Kevin', text: 'Invaluable insights!' },
      { user: 'Lily', text: 'Well-structured explanations.' }
    ]
  },
  {
    _id: 7,
    comments: [
      { user: 'Alice', text: 'Awesome article!' },
      { user: 'Vinod', text: 'Thanks for sharing.' }
    ]
  },
  {
    _id: 5,
    comments: [
      { user: 'Ivy', text: 'Very practical advice!' },
      { user: 'Jack', text: 'Helped me a lot.' }
    ]
  },
  {
    _id: 2,
    comments: [
      { user: 'Charlie', text: 'Very informative!' },
      { user: 'David', text: 'Well explained.' }
    ]
  }
]
shop> db.comments.find({'comments' : {$size : 2}}, {comments : 2})
[
  {
    _id: 3,
    comments: [
      { user: 'Eva', text: 'Very helpful!' },
      { user: 'Frank', text: 'Clear explanations.' }
    ]
  },
  {
    _id: 4,
    comments: [
      { user: 'Grace', text: 'Mind-blowing content!' },
      { user: 'Henry', text: 'Impressive examples.' }
    ]
  },
  {
    _id: 6,
    comments: [
      { user: 'Kevin', text: 'Invaluable insights!' },
      { user: 'Lily', text: 'Well-structured explanations.' }
    ]
  },
  {
    _id: 7,
    comments: [
      { user: 'Alice', text: 'Awesome article!' },
      { user: 'Vinod', text: 'Thanks for sharing.' }
    ]
  },
  {
    _id: 5,
    comments: [
      { user: 'Ivy', text: 'Very practical advice!' },
      { user: 'Jack', text: 'Helped me a lot.' }
    ]
  },
  {
    _id: 2,
    comments: [
      { user: 'Charlie', text: 'Very informative!' },
      { user: 'David', text: 'Well explained.' }
    ]
  }
]
shop> db.comments.find({'comments' : {$size : 2}}, {comments : 3})
[
  {
    _id: 3,
    comments: [
      { user: 'Eva', text: 'Very helpful!' },
      { user: 'Frank', text: 'Clear explanations.' }
    ]
  },
  {
    _id: 4,
    comments: [
      { user: 'Grace', text: 'Mind-blowing content!' },
      { user: 'Henry', text: 'Impressive examples.' }
    ]
  },
  {
    _id: 6,
    comments: [
      { user: 'Kevin', text: 'Invaluable insights!' },
      { user: 'Lily', text: 'Well-structured explanations.' }
    ]
  },
  {
    _id: 7,
    comments: [
      { user: 'Alice', text: 'Awesome article!' },
      { user: 'Vinod', text: 'Thanks for sharing.' }
    ]
  },
  {
    _id: 5,
    comments: [
      { user: 'Ivy', text: 'Very practical advice!' },
      { user: 'Jack', text: 'Helped me a lot.' }
    ]
  },
  {
    _id: 2,
    comments: [
      { user: 'Charlie', text: 'Very informative!' },
      { user: 'David', text: 'Well explained.' }
    ]
  }
]
shop> db.comments.find({'comments' : {$size : 2}}, {comments : 1, _id : 0})
[
  {
    comments: [
      { user: 'Eva', text: 'Very helpful!' },
      { user: 'Frank', text: 'Clear explanations.' }
    ]
  },
  {
    comments: [
      { user: 'Grace', text: 'Mind-blowing content!' },
      { user: 'Henry', text: 'Impressive examples.' }
    ]
  },
  {
    comments: [
      { user: 'Kevin', text: 'Invaluable insights!' },
      { user: 'Lily', text: 'Well-structured explanations.' }
    ]
  },
  {
    comments: [
      { user: 'Alice', text: 'Awesome article!' },
      { user: 'Vinod', text: 'Thanks for sharing.' }
    ]
  },
  {
    comments: [
      { user: 'Ivy', text: 'Very practical advice!' },
      { user: 'Jack', text: 'Helped me a lot.' }
    ]
  },
  {
    comments: [
      { user: 'Charlie', text: 'Very informative!' },
      { user: 'David', text: 'Well explained.' }
    ]
  }
]
shop> db.comments.find({'comments' : {$size : 2}}, {titles : 1, _id : 0})
[ {}, {}, {}, {}, {}, {} ]
shop> db.comments.find({'comments' : {$size : 2}}, {title : 1, _id : 0})
[
  { title: 'Getting Started with NoSQL Databases' },
  { title: 'Advanced Queries in MongoDB' },
  { title: 'Schema Design Best Practices' },
  { title: 'Introduction to MongoDB' },
  { title: 'Optimizing MongoDB Performance' },
  { title: 'Deep Dive into Aggregation Framework' }
]
shop> db.comments.find({'comments' : {$size : 2}}, {title : 0, author : 1, _id : 0})
MongoServerError[Location31253]: Cannot do inclusion on field author in exclusion projection
shop> db.comments.find({'comments' : {$size : 2}}, {title : 0, author : 0, _id : 1})
[
  {
    _id: 3,
    content: 'NoSQL databases provide flexible data models...',
    comments: [
      { user: 'Eva', text: 'Very helpful!' },
      { user: 'Frank', text: 'Clear explanations.' }
    ],
    metadata: { views: 1200, likes: 40 }
  },
  {
    _id: 4,
    content: 'Learn how to write complex queries...',
    comments: [
      { user: 'Grace', text: 'Mind-blowing content!' },
      { user: 'Henry', text: 'Impressive examples.' }
    ],
    metadata: { views: 1500, likes: 60 }
  },
  {
    _id: 6,
    content: 'Designing schemas for optimal performance...',
    comments: [
      { user: 'Kevin', text: 'Invaluable insights!' },
      { user: 'Lily', text: 'Well-structured explanations.' }
    ],
    metadata: { views: 700, likes: 65 }
  },
  {
    _id: 7,
    content: 'MongoDB is a popular NoSQL database...',
    comments: [
      { user: 'Alice', text: 'Awesome article!' },
      { user: 'Vinod', text: 'Thanks for sharing.' }
    ],
    metadata: { views: 1000, likes: 70 }
  },
  {
    _id: 5,
    content: 'Tips and tricks to improve MongoDB performance...',
    comments: [
      { user: 'Ivy', text: 'Very practical advice!' },
      { user: 'Jack', text: 'Helped me a lot.' }
    ],
    metadata: { views: 900, likes: 55 }
  },
  {
    _id: 2,
    content: 'The aggregation framework in MongoDB...',
    comments: [
      { user: 'Charlie', text: 'Very informative!' },
      { user: 'David', text: 'Well explained.' }
    ],
    metadata: { views: 800, likes: 70 }
  }
]
shop> db.comments.find({'comments' : {$size : 2}}, {title : 1, author : 1, _id : 0})
[
  {
    title: 'Getting Started with NoSQL Databases',
    author: 'Sarah Williams'
  },
  { title: 'Advanced Queries in MongoDB', author: 'Michael Johnson' },
  { title: 'Schema Design Best Practices', author: 'Emily Brown' },
  { title: 'Introduction to MongoDB', author: 'Vinod Thapa' },
  { title: 'Optimizing MongoDB Performance', author: 'Alex Turner' },
  {
    title: 'Deep Dive into Aggregation Framework',
    author: 'Jane Smith'
  }
]





Microsoft Windows [Version 10.0.19045.6093]
(c) Microsoft Corporation. All rights reserved.

C:\Users\Abhishek Singh>mongosh
Current Mongosh Log ID: 687be5f8926c61c1d6718dc3
Connecting to:          mongodb://127.0.0.1:27017/?directConnection=true&serverSelectionTimeoutMS=2000&appName=mongosh+2.5.5
Using MongoDB:          8.0.10
Using Mongosh:          2.5.5
mongosh 2.5.6 is available for download: https://www.mongodb.com/try/download/shell

For mongosh info see: https://www.mongodb.com/docs/mongodb-shell/

------
   The server generated these startup warnings when booting
   2025-07-15T11:49:11.275+05:30: Access control is not enabled for the database. Read and write access to data and configuration is unrestricted
------

test> show dbs
admin               40.00 KiB
config              48.00 KiB
local               72.00 KiB
node-with-mongoDB  108.00 KiB
shop               756.00 KiB
students            72.00 KiB
test> use shop
switched to db shop
shop> show collections
categories
comments
products
sales
shop> db.comments.find()
[
  {
    _id: 3,
    title: 'Getting Started with NoSQL Databases',
    content: 'NoSQL databases provide flexible data models...',
    author: 'Sarah Williams',
    comments: [
      { user: 'Eva', text: 'Very helpful!' },
      { user: 'Frank', text: 'Clear explanations.' }
    ],
    metadata: { views: 1200, likes: 40 }
  },
  {
    _id: 1,
    title: 'Introduction to MongoDB',
    content: 'MongoDB is a popular NoSQL database...',
    author: 'John Doe',
    comments: [
      { user: 'Alice', text: 'Great article!' },
      { user: 'Bob', text: 'Thanks for sharing.' },
      { user: 'Eva', text: 'Its beatifull!' },
      { user: 'jessy' }
    ],
    metadata: { views: 1000, likes: 50 }
  },
  {
    _id: 4,
    title: 'Advanced Queries in MongoDB',
    content: 'Learn how to write complex queries...',
    author: 'Michael Johnson',
    comments: [
      { user: 'Grace', text: 'Mind-blowing content!' },
      { user: 'Henry', text: 'Impressive examples.' }
    ],
    metadata: { views: 1500, likes: 60 }
  },
  {
    _id: 6,
    title: 'Schema Design Best Practices',
    content: 'Designing schemas for optimal performance...',
    author: 'Emily Brown',
    comments: [
      { user: 'Kevin', text: 'Invaluable insights!' },
      { user: 'Lily', text: 'Well-structured explanations.' }
    ],
    metadata: { views: 700, likes: 65 }
  },
  {
    _id: 7,
    title: 'Introduction to MongoDB',
    content: 'MongoDB is a popular NoSQL database...',
    author: 'Vinod Thapa',
    comments: [
      { user: 'Alice', text: 'Awesome article!' },
      { user: 'Vinod', text: 'Thanks for sharing.' }
    ],
    metadata: { views: 1000, likes: 70 }
  },
  {
    _id: 5,
    title: 'Optimizing MongoDB Performance',
    content: 'Tips and tricks to improve MongoDB performance...',
    author: 'Alex Turner',
    comments: [
      { user: 'Ivy', text: 'Very practical advice!' },
      { user: 'Jack', text: 'Helped me a lot.' }
    ],
    metadata: { views: 900, likes: 55 }
  },
  {
    _id: 2,
    title: 'Deep Dive into Aggregation Framework',
    content: 'The aggregation framework in MongoDB...',
    author: 'Jane Smith',
    comments: [
      { user: 'Charlie', text: 'Very informative!' },
      { user: 'David', text: 'Well explained.' }
    ],
    metadata: { views: 800, likes: 70 }
  }
]
shop> db.comments.find({'comments.user' : 'Jack'})
[
  {
    _id: 5,
    title: 'Optimizing MongoDB Performance',
    content: 'Tips and tricks to improve MongoDB performance...',
    author: 'Alex Turner',
    comments: [
      { user: 'Ivy', text: 'Very practical advice!' },
      { user: 'Jack', text: 'Helped me a lot.' }
    ],
    metadata: { views: 900, likes: 55 }
  }
]
shop> db.comments.find({'comments.user' : 'Alice'})
[
  {
    _id: 1,
    title: 'Introduction to MongoDB',
    content: 'MongoDB is a popular NoSQL database...',
    author: 'John Doe',
    comments: [
      { user: 'Alice', text: 'Great article!' },
      { user: 'Bob', text: 'Thanks for sharing.' },
      { user: 'Eva', text: 'Its beatifull!' },
      { user: 'jessy' }
    ],
    metadata: { views: 1000, likes: 50 }
  },
  {
    _id: 7,
    title: 'Introduction to MongoDB',
    content: 'MongoDB is a popular NoSQL database...',
    author: 'Vinod Thapa',
    comments: [
      { user: 'Alice', text: 'Awesome article!' },
      { user: 'Vinod', text: 'Thanks for sharing.' }
    ],
    metadata: { views: 1000, likes: 70 }
  }
]
shop> db.comments.find({'metadata.views' : {$gt : 1200}})
[
  {
    _id: 4,
    title: 'Advanced Queries in MongoDB',
    content: 'Learn how to write complex queries...',
    author: 'Michael Johnson',
    comments: [
      { user: 'Grace', text: 'Mind-blowing content!' },
      { user: 'Henry', text: 'Impressive examples.' }
    ],
    metadata: { views: 1500, likes: 60 }
  }
]
shop> db.comments.find({'metadata.views' : {$gt : 100}})
[
  {
    _id: 3,
    title: 'Getting Started with NoSQL Databases',
    content: 'NoSQL databases provide flexible data models...',
    author: 'Sarah Williams',
    comments: [
      { user: 'Eva', text: 'Very helpful!' },
      { user: 'Frank', text: 'Clear explanations.' }
    ],
    metadata: { views: 1200, likes: 40 }
  },
  {
    _id: 1,
    title: 'Introduction to MongoDB',
    content: 'MongoDB is a popular NoSQL database...',
    author: 'John Doe',
    comments: [
      { user: 'Alice', text: 'Great article!' },
      { user: 'Bob', text: 'Thanks for sharing.' },
      { user: 'Eva', text: 'Its beatifull!' },
      { user: 'jessy' }
    ],
    metadata: { views: 1000, likes: 50 }
  },
  {
    _id: 4,
    title: 'Advanced Queries in MongoDB',
    content: 'Learn how to write complex queries...',
    author: 'Michael Johnson',
    comments: [
      { user: 'Grace', text: 'Mind-blowing content!' },
      { user: 'Henry', text: 'Impressive examples.' }
    ],
    metadata: { views: 1500, likes: 60 }
  },
  {
    _id: 6,
    title: 'Schema Design Best Practices',
    content: 'Designing schemas for optimal performance...',
    author: 'Emily Brown',
    comments: [
      { user: 'Kevin', text: 'Invaluable insights!' },
      { user: 'Lily', text: 'Well-structured explanations.' }
    ],
    metadata: { views: 700, likes: 65 }
  },
  {
    _id: 7,
    title: 'Introduction to MongoDB',
    content: 'MongoDB is a popular NoSQL database...',
    author: 'Vinod Thapa',
    comments: [
      { user: 'Alice', text: 'Awesome article!' },
      { user: 'Vinod', text: 'Thanks for sharing.' }
    ],
    metadata: { views: 1000, likes: 70 }
  },
  {
    _id: 5,
    title: 'Optimizing MongoDB Performance',
    content: 'Tips and tricks to improve MongoDB performance...',
    author: 'Alex Turner',
    comments: [
      { user: 'Ivy', text: 'Very practical advice!' },
      { user: 'Jack', text: 'Helped me a lot.' }
    ],
    metadata: { views: 900, likes: 55 }
  },
  {
    _id: 2,
    title: 'Deep Dive into Aggregation Framework',
    content: 'The aggregation framework in MongoDB...',
    author: 'Jane Smith',
    comments: [
      { user: 'Charlie', text: 'Very informative!' },
      { user: 'David', text: 'Well explained.' }
    ],
    metadata: { views: 800, likes: 70 }
  }
]
shop> db.comments.find({'metadata.likes' : {$gt : 100}})

shop> db.comments.find({'metadata.likes' : {$gt : 10}})
[
  {
    _id: 3,
    title: 'Getting Started with NoSQL Databases',
    content: 'NoSQL databases provide flexible data models...',
    author: 'Sarah Williams',
    comments: [
      { user: 'Eva', text: 'Very helpful!' },
      { user: 'Frank', text: 'Clear explanations.' }
    ],
    metadata: { views: 1200, likes: 40 }
  },
  {
    _id: 1,
    title: 'Introduction to MongoDB',
    content: 'MongoDB is a popular NoSQL database...',
    author: 'John Doe',
    comments: [
      { user: 'Alice', text: 'Great article!' },
      { user: 'Bob', text: 'Thanks for sharing.' },
      { user: 'Eva', text: 'Its beatifull!' },
      { user: 'jessy' }
    ],
    metadata: { views: 1000, likes: 50 }
  },
  {
    _id: 4,
    title: 'Advanced Queries in MongoDB',
    content: 'Learn how to write complex queries...',
    author: 'Michael Johnson',
    comments: [
      { user: 'Grace', text: 'Mind-blowing content!' },
      { user: 'Henry', text: 'Impressive examples.' }
    ],
    metadata: { views: 1500, likes: 60 }
  },
  {
    _id: 6,
    title: 'Schema Design Best Practices',
    content: 'Designing schemas for optimal performance...',
    author: 'Emily Brown',
    comments: [
      { user: 'Kevin', text: 'Invaluable insights!' },
      { user: 'Lily', text: 'Well-structured explanations.' }
    ],
    metadata: { views: 700, likes: 65 }
  },
  {
    _id: 7,
    title: 'Introduction to MongoDB',
    content: 'MongoDB is a popular NoSQL database...',
    author: 'Vinod Thapa',
    comments: [
      { user: 'Alice', text: 'Awesome article!' },
      { user: 'Vinod', text: 'Thanks for sharing.' }
    ],
    metadata: { views: 1000, likes: 70 }
  },
  {
    _id: 5,
    title: 'Optimizing MongoDB Performance',
    content: 'Tips and tricks to improve MongoDB performance...',
    author: 'Alex Turner',
    comments: [
      { user: 'Ivy', text: 'Very practical advice!' },
      { user: 'Jack', text: 'Helped me a lot.' }
    ],
    metadata: { views: 900, likes: 55 }
  },
  {
    _id: 2,
    title: 'Deep Dive into Aggregation Framework',
    content: 'The aggregation framework in MongoDB...',
    author: 'Jane Smith',
    comments: [
      { user: 'Charlie', text: 'Very informative!' },
      { user: 'David', text: 'Well explained.' }
    ],
    metadata: { views: 800, likes: 70 }
  }
]
shop> db.comments.find({'metadata.likes' : {$gt : 10}}).count()
7
shop> db.comments.find({'metadata.views' : {$gt : 100}}).count()
7
shop> db.comments.find({'comments.user' : 'Henry' , 'metadata.likes' : {$gt : 50}})
[
  {
    _id: 4,
    title: 'Advanced Queries in MongoDB',
    content: 'Learn how to write complex queries...',
    author: 'Michael Johnson',
    comments: [
      { user: 'Grace', text: 'Mind-blowing content!' },
      { user: 'Henry', text: 'Impressive examples.' }
    ],
    metadata: { views: 1500, likes: 60 }
  }
]
shop> db.comments.find({'comments.user' : 'Alice','vinod'})
Uncaught:
SyntaxError: Unexpected token (1:51)

> 1 | db.comments.find({'comments.user' : 'Alice','vinod'})
    |                                                    ^
  2 |

shop> db.comments.find({'comments.user' : {$all: ['Alice', 'Vinod']}})
[
  {
    _id: 7,
    title: 'Introduction to MongoDB',
    content: 'MongoDB is a popular NoSQL database...',
    author: 'Vinod Thapa',
    comments: [
      { user: 'Alice', text: 'Awesome article!' },
      { user: 'Vinod', text: 'Thanks for sharing.' }
    ],
    metadata: { views: 1000, likes: 70 }
  }
]
shop> db.comments.find({'comments' : {$elemMatch : {'user' : 'Alice', 'text' : 'Awesome articale!'}}})

shop> db.comments.find({'comments' : {$elemMatch : {'user' : 'Alice', 'text' : 'Awesome article!'}}})
[
  {
    _id: 7,
    title: 'Introduction to MongoDB',
    content: 'MongoDB is a popular NoSQL database...',
    author: 'Vinod Thapa',
    comments: [
      { user: 'Alice', text: 'Awesome article!' },
      { user: 'Vinod', text: 'Thanks for sharing.' }
    ],
    metadata: { views: 1000, likes: 70 }
  }
]
shop> db.comments.find({'comments' : {$elemMatch : {'user' : 'Vinod', 'text' : 'Thanks for sharing.'}}})
[
  {
    _id: 7,
    title: 'Introduction to MongoDB',
    content: 'MongoDB is a popular NoSQL database...',
    author: 'Vinod Thapa',
    comments: [
      { user: 'Alice', text: 'Awesome article!' },
      { user: 'Vinod', text: 'Thanks for sharing.' }
    ],
    metadata: { views: 1000, likes: 70 }
  }
]
shop> db.comments.find({'comments.user' : 'Alice', 'comments.text' : 'Awesome article!' })
[
  {
    _id: 7,
    title: 'Introduction to MongoDB',
    content: 'MongoDB is a popular NoSQL database...',
    author: 'Vinod Thapa',
    comments: [
      { user: 'Alice', text: 'Awesome article!' },
      { user: 'Vinod', text: 'Thanks for sharing.' }
    ],
    metadata: { views: 1000, likes: 70 }
  }
]











Microsoft Windows [Version 10.0.19045.6093]
(c) Microsoft Corporation. All rights reserved.

C:\Users\Abhishek Singh>mongosh
Current Mongosh Log ID: 687be5f8926c61c1d6718dc3
Connecting to:          mongodb://127.0.0.1:27017/?directConnection=true&serverSelectionTimeoutMS=2000&appName=mongosh+2.5.5
Using MongoDB:          8.0.10
Using Mongosh:          2.5.5
mongosh 2.5.6 is available for download: https://www.mongodb.com/try/download/shell

For mongosh info see: https://www.mongodb.com/docs/mongodb-shell/

------
   The server generated these startup warnings when booting
   2025-07-15T11:49:11.275+05:30: Access control is not enabled for the database. Read and write access to data and configuration is unrestricted
------

test> show dbs
admin               40.00 KiB
config              48.00 KiB
local               72.00 KiB
node-with-mongoDB  108.00 KiB
shop               756.00 KiB
students            72.00 KiB
test> use shop
switched to db shop
shop> show collections
categories
comments
products
sales
shop> db.comments.find()
[
  {
    _id: 3,
    title: 'Getting Started with NoSQL Databases',
    content: 'NoSQL databases provide flexible data models...',
    author: 'Sarah Williams',
    comments: [
      { user: 'Eva', text: 'Very helpful!' },
      { user: 'Frank', text: 'Clear explanations.' }
    ],
    metadata: { views: 1200, likes: 40 }
  },
  {
    _id: 1,
    title: 'Introduction to MongoDB',
    content: 'MongoDB is a popular NoSQL database...',
    author: 'John Doe',
    comments: [
      { user: 'Alice', text: 'Great article!' },
      { user: 'Bob', text: 'Thanks for sharing.' },
      { user: 'Eva', text: 'Its beatifull!' },
      { user: 'jessy' }
    ],
    metadata: { views: 1000, likes: 50 }
  },
  {
    _id: 4,
    title: 'Advanced Queries in MongoDB',
    content: 'Learn how to write complex queries...',
    author: 'Michael Johnson',
    comments: [
      { user: 'Grace', text: 'Mind-blowing content!' },
      { user: 'Henry', text: 'Impressive examples.' }
    ],
    metadata: { views: 1500, likes: 60 }
  },
  {
    _id: 6,
    title: 'Schema Design Best Practices',
    content: 'Designing schemas for optimal performance...',
    author: 'Emily Brown',
    comments: [
      { user: 'Kevin', text: 'Invaluable insights!' },
      { user: 'Lily', text: 'Well-structured explanations.' }
    ],
    metadata: { views: 700, likes: 65 }
  },
  {
    _id: 7,
    title: 'Introduction to MongoDB',
    content: 'MongoDB is a popular NoSQL database...',
    author: 'Vinod Thapa',
    comments: [
      { user: 'Alice', text: 'Awesome article!' },
      { user: 'Vinod', text: 'Thanks for sharing.' }
    ],
    metadata: { views: 1000, likes: 70 }
  },
  {
    _id: 5,
    title: 'Optimizing MongoDB Performance',
    content: 'Tips and tricks to improve MongoDB performance...',
    author: 'Alex Turner',
    comments: [
      { user: 'Ivy', text: 'Very practical advice!' },
      { user: 'Jack', text: 'Helped me a lot.' }
    ],
    metadata: { views: 900, likes: 55 }
  },
  {
    _id: 2,
    title: 'Deep Dive into Aggregation Framework',
    content: 'The aggregation framework in MongoDB...',
    author: 'Jane Smith',
    comments: [
      { user: 'Charlie', text: 'Very informative!' },
      { user: 'David', text: 'Well explained.' }
    ],
    metadata: { views: 800, likes: 70 }
  }
]
shop> db.comments.find({'comments.user' : 'Jack'})
[
  {
    _id: 5,
    title: 'Optimizing MongoDB Performance',
    content: 'Tips and tricks to improve MongoDB performance...',
    author: 'Alex Turner',
    comments: [
      { user: 'Ivy', text: 'Very practical advice!' },
      { user: 'Jack', text: 'Helped me a lot.' }
    ],
    metadata: { views: 900, likes: 55 }
  }
]
shop> db.comments.find({'comments.user' : 'Alice'})
[
  {
    _id: 1,
    title: 'Introduction to MongoDB',
    content: 'MongoDB is a popular NoSQL database...',
    author: 'John Doe',
    comments: [
      { user: 'Alice', text: 'Great article!' },
      { user: 'Bob', text: 'Thanks for sharing.' },
      { user: 'Eva', text: 'Its beatifull!' },
      { user: 'jessy' }
    ],
    metadata: { views: 1000, likes: 50 }
  },
  {
    _id: 7,
    title: 'Introduction to MongoDB',
    content: 'MongoDB is a popular NoSQL database...',
    author: 'Vinod Thapa',
    comments: [
      { user: 'Alice', text: 'Awesome article!' },
      { user: 'Vinod', text: 'Thanks for sharing.' }
    ],
    metadata: { views: 1000, likes: 70 }
  }
]
shop> db.comments.find({'metadata.views' : {$gt : 1200}})
[
  {
    _id: 4,
    title: 'Advanced Queries in MongoDB',
    content: 'Learn how to write complex queries...',
    author: 'Michael Johnson',
    comments: [
      { user: 'Grace', text: 'Mind-blowing content!' },
      { user: 'Henry', text: 'Impressive examples.' }
    ],
    metadata: { views: 1500, likes: 60 }
  }
]
shop> db.comments.find({'metadata.views' : {$gt : 100}})
[
  {
    _id: 3,
    title: 'Getting Started with NoSQL Databases',
    content: 'NoSQL databases provide flexible data models...',
    author: 'Sarah Williams',
    comments: [
      { user: 'Eva', text: 'Very helpful!' },
      { user: 'Frank', text: 'Clear explanations.' }
    ],
    metadata: { views: 1200, likes: 40 }
  },
  {
    _id: 1,
    title: 'Introduction to MongoDB',
    content: 'MongoDB is a popular NoSQL database...',
    author: 'John Doe',
    comments: [
      { user: 'Alice', text: 'Great article!' },
      { user: 'Bob', text: 'Thanks for sharing.' },
      { user: 'Eva', text: 'Its beatifull!' },
      { user: 'jessy' }
    ],
    metadata: { views: 1000, likes: 50 }
  },
  {
    _id: 4,
    title: 'Advanced Queries in MongoDB',
    content: 'Learn how to write complex queries...',
    author: 'Michael Johnson',
    comments: [
      { user: 'Grace', text: 'Mind-blowing content!' },
      { user: 'Henry', text: 'Impressive examples.' }
    ],
    metadata: { views: 1500, likes: 60 }
  },
  {
    _id: 6,
    title: 'Schema Design Best Practices',
    content: 'Designing schemas for optimal performance...',
    author: 'Emily Brown',
    comments: [
      { user: 'Kevin', text: 'Invaluable insights!' },
      { user: 'Lily', text: 'Well-structured explanations.' }
    ],
    metadata: { views: 700, likes: 65 }
  },
  {
    _id: 7,
    title: 'Introduction to MongoDB',
    content: 'MongoDB is a popular NoSQL database...',
    author: 'Vinod Thapa',
    comments: [
      { user: 'Alice', text: 'Awesome article!' },
      { user: 'Vinod', text: 'Thanks for sharing.' }
    ],
    metadata: { views: 1000, likes: 70 }
  },
  {
    _id: 5,
    title: 'Optimizing MongoDB Performance',
    content: 'Tips and tricks to improve MongoDB performance...',
    author: 'Alex Turner',
    comments: [
      { user: 'Ivy', text: 'Very practical advice!' },
      { user: 'Jack', text: 'Helped me a lot.' }
    ],
    metadata: { views: 900, likes: 55 }
  },
  {
    _id: 2,
    title: 'Deep Dive into Aggregation Framework',
    content: 'The aggregation framework in MongoDB...',
    author: 'Jane Smith',
    comments: [
      { user: 'Charlie', text: 'Very informative!' },
      { user: 'David', text: 'Well explained.' }
    ],
    metadata: { views: 800, likes: 70 }
  }
]
shop> db.comments.find({'metadata.likes' : {$gt : 100}})

shop> db.comments.find({'metadata.likes' : {$gt : 10}})
[
  {
    _id: 3,
    title: 'Getting Started with NoSQL Databases',
    content: 'NoSQL databases provide flexible data models...',
    author: 'Sarah Williams',
    comments: [
      { user: 'Eva', text: 'Very helpful!' },
      { user: 'Frank', text: 'Clear explanations.' }
    ],
    metadata: { views: 1200, likes: 40 }
  },
  {
    _id: 1,
    title: 'Introduction to MongoDB',
    content: 'MongoDB is a popular NoSQL database...',
    author: 'John Doe',
    comments: [
      { user: 'Alice', text: 'Great article!' },
      { user: 'Bob', text: 'Thanks for sharing.' },
      { user: 'Eva', text: 'Its beatifull!' },
      { user: 'jessy' }
    ],
    metadata: { views: 1000, likes: 50 }
  },
  {
    _id: 4,
    title: 'Advanced Queries in MongoDB',
    content: 'Learn how to write complex queries...',
    author: 'Michael Johnson',
    comments: [
      { user: 'Grace', text: 'Mind-blowing content!' },
      { user: 'Henry', text: 'Impressive examples.' }
    ],
    metadata: { views: 1500, likes: 60 }
  },
  {
    _id: 6,
    title: 'Schema Design Best Practices',
    content: 'Designing schemas for optimal performance...',
    author: 'Emily Brown',
    comments: [
      { user: 'Kevin', text: 'Invaluable insights!' },
      { user: 'Lily', text: 'Well-structured explanations.' }
    ],
    metadata: { views: 700, likes: 65 }
  },
  {
    _id: 7,
    title: 'Introduction to MongoDB',
    content: 'MongoDB is a popular NoSQL database...',
    author: 'Vinod Thapa',
    comments: [
      { user: 'Alice', text: 'Awesome article!' },
      { user: 'Vinod', text: 'Thanks for sharing.' }
    ],
    metadata: { views: 1000, likes: 70 }
  },
  {
    _id: 5,
    title: 'Optimizing MongoDB Performance',
    content: 'Tips and tricks to improve MongoDB performance...',
    author: 'Alex Turner',
    comments: [
      { user: 'Ivy', text: 'Very practical advice!' },
      { user: 'Jack', text: 'Helped me a lot.' }
    ],
    metadata: { views: 900, likes: 55 }
  },
  {
    _id: 2,
    title: 'Deep Dive into Aggregation Framework',
    content: 'The aggregation framework in MongoDB...',
    author: 'Jane Smith',
    comments: [
      { user: 'Charlie', text: 'Very informative!' },
      { user: 'David', text: 'Well explained.' }
    ],
    metadata: { views: 800, likes: 70 }
  }
]
shop> db.comments.find({'metadata.likes' : {$gt : 10}}).count()
7
shop> db.comments.find({'metadata.views' : {$gt : 100}}).count()
7
shop> db.comments.find({'comments.user' : 'Henry' , 'metadata.likes' : {$gt : 50}})
[
  {
    _id: 4,
    title: 'Advanced Queries in MongoDB',
    content: 'Learn how to write complex queries...',
    author: 'Michael Johnson',
    comments: [
      { user: 'Grace', text: 'Mind-blowing content!' },
      { user: 'Henry', text: 'Impressive examples.' }
    ],
    metadata: { views: 1500, likes: 60 }
  }
]
shop> db.comments.find({'comments.user' : 'Alice','vinod'})
Uncaught:
SyntaxError: Unexpected token (1:51)

> 1 | db.comments.find({'comments.user' : 'Alice','vinod'})
    |                                                    ^
  2 |

shop> db.comments.find({'comments.user' : {$all: ['Alice', 'Vinod']}})
[
  {

shop> db.products.find().count
[Function: count] AsyncFunction {
  deprecated: true,
  returnsPromise: true,
  serverVersions: [ '0.0.0', '4.0.0' ],
  apiVersions: [ 0, Infinity ],
  topologies: [ 'ReplSet', 'Sharded', 'LoadBalanced', 'Standalone' ],
  returnType: { type: 'unknown', attributes: {} },
  platforms: [ 'Compass', 'Browser', 'CLI' ],
  isDirectShellCommand: false,
  acceptsRawInput: false,
  shellCommandCompleter: undefined,
  newShellCommandCompleter: undefined,
  help: [Function (anonymous)] Help
}
shop> db.products.find().count()
10355
shop> db.products.find()
[
  {
    _id: ObjectId('64c23601e32f4a51b19b9263'),
    name: 'Laptop Pro',
    company: '64c23350e32f4a51b19b9231',
    price: 1299,
    colors: [ '#333333', '#cccccc', '#00ff00' ],
    image: '/images/product-laptop.png',
    category: '64c2342de32f4a51b19b924e',
    isFeatured: true
  },
  {
    _id: ObjectId('64c23601e32f4a51b19b9264'),
    name: 'Smart Watch',
    company: '64c23350e32f4a51b19b9232',
    price: 249,
    colors: [ '#000000', '#ff0000', '#00ff00' ],
    image: '/images/product-smartwatch.png',
    category: '64c2342de32f4a51b19b924e',
    isFeatured: false
  },
  {
    _id: ObjectId('64c23601e32f4a51b19b9262'),
    name: 'Smartphone Model X',
    company: '64c23350e32f4a51b19b9230',
    price: 699,
    colors: [ '#000000', '#ffffff', '#ff0000' ],
    image: '/images/product-smartphone.png',
    category: '64c2342de32f4a51b19b924e',
    isFeatured: false
  },
  {
    _id: ObjectId('64c23601e32f4a51b19b9266'),
    name: 'Fashionable Sunglasses',
    company: '64c23350e32f4a51b19b9234',
    price: 129,
    colors: [ '#000000', '#666666', '#ffcc00' ],
    image: '/images/product-sunglasses.png',
    category: '64c2342de32f4a51b19b9250',
    isFeatured: false
  },
  {
    _id: ObjectId('64c23601e32f4a51b19b9267'),
    name: 'Skin Care Set',
    company: '64c23350e32f4a51b19b9235',
    price: 59,
    colors: [ '#ffffff', '#ff99cc', '#00cc99' ],
    image: '/images/product-skincare.png',
    category: '64c2342de32f4a51b19b9251',
    isFeatured: true
  },
  {
    _id: ObjectId('64c23601e32f4a51b19b9268'),
    name: 'Outdoor Camping Tent',
    company: '64c23350e32f4a51b19b9236',
    price: 299,
    colors: [ '#333333', '#99cc00', '#ffcc00' ],
    image: '/images/product-tent.png',
    category: '64c2342de32f4a51b19b9252',
    isFeatured: false
  },
  {
    _id: ObjectId('64c23601e32f4a51b19b9265'),
    name: 'Kitchen Blender',
    company: '64c23350e32f4a51b19b9233',
    price: 89,
    colors: [ '#ffffff', '#ff9900', '#990000' ],
    image: '/images/product-blender.png',
    category: '64c2342de32f4a51b19b924f',
    isFeatured: true
  },
  {
    _id: ObjectId('64c23601e32f4a51b19b9269'),
    name: 'Building Blocks Set',
    company: '64c23350e32f4a51b19b9237',
    price: 49,
    colors: [ '#ff0000', '#00ff00', '#0000ff' ],
    image: '/images/product-building-blocks.png',
    category: '64c2342de32f4a51b19b9253',
    isFeatured: true
  },
  {
    _id: ObjectId('64c23601e32f4a51b19b926a'),
    name: 'Car Jump Starter',
    company: '64c23350e32f4a51b19b9238',
    price: 89,
    colors: [ '#000000', '#999999', '#00ff00' ],
    image: '/images/product-jump-starter.png',
    category: '64c2342de32f4a51b19b924f',
    isFeatured: false
  },
  {
    _id: ObjectId('64c23601e32f4a51b19b926b'),
    name: 'Cookware Set',
    company: '64c23350e32f4a51b19b9239',
    price: 149,
    colors: [ '#ffffff', '#ffcc00', '#cc9900' ],
    image: '/images/product-cookware.png',
    category: '64c2342de32f4a51b19b924f',
    isFeatured: false
  },
  {
    _id: ObjectId('64c23601e32f4a51b19b926c'),
    name: 'Designer Handbag',
    company: '64c23350e32f4a51b19b923a',
    price: 349,
    colors: [ '#000000', '#cc6600', '#663300' ],
    image: '/images/product-handbag.png',
    category: '64c2342de32f4a51b19b9250',
    isFeatured: true
  },
  {
    _id: ObjectId('64c23601e32f4a51b19b926f'),
    name: 'Cookbook Collection',
    company: '64c23350e32f4a51b19b923d',
    price: 69,
    colors: [ '#ffffff', '#ff9900', '#0099ff' ],
    image: '/images/product-cookbook.png',
    category: '64c2342de32f4a51b19b9255',
    isFeatured: true
  },
  {
    _id: ObjectId('64c23601e32f4a51b19b9270'),
    name: 'Healthy Snack Pack',
    company: '64c23350e32f4a51b19b923e',
    price: 19,
    colors: [ '#ffffff', '#ffcc00', '#99cc00' ],
    image: '/images/product-snack-pack.png',
    category: '64c2342de32f4a51b19b9256',
    isFeatured: true
  },
  {
    _id: ObjectId('64c2363be32f4a51b19b9271'),
    name: 'Pet Grooming Kit',
    company: '64c23350e32f4a51b19b923e',
    price: 39,
    colors: [ '#ffffff', '#ffcc00', '#99cc00' ],
    image: '/images/product-pet-grooming.png',
    category: '64c2342de32f4a51b19b9257',
    isFeatured: false
  },
  {
    _id: ObjectId('64c23601e32f4a51b19b926e'),
    name: 'Car Cleaning Kit',
    company: '64c23350e32f4a51b19b923c',
    price: 29,
    colors: [ '#000000', '#666666', '#cc9900' ],
    image: '/images/product-car-cleaning.png',
    category: '64c2342de32f4a51b19b9254',
    isFeatured: false
  },
  {
    _id: ObjectId('64c2363be32f4a51b19b9272'),
    name: 'Modern Sofa Set',
    company: '64c23350e32f4a51b19b923f',
    price: 899,
    colors: [ '#000000', '#999999', '#cc6600' ],
    image: '/images/product-sofa-set.png',
    category: '64c2342de32f4a51b19b9258',
    isFeatured: true
  },
  {
    _id: ObjectId('64c2363be32f4a51b19b9273'),
    name: 'Silver Necklace',
    company: '64c23350e32f4a51b19b9240',
    price: 149,
    colors: [ '#ffffff', '#ffcc00', '#cc9900' ],
    image: '/images/product-necklace.png',
    category: '64c2342de32f4a51b19b9259',
    isFeatured: false
  },
  {
    _id: ObjectId('64c2363be32f4a51b19b9274'),
    name: 'Outdoor Dining Set',
    company: '64c23350e32f4a51b19b9241',
    price: 599,
    colors: [ '#333333', '#ff9900', '#660000' ],
    image: '/images/product-dining-set.png',
    category: '64c2342de32f4a51b19b925a',
    isFeatured: true
  },
  {
    _id: ObjectId('64c2363be32f4a51b19b9275'),
    name: 'Air Fryer',
    company: '64c23350e32f4a51b19b9242',
    price: 129,
    colors: [ '#000000', '#666666', '#cc9900' ],
    image: '/images/product-air-fryer.png',
    category: '64c2342de32f4a51b19b925b',
    isFeatured: false
  },
  {
    _id: ObjectId('64c23601e32f4a51b19b926d'),
    name: 'Gym Equipment Set',
    company: '64c23350e32f4a51b19b923b',
    price: 799,
    colors: [ '#333333', '#ff9900', '#660000' ],
    image: '/images/product-gym-equipment.png',
    category: '64c2342de32f4a51b19b925e',
    isFeatured: true
  }
]
Type "it" for more
shop> db.products.find({_id : ObjectId("64c23350e32f4a51b19b923b")})

shop> db.products.find({_id : ObjectId("64c23601e32f4a51b19b926d")})
[
  {
    _id: ObjectId('64c23601e32f4a51b19b926d'),
    name: 'Gym Equipment Set',
    company: '64c23350e32f4a51b19b923b',
    price: 799,
    colors: [ '#333333', '#ff9900', '#660000' ],
    image: '/images/product-gym-equipment.png',
    category: '64c2342de32f4a51b19b925e',
    isFeatured: true
  }
]
shop> db.products.updateOne({_id : ObjectId("64c23601e32f4a51b19b926d")}, {$set : {'price' : 45}})
{
  acknowledged: true,
  insertedId: null,
  matchedCount: 1,
  modifiedCount: 1,
  upsertedCount: 0
}
shop> db.products.find({_id : ObjectId("64c23601e32f4a51b19b926d")})
[
  {
    _id: ObjectId('64c23601e32f4a51b19b926d'),
    name: 'Gym Equipment Set',
    company: '64c23350e32f4a51b19b923b',
    price: 45,
    colors: [ '#333333', '#ff9900', '#660000' ],
    image: '/images/product-gym-equipment.png',
    category: '64c2342de32f4a51b19b925e',
    isFeatured: true
  }
]
shop> db.products.updateOne({name : 'Air Fryer'}, {$set : {'isFeatured' : true}})
{
  acknowledged: true,
  insertedId: null,
  matchedCount: 1,
  modifiedCount: 1,
  upsertedCount: 0
}
shop> db.products.updateOne({name : 'Air Fryer'}, {$set : {'isFeatured' : false}})
{
  acknowledged: true,
  insertedId: null,
  matchedCount: 1,
  modifiedCount: 1,
  upsertedCount: 0
}
shop> db.products.updateMany({name : 'Air Fryer'}, {$set : {'isFeatured' : false}})
{
  acknowledged: true,
  insertedId: null,
  matchedCount: 3,
  modifiedCount: 0,
  upsertedCount: 0
}
shop> db.products.find({price : 120}).count()
5
shop> db.products.updateMany({price : 120}, {$set : {'isFeatured' : false}})
{
  acknowledged: true,
  insertedId: null,
  matchedCount: 5,
  modifiedCount: 0,
  upsertedCount: 0
}
shop> db.products.updateMany({price : 120}, {$set : {'isFeatured' : true}})
{
  acknowledged: true,
  insertedId: null,
  matchedCount: 5,
  modifiedCount: 5,
  upsertedCount: 0
}
shop> db.products.find({price : 120}).limit(1)
[
  {
    _id: ObjectId('64c23edf9dc1fb2f85602168'),
    name: 'Ergonomic Granite Sausages',
    company: ObjectId('64c23350e32f4a51b19b9240'),
    price: 120,
    colors: [ '#641e3b' ],
    image: '/images/product-Luxurious.png',
    category: ObjectId('64c2342de32f4a51b19b925f'),
    isFeatured: true,
    __v: 0
  }
]
shop> db.products.updateMany({price : 123}, {$rename : {'isFeatured' : 'feature'}})
{
  acknowledged: true,
  insertedId: null,
  matchedCount: 7,
  modifiedCount: 7,
  upsertedCount: 0
}
shop> dp.products.find({price : 123})
ReferenceError: dp is not defined
shop> db.products.find({price : 123})
[
  {
    _id: ObjectId('64c23e543e180eb8a2682ff4'),
    name: 'Rustic Frozen Towels',
    company: ObjectId('64c23350e32f4a51b19b9235'),
    price: 123,
    colors: [ '#50215b' ],
    image: '/images/product-Rustic.png',
    category: ObjectId('64c2342de32f4a51b19b9255'),
    __v: 0,
    feature: false
  },
  {
    _id: ObjectId('64c23edf9dc1fb2f85601add'),
    name: 'Modern Frozen Soap',
    company: ObjectId('64c23350e32f4a51b19b9243'),
    price: 123,
    colors: [ '#2c042e' ],
    image: '/images/product-Gorgeous.png',
    category: ObjectId('64c2342de32f4a51b19b9258'),
    __v: 0,
    feature: false
  },
  {
    _id: ObjectId('64c23edf9dc1fb2f85602697'),
    name: 'Elegant Granite Gloves',
    company: ObjectId('64c23350e32f4a51b19b924d'),
    price: 123,
    colors: [ '#136a01' ],
    image: '/images/product-Tasty.png',
    category: ObjectId('64c2342de32f4a51b19b924e'),
    __v: 0,
    feature: false
  },
  {
    _id: ObjectId('64c23edf9dc1fb2f85602a48'),
    name: 'Electronic Soft Keyboard',
    company: ObjectId('64c23350e32f4a51b19b9240'),
    price: 123,
    colors: [ '#63615a' ],
    image: '/images/product-Electronic.png',
    category: ObjectId('64c2342de32f4a51b19b9254'),
    __v: 0,
    feature: false
  },
  {
    _id: ObjectId('64c23edf9dc1fb2f85602c60'),
    name: 'Incredible Steel Keyboard',
    company: ObjectId('64c23350e32f4a51b19b9235'),
    price: 123,
    colors: [ '#7e2d2f' ],
    image: '/images/product-Oriental.png',
    category: ObjectId('64c2342de32f4a51b19b925a'),
    __v: 0,
    feature: false
  },
  {
    _id: ObjectId('64c23f13f8ffc4957dc4f4ae'),
    name: 'Licensed Fresh Table',
    company: ObjectId('64c23350e32f4a51b19b923a'),
    price: 123,
    colors: [ '#09323b' ],
    image: '/images/product-Refined.png',
    category: ObjectId('64c2342de32f4a51b19b9258'),
    __v: 0,
    feature: false
  },
  {
    _id: ObjectId('64c23f13f8ffc4957dc50181'),
    name: 'Awesome Steel Ball',
    company: ObjectId('64c23350e32f4a51b19b923b'),
    price: 123,
    colors: [ '#6b7b0b' ],
    image: '/images/product-Unbranded.png',
    category: ObjectId('64c2342de32f4a51b19b9260'),
    __v: 0,
    feature: false
  }
]
shop> db.products.find({price : 123}).count()
7
shop> db.products.updateMany({price : 1299}, {$unset : {'isFeatured' : 1}})
{
  acknowledged: true,
  insertedId: null,
  matchedCount: 1,
  modifiedCount: 1,
  upsertedCount: 0
}
shop> db.products.find({price : 1299}).count()
1
shop> db.products.find({price : 1299})
[
  {
    _id: ObjectId('64c23601e32f4a51b19b9263'),
    name: 'Laptop Pro',
    company: '64c23350e32f4a51b19b9231',
    price: 1299,
    colors: [ '#333333', '#cccccc', '#00ff00' ],
    image: '/images/product-laptop.png',
    category: '64c2342de32f4a51b19b924e'
  }
]
shop> db.comments.find().limit(1)
[
  {
    _id: 3,
    title: 'Getting Started with NoSQL Databases',
    content: 'NoSQL databases provide flexible data models...',
    author: 'Sarah Williams',
    comments: [
      { user: 'Eva', text: 'Very helpful!' },
      { user: 'Frank', text: 'Clear explanations.' }
    ],
    metadata: { views: 1200, likes: 40 }
  }
]
shop> db.comments.updateOne({_id: 5}, {$set : {'user' : 'jessy'}})
{
  acknowledged: true,
  insertedId: null,
  matchedCount: 1,
  modifiedCount: 1,
  upsertedCount: 0
}
shop> db.comments.find().limit(1)
[
  {
    _id: 3,
    title: 'Getting Started with NoSQL Databases',
    content: 'NoSQL databases provide flexible data models...',
    author: 'Sarah Williams',
    comments: [
      { user: 'Eva', text: 'Very helpful!' },
      { user: 'Frank', text: 'Clear explanations.' }
    ],
    metadata: { views: 1200, likes: 40 }
  }
]
shop> db.comments.find()
[
  {
    _id: 3,
    title: 'Getting Started with NoSQL Databases',
    content: 'NoSQL databases provide flexible data models...',
    author: 'Sarah Williams',
    comments: [
      { user: 'Eva', text: 'Very helpful!' },
      { user: 'Frank', text: 'Clear explanations.' }
    ],
    metadata: { views: 1200, likes: 40 }
  },
  {
    _id: 1,
    title: 'Introduction to MongoDB',
    content: 'MongoDB is a popular NoSQL database...',
    author: 'John Doe',
    comments: [
      { user: 'Alice', text: 'Great article!' },
      { user: 'Bob', text: 'Thanks for sharing.' },
      { user: 'Eva', text: 'Its beatifull!' },
      { user: 'jessy' }
    ],
    metadata: { views: 1000, likes: 50 }
  },
  {
    _id: 4,
    title: 'Advanced Queries in MongoDB',
    content: 'Learn how to write complex queries...',
    author: 'Michael Johnson',
    comments: [
      { user: 'Grace', text: 'Mind-blowing content!' },
      { user: 'Henry', text: 'Impressive examples.' }
    ],
    metadata: { views: 1500, likes: 60 }
  },
  {
    _id: 6,
    title: 'Schema Design Best Practices',
    content: 'Designing schemas for optimal performance...',
    author: 'Emily Brown',
    comments: [
      { user: 'Kevin', text: 'Invaluable insights!' },
      { user: 'Lily', text: 'Well-structured explanations.' }
    ],
    metadata: { views: 700, likes: 65 }
  },
  {
    _id: 7,
    title: 'Introduction to MongoDB',
    content: 'MongoDB is a popular NoSQL database...',
    author: 'Vinod Thapa',
    comments: [
      { user: 'Alice', text: 'Awesome article!' },
      { user: 'Vinod', text: 'Thanks for sharing.' }
    ],
    metadata: { views: 1000, likes: 70 }
  },
  {
    _id: 5,
    title: 'Optimizing MongoDB Performance',
    content: 'Tips and tricks to improve MongoDB performance...',
    author: 'Alex Turner',
    comments: [
      { user: 'Ivy', text: 'Very practical advice!' },
      { user: 'Jack', text: 'Helped me a lot.' }
    ],
    metadata: { views: 900, likes: 55 },
    user: 'jessy'
  },
  {
    _id: 2,
    title: 'Deep Dive into Aggregation Framework',
    content: 'The aggregation framework in MongoDB...',
    author: 'Jane Smith',
    comments: [
      { user: 'Charlie', text: 'Very informative!' },
      { user: 'David', text: 'Well explained.' }
    ],
    metadata: { views: 800, likes: 70 }
  }
]
shop> db.comments.updateOne({_id: 5}, {$unset : {'user' : 1}})
{
  acknowledged: true,
  insertedId: null,
  matchedCount: 1,
  modifiedCount: 1,
  upsertedCount: 0
}
shop> db.comments.find()
[
  {
    _id: 3,
    title: 'Getting Started with NoSQL Databases',
    content: 'NoSQL databases provide flexible data models...',
    author: 'Sarah Williams',
    comments: [
      { user: 'Eva', text: 'Very helpful!' },
      { user: 'Frank', text: 'Clear explanations.' }
    ],
    metadata: { views: 1200, likes: 40 }
  },
  {
    _id: 1,
    title: 'Introduction to MongoDB',
    content: 'MongoDB is a popular NoSQL database...',
    author: 'John Doe',
    comments: [
      { user: 'Alice', text: 'Great article!' },
      { user: 'Bob', text: 'Thanks for sharing.' },
      { user: 'Eva', text: 'Its beatifull!' },
      { user: 'jessy' }
    ],
    metadata: { views: 1000, likes: 50 }
  },
  {
    _id: 4,
    title: 'Advanced Queries in MongoDB',
    content: 'Learn how to write complex queries...',
    author: 'Michael Johnson',
    comments: [
      { user: 'Grace', text: 'Mind-blowing content!' },
      { user: 'Henry', text: 'Impressive examples.' }
    ],
    metadata: { views: 1500, likes: 60 }
  },
  {
    _id: 6,
    title: 'Schema Design Best Practices',
    content: 'Designing schemas for optimal performance...',
    author: 'Emily Brown',
    comments: [
      { user: 'Kevin', text: 'Invaluable insights!' },
      { user: 'Lily', text: 'Well-structured explanations.' }
    ],
    metadata: { views: 700, likes: 65 }
  },
  {
    _id: 7,
    title: 'Introduction to MongoDB',
    content: 'MongoDB is a popular NoSQL database...',
    author: 'Vinod Thapa',
    comments: [
      { user: 'Alice', text: 'Awesome article!' },
      { user: 'Vinod', text: 'Thanks for sharing.' }
    ],
    metadata: { views: 1000, likes: 70 }
  },
  {
    _id: 5,
    title: 'Optimizing MongoDB Performance',
    content: 'Tips and tricks to improve MongoDB performance...',
    author: 'Alex Turner',
    comments: [
      { user: 'Ivy', text: 'Very practical advice!' },
      { user: 'Jack', text: 'Helped me a lot.' }
    ],
    metadata: { views: 900, likes: 55 }
  },
  {
    _id: 2,
    title: 'Deep Dive into Aggregation Framework',
    content: 'The aggregation framework in MongoDB...',
    author: 'Jane Smith',
    comments: [
      { user: 'Charlie', text: 'Very informative!' },
      { user: 'David', text: 'Well explained.' }
    ],
    metadata: { views: 800, likes: 70 }
  }
]
shop> db.comments.updateOne({_id: 5}, {$push : {'comments' : {user : 'Abhishek', text : "Hello EveryOne"}}})
{
  acknowledged: true,
  insertedId: null,
  matchedCount: 1,
  modifiedCount: 1,
  upsertedCount: 0
}
shop> db.comments.find()
[
  {
    _id: 3,
    title: 'Getting Started with NoSQL Databases',
    content: 'NoSQL databases provide flexible data models...',
    author: 'Sarah Williams',
    comments: [
      { user: 'Eva', text: 'Very helpful!' },
      { user: 'Frank', text: 'Clear explanations.' }
    ],
    metadata: { views: 1200, likes: 40 }
  },
  {
    _id: 1,
    title: 'Introduction to MongoDB',
    content: 'MongoDB is a popular NoSQL database...',
    author: 'John Doe',
    comments: [
      { user: 'Alice', text: 'Great article!' },
      { user: 'Bob', text: 'Thanks for sharing.' },
      { user: 'Eva', text: 'Its beatifull!' },
      { user: 'jessy' }
    ],
    metadata: { views: 1000, likes: 50 }
  },
  {
    _id: 4,
    title: 'Advanced Queries in MongoDB',
    content: 'Learn how to write complex queries...',
    author: 'Michael Johnson',
    comments: [
      { user: 'Grace', text: 'Mind-blowing content!' },
      { user: 'Henry', text: 'Impressive examples.' }
    ],
    metadata: { views: 1500, likes: 60 }
  },
  {
    _id: 6,
    title: 'Schema Design Best Practices',
    content: 'Designing schemas for optimal performance...',
    author: 'Emily Brown',
    comments: [
      { user: 'Kevin', text: 'Invaluable insights!' },
      { user: 'Lily', text: 'Well-structured explanations.' }
    ],
    metadata: { views: 700, likes: 65 }
  },
  {
    _id: 7,
    title: 'Introduction to MongoDB',
    content: 'MongoDB is a popular NoSQL database...',
    author: 'Vinod Thapa',
    comments: [
      { user: 'Alice', text: 'Awesome article!' },
      { user: 'Vinod', text: 'Thanks for sharing.' }
    ],
    metadata: { views: 1000, likes: 70 }
  },
  {
    _id: 5,
    title: 'Optimizing MongoDB Performance',
    content: 'Tips and tricks to improve MongoDB performance...',
    author: 'Alex Turner',
    comments: [
      { user: 'Ivy', text: 'Very practical advice!' },
      { user: 'Jack', text: 'Helped me a lot.' },
      { user: 'Abhishek', text: 'Hello EveryOne' }
    ],
    metadata: { views: 900, likes: 55 }
  },
  {
    _id: 2,
    title: 'Deep Dive into Aggregation Framework',
    content: 'The aggregation framework in MongoDB...',
    author: 'Jane Smith',
    comments: [
      { user: 'Charlie', text: 'Very informative!' },
      { user: 'David', text: 'Well explained.' }
    ],
    metadata: { views: 800, likes: 70 }
  }
]
shop> db.comments.updateOne({_id: 5}, {$pop : {'comments' : {user : 'Abhishek', text : "Hello EveryOne"}}})
MongoServerError: Expected a number in: comments: { user: "Abhishek", text: "Hello EveryOne" }
shop> db.comments.updateOne({_id: 5}, {$pop : {'comments' : 1})
Uncaught:
SyntaxError: Unexpected token, expected "," (1:56)

> 1 | db.comments.updateOne({_id: 5}, {$pop : {'comments' : 1})
    |                                                         ^
  2 |

shop> db.comments.updateOne({_id: 5}, {$pop : {'comments' : 1}})
{
  acknowledged: true,
  insertedId: null,
  matchedCount: 1,
  modifiedCount: 1,
  upsertedCount: 0
}
shop> db.comments.find()
[
  {
    _id: 3,
    title: 'Getting Started with NoSQL Databases',
    content: 'NoSQL databases provide flexible data models...',
    author: 'Sarah Williams',
    comments: [
      { user: 'Eva', text: 'Very helpful!' },
      { user: 'Frank', text: 'Clear explanations.' }
    ],
    metadata: { views: 1200, likes: 40 }
  },
  {
    _id: 1,
    title: 'Introduction to MongoDB',
    content: 'MongoDB is a popular NoSQL database...',
    author: 'John Doe',
    comments: [
      { user: 'Alice', text: 'Great article!' },
      { user: 'Bob', text: 'Thanks for sharing.' },
      { user: 'Eva', text: 'Its beatifull!' },
      { user: 'jessy' }
    ],
    metadata: { views: 1000, likes: 50 }
  },
  {
    _id: 4,
    title: 'Advanced Queries in MongoDB',
    content: 'Learn how to write complex queries...',
    author: 'Michael Johnson',
    comments: [
      { user: 'Grace', text: 'Mind-blowing content!' },
      { user: 'Henry', text: 'Impressive examples.' }
    ],
    metadata: { views: 1500, likes: 60 }
  },
  {
    _id: 6,
    title: 'Schema Design Best Practices',
    content: 'Designing schemas for optimal performance...',
    author: 'Emily Brown',
    comments: [
      { user: 'Kevin', text: 'Invaluable insights!' },
      { user: 'Lily', text: 'Well-structured explanations.' }
    ],
    metadata: { views: 700, likes: 65 }
  },
  {
    _id: 7,
    title: 'Introduction to MongoDB',
    content: 'MongoDB is a popular NoSQL database...',
    author: 'Vinod Thapa',
    comments: [
      { user: 'Alice', text: 'Awesome article!' },
      { user: 'Vinod', text: 'Thanks for sharing.' }
    ],
    metadata: { views: 1000, likes: 70 }
  },
  {
    _id: 5,
    title: 'Optimizing MongoDB Performance',
    content: 'Tips and tricks to improve MongoDB performance...',
    author: 'Alex Turner',
    comments: [
      { user: 'Ivy', text: 'Very practical advice!' },
      { user: 'Jack', text: 'Helped me a lot.' }
    ],
    metadata: { views: 900, likes: 55 }
  },
  {
    _id: 2,
    title: 'Deep Dive into Aggregation Framework',
    content: 'The aggregation framework in MongoDB...',
    author: 'Jane Smith',
    comments: [
      { user: 'Charlie', text: 'Very informative!' },
      { user: 'David', text: 'Well explained.' }
    ],
    metadata: { views: 800, likes: 70 }
  }
]
shop> db.comments.updateOne({_id: 5}, {$pop : {'comments' : 1}})
{
  acknowledged: true,
  insertedId: null,
  matchedCount: 1,
  modifiedCount: 1,
  upsertedCount: 0
}
shop> db.comments.find()
[
  {
    _id: 3,
    title: 'Getting Started with NoSQL Databases',
    content: 'NoSQL databases provide flexible data models...',
    author: 'Sarah Williams',
    comments: [
      { user: 'Eva', text: 'Very helpful!' },
      { user: 'Frank', text: 'Clear explanations.' }
    ],
    metadata: { views: 1200, likes: 40 }
  },
  {
    _id: 1,
    title: 'Introduction to MongoDB',
    content: 'MongoDB is a popular NoSQL database...',
    author: 'John Doe',
    comments: [
      { user: 'Alice', text: 'Great article!' },
      { user: 'Bob', text: 'Thanks for sharing.' },
      { user: 'Eva', text: 'Its beatifull!' },
      { user: 'jessy' }
    ],
    metadata: { views: 1000, likes: 50 }
  },
  {
    _id: 4,
    title: 'Advanced Queries in MongoDB',
    content: 'Learn how to write complex queries...',
    author: 'Michael Johnson',
    comments: [
      { user: 'Grace', text: 'Mind-blowing content!' },
      { user: 'Henry', text: 'Impressive examples.' }
    ],
    metadata: { views: 1500, likes: 60 }
  },
  {
    _id: 6,
    title: 'Schema Design Best Practices',
    content: 'Designing schemas for optimal performance...',
    author: 'Emily Brown',
    comments: [
      { user: 'Kevin', text: 'Invaluable insights!' },
      { user: 'Lily', text: 'Well-structured explanations.' }
    ],
    metadata: { views: 700, likes: 65 }
  },
  {
    _id: 7,
    title: 'Introduction to MongoDB',
    content: 'MongoDB is a popular NoSQL database...',
    author: 'Vinod Thapa',
    comments: [
      { user: 'Alice', text: 'Awesome article!' },
      { user: 'Vinod', text: 'Thanks for sharing.' }
    ],
    metadata: { views: 1000, likes: 70 }
  },
  {
    _id: 5,
    title: 'Optimizing MongoDB Performance',
    content: 'Tips and tricks to improve MongoDB performance...',
    author: 'Alex Turner',
    comments: [ { user: 'Ivy', text: 'Very practical advice!' } ],
    metadata: { views: 900, likes: 55 }
  },
  {
    _id: 2,
    title: 'Deep Dive into Aggregation Framework',
    content: 'The aggregation framework in MongoDB...',
    author: 'Jane Smith',
    comments: [
      { user: 'Charlie', text: 'Very informative!' },
      { user: 'David', text: 'Well explained.' }
    ],
    metadata: { views: 800, likes: 70 }
  }
]
shop> db.comments.find({_id: 7, 'comments.user' : 'Alice'})
[
  {
    _id: 7,
    title: 'Introduction to MongoDB',
    content: 'MongoDB is a popular NoSQL database...',
    author: 'Vinod Thapa',
    comments: [
      { user: 'Alice', text: 'Awesome article!' },
      { user: 'Vinod', text: 'Thanks for sharing.' }
    ],
shop> db.comments.updateOne({_id : 7, 'comments.user' : 'Alice'}, {$set : {'comments.$.text' : 'Mai hu Khalnayak'}})
{
  acknowledged: true,
  insertedId: null,
  matchedCount: 1,
  modifiedCount: 1,
  upsertedCount: 0
}
shop> db.comments.find()
[
  {
    _id: 3,
    title: 'Getting Started with NoSQL Databases',
    content: 'NoSQL databases provide flexible data models...',
    author: 'Sarah Williams',
    comments: [
      { user: 'Eva', text: 'Very helpful!' },
      { user: 'Frank', text: 'Clear explanations.' }
    ],
    metadata: { views: 1200, likes: 40 }
  },
  {
    _id: 1,
    title: 'Introduction to MongoDB',
    content: 'MongoDB is a popular NoSQL database...',
    author: 'John Doe',
    comments: [
      { user: 'Alice', text: 'Great article!' },
      { user: 'Bob', text: 'Thanks for sharing.' },
      { user: 'Eva', text: 'Its beatifull!' },
      { user: 'jessy' }
    ],
    metadata: { views: 1000, likes: 50 }
  },
  {
    _id: 4,
    title: 'Advanced Queries in MongoDB',
    content: 'Learn how to write complex queries...',
    author: 'Michael Johnson',
    comments: [
      { user: 'Grace', text: 'Mind-blowing content!' },
      { user: 'Henry', text: 'Impressive examples.' }
    ],
    metadata: { views: 1500, likes: 60 }
  },
  {
    _id: 6,
    title: 'Schema Design Best Practices',
    content: 'Designing schemas for optimal performance...',
    author: 'Emily Brown',
    comments: [
      { user: 'Kevin', text: 'Invaluable insights!' },
      { user: 'Lily', text: 'Well-structured explanations.' }
    ],
    metadata: { views: 700, likes: 65 }
  },
  {
    _id: 7,
    title: 'Introduction to MongoDB',
    content: 'MongoDB is a popular NoSQL database...',
    author: 'Vinod Thapa',
    comments: [
      { user: 'Alice', text: 'Mai hu Khalnayak' },
      { user: 'Vinod', text: 'Thanks for sharing.' }
    ],
    metadata: { views: 1000, likes: 70 }
  },
  {
    _id: 5,
    title: 'Optimizing MongoDB Performance',
    content: 'Tips and tricks to improve MongoDB performance...',
    author: 'Alex Turner',
    comments: [ { user: 'Ivy', text: 'Very practical advice!' } ],
    metadata: { views: 900, likes: 55 }
  },
  {
    _id: 2,
    title: 'Deep Dive into Aggregation Framework',
    content: 'The aggregation framework in MongoDB...',
    author: 'Jane Smith',
    comments: [
      { user: 'Charlie', text: 'Very informative!' },
      { user: 'David', text: 'Well explained.' }
    ],
    metadata: { views: 800, likes: 70 }
  }
]
shop> db.comments.updateOne({_id : 7, 'comments.user' : 'Vinod'}, {$set : {'comments.$.text' : 'Dekh rha hai vinod kaise baat ko ghumaya jata hai'}})
{
  acknowledged: true,
  insertedId: null,
  matchedCount: 1,
  modifiedCount: 1,
  upsertedCount: 0
}
shop> db.comments.find()
[
  {
    _id: 3,
    title: 'Getting Started with NoSQL Databases',
    content: 'NoSQL databases provide flexible data models...',
    author: 'Sarah Williams',
    comments: [
      { user: 'Eva', text: 'Very helpful!' },
      { user: 'Frank', text: 'Clear explanations.' }
    ],
    metadata: { views: 1200, likes: 40 }
  },
  {
    _id: 1,
    title: 'Introduction to MongoDB',
    content: 'MongoDB is a popular NoSQL database...',
    author: 'John Doe',
    comments: [
      { user: 'Alice', text: 'Great article!' },
      { user: 'Bob', text: 'Thanks for sharing.' },
      { user: 'Eva', text: 'Its beatifull!' },
      { user: 'jessy' }
    ],
    metadata: { views: 1000, likes: 50 }
  },
  {
    _id: 4,
    title: 'Advanced Queries in MongoDB',
    content: 'Learn how to write complex queries...',
    author: 'Michael Johnson',
    comments: [
      { user: 'Grace', text: 'Mind-blowing content!' },
      { user: 'Henry', text: 'Impressive examples.' }
    ],
    metadata: { views: 1500, likes: 60 }
  },
  {
    _id: 6,
    title: 'Schema Design Best Practices',
    content: 'Designing schemas for optimal performance...',
    author: 'Emily Brown',
    comments: [
      { user: 'Kevin', text: 'Invaluable insights!' },
      { user: 'Lily', text: 'Well-structured explanations.' }
    ],
    metadata: { views: 700, likes: 65 }
  },
  {
    _id: 7,
    title: 'Introduction to MongoDB',
    content: 'MongoDB is a popular NoSQL database...',
    author: 'Vinod Thapa',
    comments: [
      { user: 'Alice', text: 'Mai hu Khalnayak' },
      {
        user: 'Vinod',
        text: 'Dekh rha hai vinod kaise baat ko ghumaya jata hai'
      }
    ],
    metadata: { views: 1000, likes: 70 }
  },
  {
    _id: 5,
    title: 'Optimizing MongoDB Performance',
    content: 'Tips and tricks to improve MongoDB performance...',
    author: 'Alex Turner',
    comments: [ { user: 'Ivy', text: 'Very practical advice!' } ],
    metadata: { views: 900, likes: 55 }
  },
  {
    _id: 2,
    title: 'Deep Dive into Aggregation Framework',
    content: 'The aggregation framework in MongoDB...',
    author: 'Jane Smith',
    comments: [
      { user: 'Charlie', text: 'Very informative!' },
      { user: 'David', text: 'Well explained.' }
    ],
    metadata: { views: 800, likes: 70 }
  }
]






Microsoft Windows [Version 10.0.19045.6093]
(c) Microsoft Corporation. All rights reserved.

C:\Users\Abhishek Singh>mongosh
Current Mongosh Log ID: 687ccba0628fc5c1ca718dc3
Connecting to:          mongodb://127.0.0.1:27017/?directConnection=true&serverSelectionTimeoutMS=2000&appName=mongosh+2.5.5
Using MongoDB:          8.0.10
Using Mongosh:          2.5.5
mongosh 2.5.6 is available for download: https://www.mongodb.com/try/download/shell

For mongosh info see: https://www.mongodb.com/docs/mongodb-shell/

------
   The server generated these startup warnings when booting
   2025-07-15T11:49:11.275+05:30: Access control is not enabled for the database. Read and write access to data and configuration is unrestricted
------

test> show dbs
admin               40.00 KiB
config              60.00 KiB
local               72.00 KiB
node-with-mongoDB  108.00 KiB
shop                 1.25 MiB
students            72.00 KiB
test> use shop
switched to db shop
shop> db.comments.deleteOne({_id : 1})
{ acknowledged: true, deletedCount: 1 }
shop> db.comments.find()
[
  {
    _id: 3,
    title: 'Getting Started with NoSQL Databases',
    content: 'NoSQL databases provide flexible data models...',
    author: 'Sarah Williams',
    comments: [
      { user: 'Eva', text: 'Very helpful!' },
      { user: 'Frank', text: 'Clear explanations.' }
    ],
    metadata: { views: 1200, likes: 40 }
  },
  {
    _id: 4,
    title: 'Advanced Queries in MongoDB',
    content: 'Learn how to write complex queries...',
    author: 'Michael Johnson',
    comments: [
      { user: 'Grace', text: 'Mind-blowing content!' },
      { user: 'Henry', text: 'Impressive examples.' }
    ],
    metadata: { views: 1500, likes: 60 }
  },
  {
    _id: 6,
    title: 'Schema Design Best Practices',
    content: 'Designing schemas for optimal performance...',
    author: 'Emily Brown',
    comments: [
      { user: 'Kevin', text: 'Invaluable insights!' },
      { user: 'Lily', text: 'Well-structured explanations.' }
    ],
    metadata: { views: 700, likes: 65 }
  },
  {
    _id: 7,
    title: 'Introduction to MongoDB',
    content: 'MongoDB is a popular NoSQL database...',
    author: 'Vinod Thapa',
    comments: [
      { user: 'Alice', text: 'Mai hu Khalnayak' },
      {
        user: 'Vinod',
        text: 'Dekh rha hai vinod kaise baat ko ghumaya jata hai'
      }
    ],
    metadata: { views: 1000, likes: 70 }
  },
  {
    _id: 5,
    title: 'Optimizing MongoDB Performance',
    content: 'Tips and tricks to improve MongoDB performance...',
    author: 'Alex Turner',
    comments: [ { user: 'Ivy', text: 'Very practical advice!' } ],
    metadata: { views: 900, likes: 55 }
  },
  {
    _id: 2,
    title: 'Deep Dive into Aggregation Framework',
    content: 'The aggregation framework in MongoDB...',
    author: 'Jane Smith',
    comments: [
      { user: 'Charlie', text: 'Very informative!' },
      { user: 'David', text: 'Well explained.' }
    ],
    metadata: { views: 800, likes: 70 }
  }
]
shop> db.comments.updateOne({_id : 6}, {$unset : {metadata : 1}})
{
  acknowledged: true,
  insertedId: null,
  matchedCount: 1,
  modifiedCount: 1,
  upsertedCount: 0
}
shop> db.comments.find()
[
  {
    _id: 3,
    title: 'Getting Started with NoSQL Databases',
    content: 'NoSQL databases provide flexible data models...',
    author: 'Sarah Williams',
    comments: [
      { user: 'Eva', text: 'Very helpful!' },
      { user: 'Frank', text: 'Clear explanations.' }
    ],
    metadata: { views: 1200, likes: 40 }
  },
  {
    _id: 4,
    title: 'Advanced Queries in MongoDB',
    content: 'Learn how to write complex queries...',
    author: 'Michael Johnson',
    comments: [
      { user: 'Grace', text: 'Mind-blowing content!' },
      { user: 'Henry', text: 'Impressive examples.' }
    ],
    metadata: { views: 1500, likes: 60 }
  },
  {
    _id: 6,
    title: 'Schema Design Best Practices',
    content: 'Designing schemas for optimal performance...',
    author: 'Emily Brown',
    comments: [
      { user: 'Kevin', text: 'Invaluable insights!' },
      { user: 'Lily', text: 'Well-structured explanations.' }
    ]
  },
  {
    _id: 7,
    title: 'Introduction to MongoDB',
    content: 'MongoDB is a popular NoSQL database...',
    author: 'Vinod Thapa',
    comments: [
      { user: 'Alice', text: 'Mai hu Khalnayak' },
      {
        user: 'Vinod',
        text: 'Dekh rha hai vinod kaise baat ko ghumaya jata hai'
      }
    ],
    metadata: { views: 1000, likes: 70 }
  },
  {
    _id: 5,
    title: 'Optimizing MongoDB Performance',
    content: 'Tips and tricks to improve MongoDB performance...',
    author: 'Alex Turner',
    comments: [ { user: 'Ivy', text: 'Very practical advice!' } ],
    metadata: { views: 900, likes: 55 }
  },
  {
    _id: 2,
    title: 'Deep Dive into Aggregation Framework',
    content: 'The aggregation framework in MongoDB...',
    author: 'Jane Smith',
    comments: [
      { user: 'Charlie', text: 'Very informative!' },
      { user: 'David', text: 'Well explained.' }
    ],
    metadata: { views: 800, likes: 70 }
  }
]
shop> db.products.deleteMany({price : 1299})
{ acknowledged: true, deletedCount: 1 }
shop> db.products.find({price : {$gt : 100}}).count()
9214
shop> db.products.find({price : {$gt : 100}}).explain()
{
  explainVersion: '1',
  queryPlanner: {
    namespace: 'shop.products',
    parsedQuery: { price: { '$gt': 100 } },
    indexFilterSet: false,
    queryHash: '8E1D451A',
    planCacheShapeHash: '8E1D451A',
    planCacheKey: 'D910EC32',
    optimizationTimeMillis: 0,
    maxIndexedOrSolutionsReached: false,
    maxIndexedAndSolutionsReached: false,
    maxScansToExplodeReached: false,
    prunedSimilarIndexes: false,
    winningPlan: {
      isCached: false,
      stage: 'COLLSCAN',
      filter: { price: { '$gt': 100 } },
      direction: 'forward'
    },
    rejectedPlans: []
  },
  queryShapeHash: '7C50EDB71259F55C2D1DA6AAB373F82B1C42674419E14C30B3A86C50298CB436',
  command: {
    find: 'products',
    filter: { price: { '$gt': 100 } },
    '$db': 'shop'
  },
  serverInfo: {
    host: 'DESKTOP-8PS3VSC',
    port: 27017,
    version: '8.0.10',
    gitVersion: '9d03076bb2d5147d5b6fe381c7118b0b0478b682'
  },
  serverParameters: {
    internalQueryFacetBufferSizeBytes: 104857600,
    internalQueryFacetMaxOutputDocSizeBytes: 104857600,
    internalLookupStageIntermediateDocumentMaxSizeBytes: 104857600,
    internalDocumentSourceGroupMaxMemoryBytes: 104857600,
    internalQueryMaxBlockingSortMemoryUsageBytes: 104857600,
    internalQueryProhibitBlockingMergeOnMongoS: 0,
    internalQueryMaxAddToSetBytes: 104857600,
    internalDocumentSourceSetWindowFieldsMaxMemoryBytes: 104857600,
    internalQueryFrameworkControl: 'trySbeRestricted',
    internalQueryPlannerIgnoreIndexWithCollationForRegex: 1
  },
  ok: 1
}
shop> db.products.find({price : {$gt : 100}}).explain('executionStats')
{
  explainVersion: '1',
  queryPlanner: {
    namespace: 'shop.products',
    parsedQuery: { price: { '$gt': 100 } },
    indexFilterSet: false,
    queryHash: '8E1D451A',
    planCacheShapeHash: '8E1D451A',
    planCacheKey: 'D910EC32',
    optimizationTimeMillis: 0,
    maxIndexedOrSolutionsReached: false,
    maxIndexedAndSolutionsReached: false,
    maxScansToExplodeReached: false,
    prunedSimilarIndexes: false,
    winningPlan: {
      isCached: false,
      stage: 'COLLSCAN',
      filter: { price: { '$gt': 100 } },
      direction: 'forward'
    },
    rejectedPlans: []
  },
  executionStats: {
    executionSuccess: true,
    nReturned: 9214,
    executionTimeMillis: 6,
    totalKeysExamined: 0,
    totalDocsExamined: 10354,
    executionStages: {
      isCached: false,
      stage: 'COLLSCAN',
      filter: { price: { '$gt': 100 } },
      nReturned: 9214,
      executionTimeMillisEstimate: 0,
      works: 10355,
      advanced: 9214,
      needTime: 1140,
      needYield: 0,
      saveState: 0,
      restoreState: 0,
      isEOF: 1,
      direction: 'forward',
      docsExamined: 10354
    }
  },
  queryShapeHash: '7C50EDB71259F55C2D1DA6AAB373F82B1C42674419E14C30B3A86C50298CB436',
  command: {
    find: 'products',
    filter: { price: { '$gt': 100 } },
    '$db': 'shop'
  },
  serverInfo: {
    host: 'DESKTOP-8PS3VSC',
    port: 27017,
    version: '8.0.10',
    gitVersion: '9d03076bb2d5147d5b6fe381c7118b0b0478b682'
  },
  serverParameters: {
    internalQueryFacetBufferSizeBytes: 104857600,
    internalQueryFacetMaxOutputDocSizeBytes: 104857600,
    internalLookupStageIntermediateDocumentMaxSizeBytes: 104857600,
    internalDocumentSourceGroupMaxMemoryBytes: 104857600,
    internalQueryMaxBlockingSortMemoryUsageBytes: 104857600,
    internalQueryProhibitBlockingMergeOnMongoS: 0,
    internalQueryMaxAddToSetBytes: 104857600,
    internalDocumentSourceSetWindowFieldsMaxMemoryBytes: 104857600,
    internalQueryFrameworkControl: 'trySbeRestricted',
    internalQueryPlannerIgnoreIndexWithCollationForRegex: 1
  },
  ok: 1
}
shop> db.products.find({price : {$gt : 100}}).explain('executionStats')
{
  explainVersion: '1',
  queryPlanner: {
    namespace: 'shop.products',
    parsedQuery: { price: { '$gt': 100 } },
    indexFilterSet: false,
    queryHash: '8E1D451A',
    planCacheShapeHash: '8E1D451A',
    planCacheKey: 'D910EC32',
    optimizationTimeMillis: 0,
    maxIndexedOrSolutionsReached: false,
    maxIndexedAndSolutionsReached: false,
    maxScansToExplodeReached: false,
    prunedSimilarIndexes: false,
    winningPlan: {
      isCached: false,
      stage: 'COLLSCAN',
      filter: { price: { '$gt': 100 } },
      direction: 'forward'
    },
    rejectedPlans: []
  },
  executionStats: {
    executionSuccess: true,
    nReturned: 9214,
    executionTimeMillis: 24,
    totalKeysExamined: 0,
    totalDocsExamined: 10354,
    executionStages: {
      isCached: false,
      stage: 'COLLSCAN',
      filter: { price: { '$gt': 100 } },
      nReturned: 9214,
      executionTimeMillisEstimate: 22,
      works: 10355,
      advanced: 9214,
      needTime: 1140,
      needYield: 0,
      saveState: 1,
      restoreState: 1,
      isEOF: 1,
      direction: 'forward',
      docsExamined: 10354
    }
  },
  queryShapeHash: '7C50EDB71259F55C2D1DA6AAB373F82B1C42674419E14C30B3A86C50298CB436',
  command: {
    find: 'products',
    filter: { price: { '$gt': 100 } },
    '$db': 'shop'
  },
  serverInfo: {
    host: 'DESKTOP-8PS3VSC',
    port: 27017,
    version: '8.0.10',
    gitVersion: '9d03076bb2d5147d5b6fe381c7118b0b0478b682'
  },
  serverParameters: {
    internalQueryFacetBufferSizeBytes: 104857600,
    internalQueryFacetMaxOutputDocSizeBytes: 104857600,
    internalLookupStageIntermediateDocumentMaxSizeBytes: 104857600,
    internalDocumentSourceGroupMaxMemoryBytes: 104857600,
    internalQueryMaxBlockingSortMemoryUsageBytes: 104857600,
    internalQueryProhibitBlockingMergeOnMongoS: 0,
    internalQueryMaxAddToSetBytes: 104857600,
    internalDocumentSourceSetWindowFieldsMaxMemoryBytes: 104857600,
    internalQueryFrameworkControl: 'trySbeRestricted',
    internalQueryPlannerIgnoreIndexWithCollationForRegex: 1
  },
  ok: 1
}
shop> db.products.find({price : {$eq : 'Air Fryer'}}).explain()
{
  explainVersion: '1',
  queryPlanner: {
    namespace: 'shop.products',
    parsedQuery: { price: { '$eq': 'Air Fryer' } },
    indexFilterSet: false,
    queryHash: '74213DB8',
    planCacheShapeHash: '74213DB8',
    planCacheKey: '82410E28',
    optimizationTimeMillis: 0,
    maxIndexedOrSolutionsReached: false,
    maxIndexedAndSolutionsReached: false,
    maxScansToExplodeReached: false,
    prunedSimilarIndexes: false,
    winningPlan: {
      isCached: false,
      stage: 'COLLSCAN',
      filter: { price: { '$eq': 'Air Fryer' } },
      direction: 'forward'
    },
    rejectedPlans: []
  },
  queryShapeHash: 'EC1CE4FE4292E746B6F584F1F70DC3B03FC2FE60C1D95B940524470851402EEC',
  command: {
    find: 'products',
    filter: { price: { '$eq': 'Air Fryer' } },
    '$db': 'shop'
  },
  serverInfo: {
    host: 'DESKTOP-8PS3VSC',
    port: 27017,
    version: '8.0.10',
    gitVersion: '9d03076bb2d5147d5b6fe381c7118b0b0478b682'
  },
  serverParameters: {
    internalQueryFacetBufferSizeBytes: 104857600,
    internalQueryFacetMaxOutputDocSizeBytes: 104857600,
    internalLookupStageIntermediateDocumentMaxSizeBytes: 104857600,
    internalDocumentSourceGroupMaxMemoryBytes: 104857600,
    internalQueryMaxBlockingSortMemoryUsageBytes: 104857600,
    internalQueryProhibitBlockingMergeOnMongoS: 0,
    internalQueryMaxAddToSetBytes: 104857600,
    internalDocumentSourceSetWindowFieldsMaxMemoryBytes: 104857600,
    internalQueryFrameworkControl: 'trySbeRestricted',
    internalQueryPlannerIgnoreIndexWithCollationForRegex: 1
  },
  ok: 1
}
shop> db.products.find({price : {$eq : 'Air Fryer'}}).explain(executionState)
ReferenceError: executionState is not defined
shop> db.products.find({price : {$eq : 'Air Fryer'}}).explain('executionStats')
{
  explainVersion: '1',
  queryPlanner: {
    namespace: 'shop.products',
    parsedQuery: { price: { '$eq': 'Air Fryer' } },
    indexFilterSet: false,
    queryHash: '74213DB8',
    planCacheShapeHash: '74213DB8',
    planCacheKey: '82410E28',
    optimizationTimeMillis: 0,
    maxIndexedOrSolutionsReached: false,
    maxIndexedAndSolutionsReached: false,
    maxScansToExplodeReached: false,
    prunedSimilarIndexes: false,
    winningPlan: {
      isCached: false,
      stage: 'COLLSCAN',
      filter: { price: { '$eq': 'Air Fryer' } },
      direction: 'forward'
    },
    rejectedPlans: []
  },
  executionStats: {
    executionSuccess: true,
    nReturned: 0,
    executionTimeMillis: 6,
    totalKeysExamined: 0,
    totalDocsExamined: 10354,
    executionStages: {
      isCached: false,
      stage: 'COLLSCAN',
      filter: { price: { '$eq': 'Air Fryer' } },
      nReturned: 0,
      executionTimeMillisEstimate: 0,
      works: 10355,
      advanced: 0,
      needTime: 10354,
      needYield: 0,
      saveState: 0,
      restoreState: 0,
      isEOF: 1,
      direction: 'forward',
      docsExamined: 10354
    }
  },
  queryShapeHash: 'EC1CE4FE4292E746B6F584F1F70DC3B03FC2FE60C1D95B940524470851402EEC',
  command: {
    find: 'products',
    filter: { price: { '$eq': 'Air Fryer' } },
    '$db': 'shop'
  },
  serverInfo: {
    host: 'DESKTOP-8PS3VSC',
    port: 27017,
    version: '8.0.10',
    gitVersion: '9d03076bb2d5147d5b6fe381c7118b0b0478b682'
  },
  serverParameters: {
    internalQueryFacetBufferSizeBytes: 104857600,
    internalQueryFacetMaxOutputDocSizeBytes: 104857600,
    internalLookupStageIntermediateDocumentMaxSizeBytes: 104857600,
    internalDocumentSourceGroupMaxMemoryBytes: 104857600,
    internalQueryMaxBlockingSortMemoryUsageBytes: 104857600,
    internalQueryProhibitBlockingMergeOnMongoS: 0,
    internalQueryMaxAddToSetBytes: 104857600,
    internalDocumentSourceSetWindowFieldsMaxMemoryBytes: 104857600,
    internalQueryFrameworkControl: 'trySbeRestricted',
    internalQueryPlannerIgnoreIndexWithCollationForRegex: 1
  },
  ok: 1
}
shop> db.products.createIndex({price : 1})
price_1
shop> db.products.getIndexes()
[
  { v: 2, key: { _id: 1 }, name: '_id_' },
  { v: 2, key: { price: 1 }, name: 'price_1' }
]
shop> db.products.find({price : {$eq : 'Air Fryer'}}).explain('executionStats')
{
  explainVersion: '1',
  queryPlanner: {
    namespace: 'shop.products',
    parsedQuery: { price: { '$eq': 'Air Fryer' } },
    indexFilterSet: false,
    queryHash: '74213DB8',
    planCacheShapeHash: '74213DB8',
    planCacheKey: 'D8A5400A',
    optimizationTimeMillis: 0,
    maxIndexedOrSolutionsReached: false,
    maxIndexedAndSolutionsReached: false,
    maxScansToExplodeReached: false,
    prunedSimilarIndexes: false,
    winningPlan: {
      isCached: false,
      stage: 'FETCH',
      inputStage: {
        stage: 'IXSCAN',
        keyPattern: { price: 1 },
        indexName: 'price_1',
        isMultiKey: false,
        multiKeyPaths: { price: [] },
        isUnique: false,
        isSparse: false,
        isPartial: false,
        indexVersion: 2,
        direction: 'forward',
        indexBounds: { price: [ '["Air Fryer", "Air Fryer"]' ] }
      }
    },
    rejectedPlans: []
  },
  executionStats: {
    executionSuccess: true,
    nReturned: 0,
    executionTimeMillis: 13,
    totalKeysExamined: 0,
    totalDocsExamined: 0,
    executionStages: {
      isCached: false,
      stage: 'FETCH',
      nReturned: 0,
      executionTimeMillisEstimate: 11,
      works: 1,
      advanced: 0,
      needTime: 0,
      needYield: 0,
      saveState: 0,
      restoreState: 0,
      isEOF: 1,
      docsExamined: 0,
      alreadyHasObj: 0,
      inputStage: {
        stage: 'IXSCAN',
        nReturned: 0,
        executionTimeMillisEstimate: 11,
        works: 1,
        advanced: 0,
        needTime: 0,
        needYield: 0,
        saveState: 0,
        restoreState: 0,
        isEOF: 1,
        keyPattern: { price: 1 },
        indexName: 'price_1',
        isMultiKey: false,
        multiKeyPaths: { price: [] },
        isUnique: false,
        isSparse: false,
        isPartial: false,
        indexVersion: 2,
        direction: 'forward',
        indexBounds: { price: [ '["Air Fryer", "Air Fryer"]' ] },
        keysExamined: 0,
        seeks: 1,
        dupsTested: 0,
        dupsDropped: 0
      }
    }
  },
  queryShapeHash: 'EC1CE4FE4292E746B6F584F1F70DC3B03FC2FE60C1D95B940524470851402EEC',
  command: {
    find: 'products',
    filter: { price: { '$eq': 'Air Fryer' } },
    '$db': 'shop'
  },
  serverInfo: {
    host: 'DESKTOP-8PS3VSC',
    port: 27017,
    version: '8.0.10',
    gitVersion: '9d03076bb2d5147d5b6fe381c7118b0b0478b682'
  },
  serverParameters: {
    internalQueryFacetBufferSizeBytes: 104857600,
    internalQueryFacetMaxOutputDocSizeBytes: 104857600,
    internalLookupStageIntermediateDocumentMaxSizeBytes: 104857600,
    internalDocumentSourceGroupMaxMemoryBytes: 104857600,
    internalQueryMaxBlockingSortMemoryUsageBytes: 104857600,
    internalQueryProhibitBlockingMergeOnMongoS: 0,
    internalQueryMaxAddToSetBytes: 104857600,
    internalDocumentSourceSetWindowFieldsMaxMemoryBytes: 104857600,
    internalQueryFrameworkControl: 'trySbeRestricted',
    internalQueryPlannerIgnoreIndexWithCollationForRegex: 1
  },
  ok: 1
}
shop> db.products.find({price : {$eq : 100}}).explain('executionStats')
{
  explainVersion: '1',
  queryPlanner: {
    namespace: 'shop.products',
    parsedQuery: { price: { '$eq': 100 } },
    indexFilterSet: false,
    queryHash: '74213DB8',
    planCacheShapeHash: '74213DB8',
    planCacheKey: 'D8A5400A',
    optimizationTimeMillis: 0,
    maxIndexedOrSolutionsReached: false,
    maxIndexedAndSolutionsReached: false,
    maxScansToExplodeReached: false,
    prunedSimilarIndexes: false,
    winningPlan: {
      isCached: false,
      stage: 'FETCH',
      inputStage: {
        stage: 'IXSCAN',
        keyPattern: { price: 1 },
        indexName: 'price_1',
        isMultiKey: false,
        multiKeyPaths: { price: [] },
        isUnique: false,
        isSparse: false,
        isPartial: false,
        indexVersion: 2,
        direction: 'forward',
        indexBounds: { price: [ '[100, 100]' ] }
      }
    },
    rejectedPlans: []
  },
  executionStats: {
    executionSuccess: true,
    nReturned: 7,
    executionTimeMillis: 0,
    totalKeysExamined: 7,
    totalDocsExamined: 7,
    executionStages: {
      isCached: false,
      stage: 'FETCH',
      nReturned: 7,
      executionTimeMillisEstimate: 0,
      works: 8,
      advanced: 7,
      needTime: 0,
      needYield: 0,
      saveState: 0,
      restoreState: 0,
      isEOF: 1,
      docsExamined: 7,
      alreadyHasObj: 0,
      inputStage: {
        stage: 'IXSCAN',
        nReturned: 7,
        executionTimeMillisEstimate: 0,
        works: 8,
        advanced: 7,
        needTime: 0,
        needYield: 0,
        saveState: 0,
        restoreState: 0,
        isEOF: 1,
        keyPattern: { price: 1 },
        indexName: 'price_1',
        isMultiKey: false,
        multiKeyPaths: { price: [] },
        isUnique: false,
        isSparse: false,
        isPartial: false,
        indexVersion: 2,
        direction: 'forward',
        indexBounds: { price: [ '[100, 100]' ] },
        keysExamined: 7,
        seeks: 1,
        dupsTested: 0,
        dupsDropped: 0
      }
    }
  },
  queryShapeHash: '7F964E63B176855E6592EF97799CDF2E4643E0B00A6E14CFD3814BF11DF2305F',
  command: {
    find: 'products',
    filter: { price: { '$eq': 100 } },
    '$db': 'shop'
  },
  serverInfo: {
    host: 'DESKTOP-8PS3VSC',
    port: 27017,
    version: '8.0.10',
    gitVersion: '9d03076bb2d5147d5b6fe381c7118b0b0478b682'
  },
  serverParameters: {
    internalQueryFacetBufferSizeBytes: 104857600,
    internalQueryFacetMaxOutputDocSizeBytes: 104857600,
    internalLookupStageIntermediateDocumentMaxSizeBytes: 104857600,
    internalDocumentSourceGroupMaxMemoryBytes: 104857600,
    internalQueryMaxBlockingSortMemoryUsageBytes: 104857600,
    internalQueryProhibitBlockingMergeOnMongoS: 0,
    internalQueryMaxAddToSetBytes: 104857600,
    internalDocumentSourceSetWindowFieldsMaxMemoryBytes: 104857600,
    internalQueryFrameworkControl: 'trySbeRestricted',
    internalQueryPlannerIgnoreIndexWithCollationForRegex: 1
  },
  ok: 1
}
shop> db.products.find({price : {$eq : 100}}).explain('executionStats')
{
  explainVersion: '1',
  queryPlanner: {
    namespace: 'shop.products',
    parsedQuery: { price: { '$eq': 100 } },
    indexFilterSet: false,
    queryHash: '74213DB8',
    planCacheShapeHash: '74213DB8',
    planCacheKey: 'D8A5400A',
    optimizationTimeMillis: 0,
    maxIndexedOrSolutionsReached: false,
    maxIndexedAndSolutionsReached: false,
    maxScansToExplodeReached: false,
    prunedSimilarIndexes: false,
    winningPlan: {
      isCached: false,
      stage: 'FETCH',
      inputStage: {
        stage: 'IXSCAN',
        keyPattern: { price: 1 },
        indexName: 'price_1',
        isMultiKey: false,
        multiKeyPaths: { price: [] },
        isUnique: false,
        isSparse: false,
        isPartial: false,
        indexVersion: 2,
        direction: 'forward',
        indexBounds: { price: [ '[100, 100]' ] }
      }
    },
    rejectedPlans: []
  },
  executionStats: {
    executionSuccess: true,
    nReturned: 7,
    executionTimeMillis: 0,
    totalKeysExamined: 7,
    totalDocsExamined: 7,
    executionStages: {
      isCached: false,
      stage: 'FETCH',
      nReturned: 7,
      executionTimeMillisEstimate: 0,
      works: 8,
      advanced: 7,
      needTime: 0,
      needYield: 0,
      saveState: 0,
      restoreState: 0,
      isEOF: 1,
      docsExamined: 7,
      alreadyHasObj: 0,
      inputStage: {
        stage: 'IXSCAN',
        nReturned: 7,
        executionTimeMillisEstimate: 0,
        works: 8,
        advanced: 7,
        needTime: 0,
        needYield: 0,
        saveState: 0,
        restoreState: 0,
        isEOF: 1,
        keyPattern: { price: 1 },
        indexName: 'price_1',
        isMultiKey: false,
        multiKeyPaths: { price: [] },
        isUnique: false,
        isSparse: false,
        isPartial: false,
        indexVersion: 2,
        direction: 'forward',
        indexBounds: { price: [ '[100, 100]' ] },
shop>
        seeks: 1,
        dupsTested: 0,
        dupsDropped: 0
      }
    }
  },
  queryShapeHash: '7F964E63B176855E6592EF97799CDF2E4643E0B00A6E14CFD3814BF11DF2305F',
  command: {
    find: 'products',
    filter: { price: { '$eq': 100 } },
    '$db': 'shop'
  },
  serverInfo: {
    host: 'DESKTOP-8PS3VSC',
    port: 27017,
    version: '8.0.10',
    gitVersion: '9d03076bb2d5147d5b6fe381c7118b0b0478b682'
  },
  serverParameters: {
    internalQueryFacetBufferSizeBytes: 104857600,
    internalQueryFacetMaxOutputDocSizeBytes: 104857600,
    internalLookupStageIntermediateDocumentMaxSizeBytes: 104857600,
    internalDocumentSourceGroupMaxMemoryBytes: 104857600,
    internalQueryMaxBlockingSortMemoryUsageBytes: 104857600,
    internalQueryProhibitBlockingMergeOnMongoS: 0,
    internalQueryMaxAddToSetBytes: 104857600,
    internalDocumentSourceSetWindowFieldsMaxMemoryBytes: 104857600,
    internalQueryFrameworkControl: 'trySbeRestricted',
    internalQueryPlannerIgnoreIndexWithCollationForRegex: 1
  },
  ok: 1
}
shop> db.products.createIndex({email : 1}, {unique : true})
MongoServerError[DuplicateKey]: Index build failed: 60af52ef-d280-4d20-b78c-c92f394d437a: Collection shop.products ( 1d0c3fbb-36dc-4b69-8496-10e701624292 ) :: caused by :: E11000 duplicate key error collection: shop.products index: email_1 dup key: { email: null }
shop> db.products.createIndex({isFeatured : 1}, {unique : true})
MongoServerError[DuplicateKey]: Index build failed: a6335d62-ae23-47fb-b824-79c821599ede: Collection shop.products ( 1d0c3fbb-36dc-4b69-8496-10e701624292 ) :: caused by :: E11000 duplicate key error collection: shop.products index: isFeatured_1 dup key: { isFeatured: null }
shop> shop> shop> db.products.createIndex({isFeatured : 1}, {unique : true})shop> db.products.createIndex({email : 1}, {unique : true})shop> db.products.find({price : {$eq : 100}}).explain('executionStats')











shop> db.products.find({price : {$eq : 'Air Fryer'}}).explain('executionStats')
{
  explainVersion: '1',
  queryPlanner: {
    namespace: 'shop.products',
    parsedQuery: { price: { '$eq': 'Air Fryer' } },
    indexFilterSet: false,
    queryHash: '74213DB8',
    planCacheShapeHash: '74213DB8',
    planCacheKey: 'D8A5400A',
    optimizationTimeMillis: 0,
    maxIndexedOrSolutionsReached: false,
    maxIndexedAndSolutionsReached: false,
    maxScansToExplodeReached: false,
    prunedSimilarIndexes: false,
    winningPlan: {
      isCached: false,
      stage: 'FETCH',
      inputStage: {
        stage: 'IXSCAN',
        keyPattern: { price: 1 },
        indexName: 'price_1',
        isMultiKey: false,
        multiKeyPaths: { price: [] },
        isUnique: false,
        isSparse: false,
        isPartial: false,
        indexVersion: 2,
        direction: 'forward',
        indexBounds: { price: [ '["Air Fryer", "Air Fryer"]' ] }
      }
    },
    rejectedPlans: []
  },
  executionStats: {
    executionSuccess: true,
    nReturned: 0,
    executionTimeMillis: 0,
    totalKeysExamined: 0,
    totalDocsExamined: 0,
    executionStages: {
      isCached: false,
      stage: 'FETCH',
      nReturned: 0,
      executionTimeMillisEstimate: 0,
      works: 1,
      advanced: 0,
      needTime: 0,
      needYield: 0,
      saveState: 0,
      restoreState: 0,
      isEOF: 1,
      docsExamined: 0,
      alreadyHasObj: 0,
      inputStage: {
        stage: 'IXSCAN',
        nReturned: 0,
        executionTimeMillisEstimate: 0,
        works: 1,
        advanced: 0,
        needTime: 0,
        needYield: 0,
        saveState: 0,
        restoreState: 0,
        isEOF: 1,
        keyPattern: { price: 1 },
        indexName: 'price_1',
        isMultiKey: false,
        multiKeyPaths: { price: [] },
        isUnique: false,
        isSparse: false,
        isPartial: false,
        indexVersion: 2,
        direction: 'forward',
        indexBounds: { price: [ '["Air Fryer", "Air Fryer"]' ] },
        keysExamined: 0,
        seeks: 1,
        dupsTested: 0,
        dupsDropped: 0
      }
    }
  },
  queryShapeHash: 'EC1CE4FE4292E746B6F584F1F70DC3B03FC2FE60C1D95B940524470851402EEC',
  command: {
    find: 'products',
    filter: { price: { '$eq': 'Air Fryer' } },
    '$db': 'shop'
  },
  serverInfo: {
    host: 'DESKTOP-8PS3VSC',
    port: 27017,
    version: '8.0.10',
    gitVersion: '9d03076bb2d5147d5b6fe381c7118b0b0478b682'
  },
  serverParameters: {
    internalQueryFacetBufferSizeBytes: 104857600,
    internalQueryFacetMaxOutputDocSizeBytes: 104857600,
    internalLookupStageIntermediateDocumentMaxSizeBytes: 104857600,
    internalDocumentSourceGroupMaxMemoryBytes: 104857600,
    internalQueryMaxBlockingSortMemoryUsageBytes: 104857600,
    internalQueryProhibitBlockingMergeOnMongoS: 0,
    internalQueryMaxAddToSetBytes: 104857600,
    internalDocumentSourceSetWindowFieldsMaxMemoryBytes: 104857600,
    internalQueryFrameworkControl: 'trySbeRestricted',
    internalQueryPlannerIgnoreIndexWithCollationForRegex: 1
  },
  ok: 1
}
shop> db.products.aggregate([{ $match : {'name' : 'Sleek Wooden Tuna'}}])
[
  {
    _id: ObjectId('64c23edf9dc1fb2f85601ae5'),
    name: 'Sleek Wooden Tuna',
    company: ObjectId('64c23350e32f4a51b19b9235'),
    price: 101,
    colors: [ '#29505b' ],
    image: '/images/product-Recycled.png',
    category: ObjectId('64c2342de32f4a51b19b9255'),
    isFeatured: false,
    __v: 0
  },
  {
    _id: ObjectId('64c23edf9dc1fb2f856027db'),
    name: 'Sleek Wooden Tuna',
    company: ObjectId('64c23350e32f4a51b19b9241'),
    price: 363,
    colors: [ '#464438' ],
    image: '/images/product-Sleek.png',
    category: ObjectId('64c2342de32f4a51b19b9256'),
    isFeatured: false,
    __v: 0
  }
]
shop> db.products.aggregate([{ $match : {'price' : 699}}])
[
  {
    _id: ObjectId('64c23601e32f4a51b19b9262'),
    name: 'Smartphone Model X',
    company: '64c23350e32f4a51b19b9230',
    price: 699,
    colors: [ '#000000', '#ffffff', '#ff0000' ],
    image: '/images/product-smartphone.png',
    category: '64c2342de32f4a51b19b924e',
    isFeatured: false
  },
  {
    _id: ObjectId('64c236a2e32f4a51b19b9280'),
    name: 'Elegant Dining Table',
    company: '64c23350e32f4a51b19b9239',
    price: 699,
    colors: [ '#ffffff', '#ffcc00', '#cc9900' ],
    image: '/images/product-dining-table.png',
    category: '64c2342de32f4a51b19b925a',
    isFeatured: true
  },
  {
    _id: ObjectId('64c23707e32f4a51b19b9295'),
    name: 'Elegant Dining Table',
    company: '64c23350e32f4a51b19b9239',
    price: 699,
    colors: [ '#ffffff', '#ffcc00', '#cc9900' ],
    image: '/images/product-dining-table.png',
    category: '64c2342de32f4a51b19b925a',
    isFeatured: true
  },
  {
    _id: ObjectId('64c23825e32f4a51b19b92ba'),
    name: 'Smartphone',
    company: '64c23350e32f4a51b19b9236',
    price: 699,
    colors: [ '#333333', '#99cc00', '#ffcc00' ],
    image: '/images/product-smartphone.png',
    category: '64c2342de32f4a51b19b9251',
    isFeatured: true
  },
  {
    _id: ObjectId('64c23eb1f1b9c8985b80fd33'),
    name: 'Tasty Concrete Mouse',
    company: ObjectId('64c23350e32f4a51b19b9242'),
    price: 699,
    colors: [ '#2d0a6a' ],
    image: '/images/product-Modern.png',
    category: ObjectId('64c2342de32f4a51b19b9251'),
    isFeatured: false,
    __v: 0
  },
  {
    _id: ObjectId('64c23edf9dc1fb2f8560206e'),
    name: 'Electronic Bronze Mouse',
    company: ObjectId('64c23350e32f4a51b19b9238'),
    price: 699,
    colors: [ '#2b3311' ],
    image: '/images/product-Incredible.png',
    category: ObjectId('64c2342de32f4a51b19b925e'),
    isFeatured: false,
    __v: 0
  },
  {
    _id: ObjectId('64c23edf9dc1fb2f856026ba'),
    name: 'Fantastic Bronze Bacon',
    company: ObjectId('64c23350e32f4a51b19b9237'),
    price: 699,
    colors: [ '#335c62' ],
    image: '/images/product-Modern.png',
    category: ObjectId('64c2342de32f4a51b19b9261'),
    isFeatured: false,
    __v: 0
  },
  {
    _id: ObjectId('64c23edf9dc1fb2f856026e7'),
    name: 'Sleek Soft Shirt',
    company: ObjectId('64c23350e32f4a51b19b9236'),
    price: 699,
    colors: [ '#396b56' ],
    image: '/images/product-Ergonomic.png',
    category: ObjectId('64c2342de32f4a51b19b925c'),
    isFeatured: false,
    __v: 0
  },
  {
    _id: ObjectId('64c23edf9dc1fb2f8560293e'),
    name: 'Oriental Rubber Gloves',
    company: ObjectId('64c23350e32f4a51b19b924c'),
    price: 699,
    colors: [ '#2f4575' ],
    image: '/images/product-Ergonomic.png',
    category: ObjectId('64c2342de32f4a51b19b925e'),
    isFeatured: false,
    __v: 0
  },
  {
    _id: ObjectId('64c23f13f8ffc4957dc4f3e0'),
    name: 'Fantastic Soft Ball',
    company: ObjectId('64c23350e32f4a51b19b9230'),
    price: 699,
    colors: [ '#2f787d' ],
    image: '/images/product-Luxurious.png',
    category: ObjectId('64c2342de32f4a51b19b925c'),
    isFeatured: false,
    __v: 0
  },
  {
    _id: ObjectId('64c23f13f8ffc4957dc4f6c5'),
    name: 'Licensed Granite Table',
    company: ObjectId('64c23350e32f4a51b19b924d'),
    price: 699,
    colors: [ '#394827' ],
    image: '/images/product-Luxurious.png',
    category: ObjectId('64c2342de32f4a51b19b925a'),
    isFeatured: false,
    __v: 0
  },
  {
    _id: ObjectId('64c23f13f8ffc4957dc4fa7f'),
    name: 'Licensed Soft Table',
    company: ObjectId('64c23350e32f4a51b19b9240'),
    price: 699,
    colors: [ '#233376' ],
    image: '/images/product-Handmade.png',
    category: ObjectId('64c2342de32f4a51b19b924e'),
    isFeatured: false,
    __v: 0
  },
  {
    _id: ObjectId('64c23f13f8ffc4957dc4fbbb'),
    name: 'Small Concrete Table',
    company: ObjectId('64c23350e32f4a51b19b923c'),
    price: 699,
    colors: [ '#0d621e' ],
    image: '/images/product-Electronic.png',
    category: ObjectId('64c2342de32f4a51b19b925c'),
    isFeatured: false,
    __v: 0
  }
]
shop> db.products.aggregate([{ $match : {'price' : 699}}]).count()
TypeError: db.products.ag ... 99}}]).count is not a function
shop> db.products.aggregate([{ $match : {'price' : 699}}]).count

shop> db.products.aggregate([{ $match : {'price' : 1299}}])

shop> db.products.aggregate([{ $match : {'price' : 500}}])
[
  {
    _id: ObjectId('64c23e543e180eb8a2683014'),
    name: 'Licensed Concrete Bike',
    company: ObjectId('64c23350e32f4a51b19b9232'),
    price: 500,
    colors: [ '#762129' ],
    image: '/images/product-Small.png',
    category: ObjectId('64c2342de32f4a51b19b924e'),
    isFeatured: false,
    __v: 0
  },
  {
    _id: ObjectId('64c23edf9dc1fb2f85601a03'),
    name: 'Handmade Wooden Table',
    company: ObjectId('64c23350e32f4a51b19b9248'),
    price: 500,
    colors: [ '#0b107a' ],
    image: '/images/product-Fantastic.png',
    category: ObjectId('64c2342de32f4a51b19b9254'),
    isFeatured: false,
    __v: 0
  },
  {
    _id: ObjectId('64c23edf9dc1fb2f85601e00'),
    name: 'Bespoke Granite Chips',
    company: ObjectId('64c23350e32f4a51b19b9236'),
    price: 500,
    colors: [ '#7a7d22' ],
    image: '/images/product-Awesome.png',
    category: ObjectId('64c2342de32f4a51b19b924f'),
    isFeatured: false,
    __v: 0
  },
  {
    _id: ObjectId('64c23edf9dc1fb2f85601e3b'),
    name: 'Bespoke Cotton Ball',
    company: ObjectId('64c23350e32f4a51b19b923f'),
    price: 500,
    colors: [ '#0f764f' ],
    image: '/images/product-Handcrafted.png',
    category: ObjectId('64c2342de32f4a51b19b924e'),
    isFeatured: false,
    __v: 0
  },
  {
    _id: ObjectId('64c23edf9dc1fb2f85601f1f'),
    name: 'Licensed Fresh Shirt',
    company: ObjectId('64c23350e32f4a51b19b9248'),
    price: 500,
    colors: [ '#525144' ],
    image: '/images/product-Tasty.png',
    category: ObjectId('64c2342de32f4a51b19b9260'),
    isFeatured: false,
    __v: 0
  },
  {
    _id: ObjectId('64c23edf9dc1fb2f85601faf'),
    name: 'Refined Concrete Car',
    company: ObjectId('64c23350e32f4a51b19b924d'),
    price: 500,
    colors: [ '#334632' ],
    image: '/images/product-Bespoke.png',
    category: ObjectId('64c2342de32f4a51b19b9254'),
    isFeatured: false,
    __v: 0
  },
  {
    _id: ObjectId('64c23edf9dc1fb2f856022ef'),
    name: 'Small Fresh Soap',
    company: ObjectId('64c23350e32f4a51b19b9235'),
    price: 500,
    colors: [ '#780763' ],
    image: '/images/product-Tasty.png',
    category: ObjectId('64c2342de32f4a51b19b925a'),
    isFeatured: false,
    __v: 0
  },
  {
    _id: ObjectId('64c23edf9dc1fb2f856023ce'),
    name: 'Bespoke Concrete Keyboard',
    company: ObjectId('64c23350e32f4a51b19b923e'),
    price: 500,
    colors: [ '#5e1329' ],
    image: '/images/product-Luxurious.png',
    category: ObjectId('64c2342de32f4a51b19b9250'),
    isFeatured: false,
    __v: 0
  },
  {
    _id: ObjectId('64c23edf9dc1fb2f85602b6f'),
    name: 'Generic Steel Mouse',
    company: ObjectId('64c23350e32f4a51b19b923c'),
    price: 500,
    colors: [ '#054c4b' ],
    image: '/images/product-Recycled.png',
    category: ObjectId('64c2342de32f4a51b19b9254'),
    isFeatured: false,
    __v: 0
  },
  {
    _id: ObjectId('64c23edf9dc1fb2f85602c55'),
    name: 'Elegant Wooden Bacon',
    company: ObjectId('64c23350e32f4a51b19b9235'),
    price: 500,
    colors: [ '#7d544e' ],
    image: '/images/product-Fantastic.png',
    category: ObjectId('64c2342de32f4a51b19b925c'),
    isFeatured: false,
    __v: 0
  },
  {
    _id: ObjectId('64c23f13f8ffc4957dc4f132'),
    name: 'Unbranded Bronze Pizza',
    company: ObjectId('64c23350e32f4a51b19b9242'),
    price: 500,
    colors: [ '#206403' ],
    image: '/images/product-Licensed.png',
    category: ObjectId('64c2342de32f4a51b19b925e'),
    isFeatured: false,
    __v: 0
  },
  {
    _id: ObjectId('64c23f13f8ffc4957dc4f21d'),
    name: 'Luxurious Frozen Mouse',
    company: ObjectId('64c23350e32f4a51b19b923d'),
    price: 500,
    colors: [ '#241459' ],
    image: '/images/product-Sleek.png',
    category: ObjectId('64c2342de32f4a51b19b9254'),
    isFeatured: false,
    __v: 0
  },
  {
    _id: ObjectId('64c23f13f8ffc4957dc4f28f'),
    name: 'Unbranded Concrete Tuna',
    company: ObjectId('64c23350e32f4a51b19b924d'),
    price: 500,
    colors: [ '#6e612f' ],
    image: '/images/product-Rustic.png',
    category: ObjectId('64c2342de32f4a51b19b924e'),
    isFeatured: false,
    __v: 0
  },
  {
    _id: ObjectId('64c23f13f8ffc4957dc4f37a'),
    name: 'Gorgeous Soft Soap',
    company: ObjectId('64c23350e32f4a51b19b9238'),
    price: 500,
    colors: [ '#6f5272' ],
    image: '/images/product-Incredible.png',
    category: ObjectId('64c2342de32f4a51b19b925a'),
    isFeatured: false,
    __v: 0
  },
  {
    _id: ObjectId('64c23f13f8ffc4957dc4f44b'),
    name: 'Elegant Metal Pizza',
    company: ObjectId('64c23350e32f4a51b19b923e'),
    price: 500,
    colors: [ '#5d1479' ],
    image: '/images/product-Gorgeous.png',
    category: ObjectId('64c2342de32f4a51b19b924f'),
    isFeatured: false,
    __v: 0
  },
  {
    _id: ObjectId('64c23f13f8ffc4957dc4fb94'),
    name: 'Modern Frozen Soap',
    company: ObjectId('64c23350e32f4a51b19b9241'),
    price: 500,
    colors: [ '#1e4c75' ],
    image: '/images/product-Rustic.png',
    category: ObjectId('64c2342de32f4a51b19b924e'),
    isFeatured: false,
    __v: 0
  },
  {
    _id: ObjectId('64c23f13f8ffc4957dc4fe2e'),
    name: 'Oriental Bronze Car',
    company: ObjectId('64c23350e32f4a51b19b9247'),
    price: 500,
    colors: [ '#583419' ],
    image: '/images/product-Gorgeous.png',
    category: ObjectId('64c2342de32f4a51b19b9252'),
    isFeatured: false,
    __v: 0
  },
  {
    _id: ObjectId('64c23f13f8ffc4957dc4fefc'),
    name: 'Electronic Wooden Bacon',
    company: ObjectId('64c23350e32f4a51b19b9248'),
    price: 500,
    colors: [ '#220533' ],
    image: '/images/product-Tasty.png',
    category: ObjectId('64c2342de32f4a51b19b9256'),
    isFeatured: false,
    __v: 0
  }
]
shop> db.products.aggregate([{ $match : {'price' : {$gt : 699}}}])
[
  {
    _id: ObjectId('64c23edf9dc1fb2f85601a60'),
    name: 'Generic Cotton Shirt',
    company: ObjectId('64c23350e32f4a51b19b9234'),
    price: 700,
    colors: [ '#5f0c19' ],
    image: '/images/product-Small.png',
    category: ObjectId('64c2342de32f4a51b19b9252'),
    isFeatured: false,
    __v: 0
  },
  {
    _id: ObjectId('64c23edf9dc1fb2f85601dfe'),
    name: 'Unbranded Fresh Chips',
    company: ObjectId('64c23350e32f4a51b19b9235'),
    price: 700,
    colors: [ '#41262c' ],
    image: '/images/product-Sleek.png',
    category: ObjectId('64c2342de32f4a51b19b9257'),
    isFeatured: false,
    __v: 0
  },
  {
    _id: ObjectId('64c23edf9dc1fb2f856023e6'),
    name: 'Handmade Granite Mouse',
    company: ObjectId('64c23350e32f4a51b19b9245'),
    price: 700,
    colors: [ '#1c5054' ],
    image: '/images/product-Elegant.png',
    category: ObjectId('64c2342de32f4a51b19b9251'),
    isFeatured: false,
    __v: 0
  },
  {
    _id: ObjectId('64c23edf9dc1fb2f8560254f'),
    name: 'Fantastic Bronze Table',
    company: ObjectId('64c23350e32f4a51b19b9241'),
    price: 700,
    colors: [ '#807353' ],
    image: '/images/product-Incredible.png',
    category: ObjectId('64c2342de32f4a51b19b924e'),
    isFeatured: false,
    __v: 0
  },
  {
    _id: ObjectId('64c23edf9dc1fb2f85602c36'),
    name: 'Licensed Soft Shirt',
    company: ObjectId('64c23350e32f4a51b19b9233'),
    price: 700,
    colors: [ '#255104' ],
    image: '/images/product-Electronic.png',
    category: ObjectId('64c2342de32f4a51b19b925e'),
    isFeatured: false,
    __v: 0
  },
  {
    _id: ObjectId('64c23f13f8ffc4957dc4f2c0'),
    name: 'Ergonomic Granite Salad',
    company: ObjectId('64c23350e32f4a51b19b9235'),
    price: 700,
    colors: [ '#4c142d' ],
    image: '/images/product-Sleek.png',
    category: ObjectId('64c2342de32f4a51b19b925a'),
    isFeatured: false,
    __v: 0
  },
  {
    _id: ObjectId('64c23f13f8ffc4957dc4f612'),
    name: 'Generic Soft Hat',
    company: ObjectId('64c23350e32f4a51b19b9248'),
    price: 700,
    colors: [ '#1b1f2b' ],
    image: '/images/product-Small.png',
    category: ObjectId('64c2342de32f4a51b19b9259'),
    isFeatured: false,
    __v: 0
  },
  {
    _id: ObjectId('64c23f13f8ffc4957dc4f999'),
    name: 'Fantastic Soft Mouse',
    company: ObjectId('64c23350e32f4a51b19b9247'),
    price: 700,
    colors: [ '#2d7e2b' ],
    image: '/images/product-Handmade.png',
    category: ObjectId('64c2342de32f4a51b19b9251'),
    isFeatured: false,
    __v: 0
  },
  {
    _id: ObjectId('64c23f13f8ffc4957dc4fafd'),
    name: 'Electronic Wooden Chicken',
    company: ObjectId('64c23350e32f4a51b19b923a'),
    price: 700,
    colors: [ '#172a66' ],
    image: '/images/product-Unbranded.png',
    category: ObjectId('64c2342de32f4a51b19b925d'),
    isFeatured: false,
    __v: 0
  },
  {
    _id: ObjectId('64c23f13f8ffc4957dc4ffcd'),
    name: 'Oriental Concrete Chicken',
    company: ObjectId('64c23350e32f4a51b19b924b'),
    price: 700,
    colors: [ '#262255' ],
    image: '/images/product-Practical.png',
    category: ObjectId('64c2342de32f4a51b19b9258'),
    isFeatured: false,
    __v: 0
  },
  {
    _id: ObjectId('64c23edf9dc1fb2f85602477'),
    name: 'Rustic Steel Car',
    company: ObjectId('64c23350e32f4a51b19b9240'),
    price: 701,
    colors: [ '#31201b' ],
    image: '/images/product-Licensed.png',
    category: ObjectId('64c2342de32f4a51b19b925e'),
    isFeatured: false,
    __v: 0
  },
  {
    _id: ObjectId('64c23edf9dc1fb2f85602b5a'),
    name: 'Tasty Cotton Chicken',
    company: ObjectId('64c23350e32f4a51b19b923a'),
    price: 701,
    colors: [ '#554d1b' ],
    image: '/images/product-Incredible.png',
    category: ObjectId('64c2342de32f4a51b19b9254'),
    isFeatured: false,
    __v: 0
  },
  {
    _id: ObjectId('64c23f13f8ffc4957dc4f267'),
    name: 'Small Wooden Shirt',
    company: ObjectId('64c23350e32f4a51b19b924b'),
    price: 701,
    colors: [ '#7f3327' ],
    image: '/images/product-Modern.png',
    category: ObjectId('64c2342de32f4a51b19b9259'),
    isFeatured: false,
    __v: 0
  },
  {
    _id: ObjectId('64c23f13f8ffc4957dc4f3d4'),
    name: 'Fantastic Plastic Chair',
    company: ObjectId('64c23350e32f4a51b19b9231'),
    price: 701,
    colors: [ '#1e593a' ],
    image: '/images/product-Intelligent.png',
    category: ObjectId('64c2342de32f4a51b19b9260'),
    isFeatured: false,
    __v: 0
  },
  {
    _id: ObjectId('64c23f13f8ffc4957dc4f47f'),
    name: 'Rustic Granite Gloves',
    company: ObjectId('64c23350e32f4a51b19b9239'),
    price: 701,
    colors: [ '#262a4b' ],
    image: '/images/product-Incredible.png',
    category: ObjectId('64c2342de32f4a51b19b925f'),
    isFeatured: false,
    __v: 0
  },
  {
    _id: ObjectId('64c23f13f8ffc4957dc4fd66'),
    name: 'Handcrafted Soft Cheese',
    company: ObjectId('64c23350e32f4a51b19b923a'),
    price: 701,
    colors: [ '#2d592c' ],
    image: '/images/product-Licensed.png',
    category: ObjectId('64c2342de32f4a51b19b925f'),
    isFeatured: false,
    __v: 0
  },
  {
    _id: ObjectId('64c23edf9dc1fb2f85601af6'),
    name: 'Luxurious Fresh Chair',
    company: ObjectId('64c23350e32f4a51b19b923d'),
    price: 702,
    colors: [ '#6d3327' ],
    image: '/images/product-Electronic.png',
    category: ObjectId('64c2342de32f4a51b19b925a'),
    isFeatured: false,
    __v: 0
  },
  {
    _id: ObjectId('64c23edf9dc1fb2f85601b36'),
    name: 'Elegant Soft Chair',
    company: ObjectId('64c23350e32f4a51b19b9236'),
    price: 702,
    colors: [ '#65530f' ],
    image: '/images/product-Luxurious.png',
    category: ObjectId('64c2342de32f4a51b19b925f'),
    isFeatured: false,
    __v: 0
  },
  {
    _id: ObjectId('64c23edf9dc1fb2f85601d3a'),
    name: 'Licensed Metal Shoes',
    company: ObjectId('64c23350e32f4a51b19b924a'),
    price: 702,
    colors: [ '#530a09' ],
    image: '/images/product-Handcrafted.png',
    category: ObjectId('64c2342de32f4a51b19b925b'),
    isFeatured: false,
    __v: 0
  },
  {
    _id: ObjectId('64c23edf9dc1fb2f85601e42'),
    name: 'Ergonomic Rubber Hat',
    company: ObjectId('64c23350e32f4a51b19b9244'),
    price: 702,
    colors: [ '#6a3b0b' ],
    image: '/images/product-Oriental.png',
    category: ObjectId('64c2342de32f4a51b19b9250'),
    isFeatured: false,
    __v: 0
  }
]
Type "it" for more
shop> it
[
  {
    _id: ObjectId('64c23edf9dc1fb2f856020a1'),
    name: 'Electronic Plastic Ball',
    company: ObjectId('64c23350e32f4a51b19b9244'),
    price: 702,
    colors: [ '#35474e' ],
    image: '/images/product-Tasty.png',
    category: ObjectId('64c2342de32f4a51b19b9253'),
    isFeatured: false,
    __v: 0
  },
  {
    _id: ObjectId('64c23edf9dc1fb2f8560211d'),
    name: 'Refined Steel Soap',
    company: ObjectId('64c23350e32f4a51b19b923c'),
    price: 702,
    colors: [ '#80601a' ],
    image: '/images/product-Practical.png',
    category: ObjectId('64c2342de32f4a51b19b9251'),
    isFeatured: false,
    __v: 0
  },
  {
    _id: ObjectId('64c23edf9dc1fb2f8560217c'),
    name: 'Rustic Bronze Hat',
    company: ObjectId('64c23350e32f4a51b19b9238'),
    price: 702,
    colors: [ '#021e4d' ],
    image: '/images/product-Unbranded.png',
    category: ObjectId('64c2342de32f4a51b19b925c'),
    isFeatured: false,
    __v: 0
  },
  {
    _id: ObjectId('64c23edf9dc1fb2f856024ae'),
    name: 'Incredible Wooden Computer',
    company: ObjectId('64c23350e32f4a51b19b9243'),
    price: 702,
    colors: [ '#7b4216' ],
    image: '/images/product-Gorgeous.png',
    category: ObjectId('64c2342de32f4a51b19b925b'),
    isFeatured: false,
    __v: 0
  },
  {
    _id: ObjectId('64c23edf9dc1fb2f856028ae'),
    name: 'Oriental Wooden Bacon',
    company: ObjectId('64c23350e32f4a51b19b9233'),
    price: 702,
    colors: [ '#2b4a7f' ],
    image: '/images/product-Tasty.png',
    category: ObjectId('64c2342de32f4a51b19b9252'),
    isFeatured: false,
    __v: 0
  },
  {
    _id: ObjectId('64c23edf9dc1fb2f85602c0a'),
    name: 'Intelligent Fresh Sausages',
    company: ObjectId('64c23350e32f4a51b19b9234'),
    price: 702,
    colors: [ '#5a7479' ],
    image: '/images/product-Incredible.png',
    category: ObjectId('64c2342de32f4a51b19b9256'),
    isFeatured: false,
    __v: 0
  },
  {
    _id: ObjectId('64c23f13f8ffc4957dc4f27e'),
    name: 'Bespoke Wooden Shirt',
    company: ObjectId('64c23350e32f4a51b19b923b'),
    price: 702,
    colors: [ '#1b2641' ],
    image: '/images/product-Fantastic.png',
    category: ObjectId('64c2342de32f4a51b19b925e'),
    isFeatured: false,
    __v: 0
  },
  {
    _id: ObjectId('64c23f13f8ffc4957dc4f4be'),
    name: 'Handmade Granite Mouse',
    company: ObjectId('64c23350e32f4a51b19b9244'),
    price: 702,
    colors: [ '#262d4d' ],
    image: '/images/product-Awesome.png',
    category: ObjectId('64c2342de32f4a51b19b924e'),
    isFeatured: false,
    __v: 0
  },
  {
    _id: ObjectId('64c23f13f8ffc4957dc4feb0'),
    name: 'Electronic Rubber Keyboard',
    company: ObjectId('64c23350e32f4a51b19b924c'),
    price: 702,
    colors: [ '#13347a' ],
    image: '/images/product-Gorgeous.png',
    category: ObjectId('64c2342de32f4a51b19b925f'),
    isFeatured: false,
    __v: 0
  },
  {
    _id: ObjectId('64c23eb1f1b9c8985b80fd3d'),
    name: 'Unbranded Frozen Shoes',
    company: ObjectId('64c23350e32f4a51b19b9238'),
    price: 703,
    colors: [ '#196040' ],
    image: '/images/product-Elegant.png',
    category: ObjectId('64c2342de32f4a51b19b925b'),
    isFeatured: false,
    __v: 0
  },
  {
    _id: ObjectId('64c23edf9dc1fb2f85601b33'),
    name: 'Luxurious Soft Pants',
    company: ObjectId('64c23350e32f4a51b19b9238'),
    price: 703,
    colors: [ '#615110' ],
    image: '/images/product-Handmade.png',
    category: ObjectId('64c2342de32f4a51b19b925b'),
    isFeatured: false,
    __v: 0
  },
  {
    _id: ObjectId('64c23edf9dc1fb2f85601c65'),
    name: 'Handcrafted Concrete Mouse',
    company: ObjectId('64c23350e32f4a51b19b923b'),
    price: 703,
    colors: [ '#56292f' ],
    image: '/images/product-Generic.png',
    category: ObjectId('64c2342de32f4a51b19b925c'),
    isFeatured: false,
    __v: 0
  },
  {
    _id: ObjectId('64c23edf9dc1fb2f85602081'),
    name: 'Recycled Cotton Bike',
    company: ObjectId('64c23350e32f4a51b19b923b'),
    price: 703,
    colors: [ '#6d3a70' ],
    image: '/images/product-Intelligent.png',
    category: ObjectId('64c2342de32f4a51b19b925f'),
    isFeatured: false,
    __v: 0
  },
  {
    _id: ObjectId('64c23edf9dc1fb2f85602217'),
    name: 'Intelligent Wooden Bike',
    company: ObjectId('64c23350e32f4a51b19b924d'),
    price: 703,
    colors: [ '#1a2757' ],
    image: '/images/product-Fantastic.png',
    category: ObjectId('64c2342de32f4a51b19b925b'),
    isFeatured: false,
    __v: 0
  },
  {
    _id: ObjectId('64c23edf9dc1fb2f856027c1'),
    name: 'Unbranded Granite Bike',
    company: ObjectId('64c23350e32f4a51b19b9243'),
    price: 703,
    colors: [ '#521656' ],
    image: '/images/product-Licensed.png',
    category: ObjectId('64c2342de32f4a51b19b925a'),
    isFeatured: false,
    __v: 0
  },
  {
    _id: ObjectId('64c23edf9dc1fb2f85602bfe'),
    name: 'Handcrafted Wooden Keyboard',
    company: ObjectId('64c23350e32f4a51b19b924d'),
    price: 703,
    colors: [ '#311b70' ],
    image: '/images/product-Handcrafted.png',
    category: ObjectId('64c2342de32f4a51b19b9259'),
    isFeatured: false,
    __v: 0
  },
  {
    _id: ObjectId('64c23f13f8ffc4957dc4ee0f'),
    name: 'Small Rubber Tuna',
    company: ObjectId('64c23350e32f4a51b19b9249'),
    price: 703,
    colors: [ '#377041' ],
    image: '/images/product-Recycled.png',
    category: ObjectId('64c2342de32f4a51b19b9252'),
    isFeatured: false,
    __v: 0
  },
  {
    _id: ObjectId('64c23f13f8ffc4957dc4f393'),
    name: 'Awesome Cotton Soap',
    company: ObjectId('64c23350e32f4a51b19b9248'),
    price: 703,
    colors: [ '#316817' ],
    image: '/images/product-Bespoke.png',
    category: ObjectId('64c2342de32f4a51b19b925c'),
    isFeatured: false,
    __v: 0
  },
  {
    _id: ObjectId('64c23f13f8ffc4957dc4f60b'),
    name: 'Small Fresh Mouse',
    company: ObjectId('64c23350e32f4a51b19b9242'),
    price: 703,
    colors: [ '#747651' ],
    image: '/images/product-Modern.png',
    category: ObjectId('64c2342de32f4a51b19b9255'),
    isFeatured: false,
    __v: 0
  },
  {
    _id: ObjectId('64c23f13f8ffc4957dc4f769'),
    name: 'Rustic Steel Soap',
    company: ObjectId('64c23350e32f4a51b19b9243'),
    price: 703,
    colors: [ '#197a58' ],
    image: '/images/product-Sleek.png',
    category: ObjectId('64c2342de32f4a51b19b9250'),
    isFeatured: false,
    __v: 0
  }
]
Type "it" for more
shop> db.products.aggregate([{ $match : {'price' : {$gt : 1250}}}])
[
  {
    _id: ObjectId('64c236a2e32f4a51b19b9281'),
    name: 'Diamond Ring',
    company: '64c23350e32f4a51b19b923a',
    price: 1999,
    colors: [ '#000000', '#cc6600', '#663300' ],
    image: '/images/product-diamond-ring.png',
    category: '64c2342de32f4a51b19b9259',
    isFeatured: false
  },
  {
    _id: ObjectId('64c23707e32f4a51b19b9296'),
    name: 'Diamond Ring',
    company: '64c23350e32f4a51b19b923a',
    price: 1999,
    colors: [ '#000000', '#cc6600', '#663300' ],
    image: '/images/product-diamond-ring.png',
    category: '64c2342de32f4a51b19b9259',
    isFeatured: false
  }
]













Microsoft Windows [Version 10.0.19045.6093]
(c) Microsoft Corporation. All rights reserved.

C:\Users\Abhishek Singh>mongosh
Current Mongosh Log ID: 68802a49c1ffc3e4d3718dc3
Connecting to:          mongodb://127.0.0.1:27017/?directConnection=true&serverSelectionTimeoutMS=2000&appName=mongosh+2.5.5
Using MongoDB:          8.0.10
Using Mongosh:          2.5.5
mongosh 2.5.6 is available for download: https://www.mongodb.com/try/download/shell

For mongosh info see: https://www.mongodb.com/docs/mongodb-shell/

------
   The server generated these startup warnings when booting
   2025-07-15T11:49:11.275+05:30: Access control is not enabled for the database. Read and write access to data and configuration is unrestricted
------

test> show dbs
admin               40.00 KiB
config              48.00 KiB
local               72.00 KiB
node-with-mongoDB  108.00 KiB
shop                 1.45 MiB
short-url          108.00 KiB
students            72.00 KiB
test> use shop
switched to db shop
shop> show collections
categories
comments
products
sales
shop> db.products.aggregate([
...     {
...         $group : {
...             _id : "$company",
...             totalProducts : { $sum : 1 }
...         },
...     },
... ]);
[
  { _id: '64c23350e32f4a51b19b923e', totalProducts: 7 },
  { _id: ObjectId('64c23350e32f4a51b19b9244'), totalProducts: 345 },
  { _id: ObjectId('64c23350e32f4a51b19b9248'), totalProducts: 374 },
  { _id: ObjectId('64c23350e32f4a51b19b9240'), totalProducts: 340 },
  { _id: ObjectId('64c23350e32f4a51b19b9242'), totalProducts: 309 },
  { _id: '64c23350e32f4a51b19b9240', totalProducts: 6 },
  { _id: '64c23350e32f4a51b19b924e', totalProducts: 2 },
  { _id: ObjectId('64c23350e32f4a51b19b9233'), totalProducts: 321 },
  { _id: '64c23350e32f4a51b19b9236', totalProducts: 6 },
  { _id: '64c23350e32f4a51b19b924c', totalProducts: 2 },
  { _id: '64c23350e32f4a51b19b9255', totalProducts: 1 },
  { _id: ObjectId('64c23350e32f4a51b19b9235'), totalProducts: 356 },
  { _id: ObjectId('64c23350e32f4a51b19b9241'), totalProducts: 344 },
  { _id: '64c23350e32f4a51b19b9231', totalProducts: 5 },
  { _id: '64c23350e32f4a51b19b9251', totalProducts: 2 },
  { _id: '64c23350e32f4a51b19b9245', totalProducts: 2 },
  { _id: ObjectId('64c23350e32f4a51b19b9246'), totalProducts: 305 },
  { _id: '64c23350e32f4a51b19b924a', totalProducts: 2 },
  { _id: '64c23350e32f4a51b19b9250', totalProducts: 2 },
  { _id: '64c23350e32f4a51b19b9230', totalProducts: 6 }
]
Type "it" for more
shop> db.products.aggregate([
...     {
...         $match : {
...             _id : "64c23350e32f4a51b19b923e",
...         },
...     },
... ]);db.products.aggregate([
...     {
...         $match : {
...             _id : "64c23350e32f4a51b19b923e",
...         },
...     },
... ]);

shop> db.products.aggregate([ { $match: { _id: "64c23350e32f4a51b19b923e" } }] )

shop> db.products.aggregate([ { $match: { _id: "64c23350e32f4a51b19b923e" } }] );

shop> db.products.aggregate([ { $match: { _id: "64c23350e32f4a51b19b9244" } }] );

shop> db.products.aggregate([ { $match: { company: "64c23350e32f4a51b19b9244" } }] );
[
  {
    _id: ObjectId('64c23947e32f4a51b19b92cc'),
    name: 'Smart Home Security Camera',
    company: '64c23350e32f4a51b19b9244',
    price: 129,
    colors: [ '#000000', '#666666', '#cc9900' ],
    image: '/images/product-smart-security-camera.png',
    category: '64c2342de32f4a51b19b925b',
    isFeatured: false
  },
  {
    _id: ObjectId('64c239b9e32f4a51b19b92e9'),
    name: 'Portable Power Bank',
    company: '64c23350e32f4a51b19b9244',
    price: 39,
    colors: [ '#ffffff', '#ffcc00', '#cc9900' ],
    image: '/images/product-power-bank.png',
    category: '64c2342de32f4a51b19b925c',
    isFeatured: true
  }
]
shop> db.products.aggregate([
...     {
...         $group : {
...             _id : "$company",
...             totalProducts : { $sum : '$price' }
...         },
...     },
... ]);
[
  { _id: '64c23350e32f4a51b19b923e', totalProducts: 303 },
  { _id: ObjectId('64c23350e32f4a51b19b9244'), totalProducts: 176680 },
  { _id: ObjectId('64c23350e32f4a51b19b9245'), totalProducts: 153241 },
  { _id: ObjectId('64c23350e32f4a51b19b9240'), totalProducts: 164622 },
  { _id: ObjectId('64c23350e32f4a51b19b9242'), totalProducts: 160943 },
  { _id: '64c23350e32f4a51b19b9240', totalProducts: 644 },
  { _id: '64c23350e32f4a51b19b924e', totalProducts: 598 },
  { _id: ObjectId('64c23350e32f4a51b19b9233'), totalProducts: 157935 },
  { _id: '64c23350e32f4a51b19b9236', totalProducts: 1344 },
  { _id: '64c23350e32f4a51b19b924c', totalProducts: 948 },
  { _id: '64c23350e32f4a51b19b9255', totalProducts: 299 },
  { _id: ObjectId('64c23350e32f4a51b19b9235'), totalProducts: 168061 },
  { _id: ObjectId('64c23350e32f4a51b19b9241'), totalProducts: 168643 },
  { _id: '64c23350e32f4a51b19b9231', totalProducts: 1055 },
  { _id: '64c23350e32f4a51b19b9245', totalProducts: 598 },
  { _id: '64c23350e32f4a51b19b9251', totalProducts: 218 },
  { _id: ObjectId('64c23350e32f4a51b19b9246'), totalProducts: 149318 },
  { _id: '64c23350e32f4a51b19b924a', totalProducts: 478 },
  { _id: '64c23350e32f4a51b19b9250', totalProducts: 648 },
  { _id: '64c23350e32f4a51b19b9230', totalProducts: 2234 }
]
Type "it" for more
shop> it
[
  { _id: '64c23350e32f4a51b19b9233', totalProducts: 874 },
  { _id: '64c23350e32f4a51b19b9242', totalProducts: 704 },
  { _id: '64c23350e32f4a51b19b9232', totalProducts: 1554 },
  { _id: '64c23350e32f4a51b19b923f', totalProducts: 2015 },
  { _id: ObjectId('64c23350e32f4a51b19b9247'), totalProducts: 175233 },
  { _id: '64c23350e32f4a51b19b9253', totalProducts: 69 },
  { _id: '64c23350e32f4a51b19b9237', totalProducts: 784 },
  { _id: '64c23350e32f4a51b19b9243', totalProducts: 185 },
  { _id: '64c23350e32f4a51b19b9252', totalProducts: 98 },
  { _id: '64c23350e32f4a51b19b9234', totalProducts: 914 },
  { _id: '64c23350e32f4a51b19b9239', totalProducts: 1704 },
  { _id: ObjectId('64c23350e32f4a51b19b924b'), totalProducts: 171802 },
  { _id: '64c23350e32f4a51b19b923a', totalProducts: 4884 },
  { _id: '64c23350e32f4a51b19b9241', totalProducts: 1544 },
  { _id: ObjectId('64c23350e32f4a51b19b924a'), totalProducts: 188050 },
  { _id: ObjectId('64c23350e32f4a51b19b9249'), totalProducts: 155625 },
  { _id: ObjectId('64c23350e32f4a51b19b9243'), totalProducts: 164088 },
  { _id: ObjectId('64c23350e32f4a51b19b923a'), totalProducts: 172010 },
  { _id: '64c23350e32f4a51b19b9257', totalProducts: 79 },
  { _id: ObjectId('64c23350e32f4a51b19b9231'), totalProducts: 168915 }
]
Type "it" for more
shop> db.products.aggregate([ { $group: { _id: "$company", totalProducts: { $min: '$price' } } }] );
[
  { _id: '64c23350e32f4a51b19b923e', totalProducts: 19 },
  { _id: ObjectId('64c23350e32f4a51b19b9244'), totalProducts: 7 },
  { _id: ObjectId('64c23350e32f4a51b19b9248'), totalProducts: 4 },
  { _id: ObjectId('64c23350e32f4a51b19b9240'), totalProducts: 6 },
  { _id: ObjectId('64c23350e32f4a51b19b9242'), totalProducts: 3 },
  { _id: '64c23350e32f4a51b19b9240', totalProducts: 49 },
  { _id: '64c23350e32f4a51b19b924e', totalProducts: 199 },
  { _id: ObjectId('64c23350e32f4a51b19b9233'), totalProducts: 1 },
  { _id: '64c23350e32f4a51b19b9236', totalProducts: 59 },
  { _id: '64c23350e32f4a51b19b924c', totalProducts: 49 },
  { _id: '64c23350e32f4a51b19b9255', totalProducts: 299 },
  { _id: ObjectId('64c23350e32f4a51b19b9235'), totalProducts: 4 },
  { _id: ObjectId('64c23350e32f4a51b19b9241'), totalProducts: 5 },
  { _id: '64c23350e32f4a51b19b9231', totalProducts: 29 },
  { _id: '64c23350e32f4a51b19b9251', totalProducts: 89 },
  { _id: '64c23350e32f4a51b19b9245', totalProducts: 199 },
  { _id: ObjectId('64c23350e32f4a51b19b9246'), totalProducts: 3 },
  { _id: '64c23350e32f4a51b19b924a', totalProducts: 129 },
  { _id: '64c23350e32f4a51b19b9250', totalProducts: 299 },
  { _id: '64c23350e32f4a51b19b9230', totalProducts: 79 }
]
Type "it" for more
shop> db.products.aggregate([ { $group: { _id: "$company", totalProducts: { $max: '$price' } } }] );
[
  { _id: '64c23350e32f4a51b19b923e', totalProducts: 129 },
  { _id: ObjectId('64c23350e32f4a51b19b9244'), totalProducts: 1000 },
  { _id: ObjectId('64c23350e32f4a51b19b9245'), totalProducts: 1000 },
  { _id: ObjectId('64c23350e32f4a51b19b9240'), totalProducts: 1000 },
  { _id: ObjectId('64c23350e32f4a51b19b9242'), totalProducts: 1000 },
  { _id: '64c23350e32f4a51b19b9240', totalProducts: 149 },
  { _id: '64c23350e32f4a51b19b924e', totalProducts: 399 },
  { _id: ObjectId('64c23350e32f4a51b19b9233'), totalProducts: 1000 },
  { _id: '64c23350e32f4a51b19b9236', totalProducts: 699 },
  { _id: '64c23350e32f4a51b19b924c', totalProducts: 899 },
  { _id: '64c23350e32f4a51b19b9255', totalProducts: 299 },
  { _id: ObjectId('64c23350e32f4a51b19b9235'), totalProducts: 996 },
  { _id: ObjectId('64c23350e32f4a51b19b9241'), totalProducts: 993 },
  { _id: '64c23350e32f4a51b19b9231', totalProducts: 299 },
  { _id: '64c23350e32f4a51b19b9251', totalProducts: 129 },
  { _id: '64c23350e32f4a51b19b9245', totalProducts: 399 },
  { _id: ObjectId('64c23350e32f4a51b19b9246'), totalProducts: 1000 },
  { _id: '64c23350e32f4a51b19b924a', totalProducts: 349 },
  { _id: '64c23350e32f4a51b19b9250', totalProducts: 349 },
  { _id: '64c23350e32f4a51b19b9230', totalProducts: 899 }
]
Type "it" for more
shop> db.products.aggregate([ { $group: { _id: "$company", totalProducts: { $avg: '$price' } } }] );
[
  {
    _id: '64c23350e32f4a51b19b923e',
    totalProducts: 43.285714285714285
  },
  {
    _id: ObjectId('64c23350e32f4a51b19b9244'),
    totalProducts: 512.1159420289855
  },
  {
    _id: ObjectId('64c23350e32f4a51b19b9245'),
    totalProducts: 489.5878594249201
  },
  {
    _id: ObjectId('64c23350e32f4a51b19b9240'),
    totalProducts: 484.1823529411765
  },
  {
    _id: ObjectId('64c23350e32f4a51b19b9242'),
    totalProducts: 520.8511326860842
  },
  {
    _id: '64c23350e32f4a51b19b9240',
    totalProducts: 107.33333333333333
  },
  { _id: '64c23350e32f4a51b19b924e', totalProducts: 299 },
  {
    _id: ObjectId('64c23350e32f4a51b19b9233'),
    totalProducts: 492.0093457943925
  },
  { _id: '64c23350e32f4a51b19b9236', totalProducts: 224 },
  { _id: '64c23350e32f4a51b19b924c', totalProducts: 474 },
  { _id: '64c23350e32f4a51b19b9255', totalProducts: 299 },
  {
    _id: ObjectId('64c23350e32f4a51b19b9235'),
    totalProducts: 472.0814606741573
  },
  {
    _id: ObjectId('64c23350e32f4a51b19b9241'),
    totalProducts: 490.2412790697674
  },
  { _id: '64c23350e32f4a51b19b9231', totalProducts: 211 },
  { _id: '64c23350e32f4a51b19b9251', totalProducts: 109 },
  { _id: '64c23350e32f4a51b19b9245', totalProducts: 299 },
  {
    _id: ObjectId('64c23350e32f4a51b19b9246'),
    totalProducts: 489.5672131147541
  },
  { _id: '64c23350e32f4a51b19b924a', totalProducts: 239 },
  { _id: '64c23350e32f4a51b19b9250', totalProducts: 324 },
  { _id: '64c23350e32f4a51b19b9230', totalProducts: 372.3333333333333 }
]
Type "it" for more
...     {
...         $match : {price : {$gt : 900}}
...     },
...     {
...         $group : {
...             _id : "$company",
...             totalProducts : { $sum : '$price' }
...         },
...     },
... ]);
[
  { _id: '64c23350e32f4a51b19b923b', totalProducts: 2398 },
  { _id: ObjectId('64c23350e32f4a51b19b9242'), totalProducts: 35335 },
  { _id: ObjectId('64c23350e32f4a51b19b9233'), totalProducts: 29498 },
  { _id: ObjectId('64c23350e32f4a51b19b923a'), totalProducts: 33379 },
  { _id: ObjectId('64c23350e32f4a51b19b9231'), totalProducts: 24780 },
  { _id: ObjectId('64c23350e32f4a51b19b9244'), totalProducts: 35119 },
  { _id: ObjectId('64c23350e32f4a51b19b9243'), totalProducts: 29271 },
  { _id: ObjectId('64c23350e32f4a51b19b9240'), totalProducts: 32713 },
  { _id: ObjectId('64c23350e32f4a51b19b923e'), totalProducts: 38053 },
  { _id: ObjectId('64c23350e32f4a51b19b9246'), totalProducts: 28691 },
  { _id: ObjectId('64c23350e32f4a51b19b924c'), totalProducts: 40840 },
  { _id: ObjectId('64c23350e32f4a51b19b9241'), totalProducts: 27397 },
  { _id: ObjectId('64c23350e32f4a51b19b9237'), totalProducts: 30199 },
  { _id: ObjectId('64c23350e32f4a51b19b9235'), totalProducts: 25833 },
  { _id: ObjectId('64c23350e32f4a51b19b9238'), totalProducts: 27539 },
  { _id: ObjectId('64c23350e32f4a51b19b9234'), totalProducts: 46358 },
  { _id: ObjectId('64c23350e32f4a51b19b924d'), totalProducts: 23985 },
  { _id: ObjectId('64c23350e32f4a51b19b9247'), totalProducts: 36148 },
  { _id: ObjectId('64c23350e32f4a51b19b923b'), totalProducts: 41725 },
  { _id: ObjectId('64c23350e32f4a51b19b9232'), totalProducts: 35876 }
]
Type "it" for more
shop> it
[
  { _id: ObjectId('64c23350e32f4a51b19b923f'), totalProducts: 27519 },
  { _id: ObjectId('64c23350e32f4a51b19b924a'), totalProducts: 31476 },
  { _id: ObjectId('64c23350e32f4a51b19b9248'), totalProducts: 31617 },
  { _id: ObjectId('64c23350e32f4a51b19b9245'), totalProducts: 21711 },
  { _id: ObjectId('64c23350e32f4a51b19b9249'), totalProducts: 38105 },
  { _id: '64c23350e32f4a51b19b923a', totalProducts: 3998 },
  { _id: ObjectId('64c23350e32f4a51b19b924b'), totalProducts: 27501 },
  { _id: ObjectId('64c23350e32f4a51b19b9239'), totalProducts: 27534 },
  { _id: ObjectId('64c23350e32f4a51b19b923c'), totalProducts: 39145 },
  { _id: ObjectId('64c23350e32f4a51b19b9230'), totalProducts: 26562 },
  { _id: ObjectId('64c23350e32f4a51b19b923d'), totalProducts: 22005 },
  { _id: ObjectId('64c23350e32f4a51b19b9236'), totalProducts: 30492 }
]
shop> db.products.aggregate([ { $match: { price: { $gt: 1200 } } }, { $group: { _id: "$company", totalProducts: { $sum: '$price' } } }]

shop> db.products.aggregate([
...     {
...         $match : {price : {$gt : 1200}}
...     },
...     {
...         $group : {
...             _id : "$category",
...             totalPrice : { $sum : '$price' }
...         },
...     },
...
...     {
...         $sort : {$price : 1},
...     },
... ]);
MongoServerError[Location16410]: FieldPath field names may not start with '$'. Consider using $getField or $setField.
shop> db.products.aggregate([
...     {
...         $match : {price : {$gt : 1200}}
...     },
...     {
...         $group : {
...             _id : "$category",
...             totalPrice : { $sum : '$price' }
...         },
...     },
...
...     {
...         $sort : {$totalPrice : 1},
...     },
... ]);
MongoServerError[Location16410]: FieldPath field names may not start with '$'. Consider using $getField or $setField.
shop> db.products.aggregate([ { $match: { price: { $gt: 1200 } } }, { $group: { _id: "$category", totalPrice: { $sum: '$price' } } }, { $sort: { totalPrice: 1 } }] );
[ { _id: '64c2342de32f4a51b19b9259', totalPrice: 3998 } ]
shop> db.products.aggregate([ { $match: { price: { $gt: 699 } } }, { $group: { _id: "$category", totalPrice: { $sum: '$price' } } }, { $sort: { totalPrice: 1 } }] );
[
  { _id: '64c2342de32f4a51b19b9258', totalPrice: 1798 },
  { _id: '64c2342de32f4a51b19b925a', totalPrice: 2398 },
  { _id: '64c2342de32f4a51b19b924e', totalPrice: 3496 },
  { _id: '64c2342de32f4a51b19b9259', totalPrice: 3998 },
  { _id: ObjectId('64c2342de32f4a51b19b9250'), totalPrice: 111382 },
  { _id: ObjectId('64c2342de32f4a51b19b9255'), totalPrice: 111485 },
  { _id: ObjectId('64c2342de32f4a51b19b9257'), totalPrice: 118926 },
  { _id: ObjectId('64c2342de32f4a51b19b925c'), totalPrice: 119671 },
  { _id: ObjectId('64c2342de32f4a51b19b9252'), totalPrice: 120074 },
  { _id: ObjectId('64c2342de32f4a51b19b925e'), totalPrice: 120363 },
  { _id: ObjectId('64c2342de32f4a51b19b9261'), totalPrice: 125119 },
  { _id: ObjectId('64c2342de32f4a51b19b924f'), totalPrice: 126131 },
  { _id: ObjectId('64c2342de32f4a51b19b9258'), totalPrice: 127298 },
  { _id: ObjectId('64c2342de32f4a51b19b9253'), totalPrice: 128298 },
  { _id: ObjectId('64c2342de32f4a51b19b9259'), totalPrice: 128348 },
  { _id: ObjectId('64c2342de32f4a51b19b925f'), totalPrice: 130105 },
  { _id: ObjectId('64c2342de32f4a51b19b925b'), totalPrice: 131910 },
  { _id: ObjectId('64c2342de32f4a51b19b9251'), totalPrice: 133949 },
  { _id: ObjectId('64c2342de32f4a51b19b9254'), totalPrice: 135339 },
  { _id: ObjectId('64c2342de32f4a51b19b9260'), totalPrice: 136841 }
]
Type "it" for more
shop> db.products.aggregate([
...     {
...         $project: {
...             price : 1
...         }
...     }
... ])
[
  { _id: ObjectId('64c23601e32f4a51b19b9264'), price: 249 },
  { _id: ObjectId('64c23601e32f4a51b19b9262'), price: 699 },
  { _id: ObjectId('64c23601e32f4a51b19b9266'), price: 129 },
  { _id: ObjectId('64c23601e32f4a51b19b9267'), price: 59 },
  { _id: ObjectId('64c23601e32f4a51b19b9268'), price: 299 },
  { _id: ObjectId('64c23601e32f4a51b19b9265'), price: 89 },
  { _id: ObjectId('64c23601e32f4a51b19b9269'), price: 49 },
  { _id: ObjectId('64c23601e32f4a51b19b926a'), price: 89 },
  { _id: ObjectId('64c23601e32f4a51b19b926b'), price: 149 },
  { _id: ObjectId('64c23601e32f4a51b19b926c'), price: 349 },
  { _id: ObjectId('64c23601e32f4a51b19b926f'), price: 69 },
  { _id: ObjectId('64c23601e32f4a51b19b9270'), price: 19 },
  { _id: ObjectId('64c2363be32f4a51b19b9271'), price: 39 },
  { _id: ObjectId('64c23601e32f4a51b19b926e'), price: 29 },
  { _id: ObjectId('64c2363be32f4a51b19b9272'), price: 899 },
  { _id: ObjectId('64c2363be32f4a51b19b9273'), price: 149 },
  { _id: ObjectId('64c2363be32f4a51b19b9274'), price: 599 },
  { _id: ObjectId('64c2363be32f4a51b19b9275'), price: 129 },
  { _id: ObjectId('64c23601e32f4a51b19b926d'), price: 45 },
  { _id: ObjectId('64c2363be32f4a51b19b9277'), price: 79 }
]
Type "it" for more
shop> db.products.aggregate([ { $project: { price: 1, _id : 0 } }] )
[
  { price: 249 }, { price: 699 },
  { price: 129 }, { price: 59 },
  { price: 299 }, { price: 89 },
  { price: 49 },  { price: 89 },
  { price: 149 }, { price: 349 },
  { price: 69 },  { price: 19 },
  { price: 39 },  { price: 29 },
  { price: 899 }, { price: 149 },
  { price: 599 }, { price: 129 },
  { price: 45 },  { price: 79 }
]
Type "it" for more
shop> it
[
  { price: 39 },   { price: 299 },
  { price: 49 },   { price: 79 },
  { price: 59 },   { price: 19 },
  { price: 129 },  { price: 29 },
  { price: 699 },  { price: 299 },
  { price: 1999 }, { price: 1199 },
  { price: 29 },   { price: 149 },
  { price: 39 },   { price: 899 },
  { price: 149 },  { price: 599 },
  { price: 19 },   { price: 129 }
]
Type "it" for more
shop> db.products.aggregate([
...     {
...         $project: {
...             price : 1,
...             discountPrice: {$multiply: ['$price', 0.8]}
...         }
...     }
... ])
[
  {
    _id: ObjectId('64c23601e32f4a51b19b9264'),
    price: 249,
    discountPrice: 199.20000000000002
  },
  {
    _id: ObjectId('64c23601e32f4a51b19b9262'),
    price: 699,
    discountPrice: 559.2
  },
  {
    _id: ObjectId('64c23601e32f4a51b19b9266'),
    price: 129,
    discountPrice: 103.2
  },
  {
    _id: ObjectId('64c23601e32f4a51b19b9267'),
    price: 59,
    discountPrice: 47.2
  },
  {
    _id: ObjectId('64c23601e32f4a51b19b9268'),
    price: 299,
    discountPrice: 239.20000000000002
  },
  {
    _id: ObjectId('64c23601e32f4a51b19b9265'),
    price: 89,
    discountPrice: 71.2
  },
  {
    _id: ObjectId('64c23601e32f4a51b19b9269'),
    price: 49,
    discountPrice: 39.2
  },
  {
    _id: ObjectId('64c23601e32f4a51b19b926a'),
    price: 89,
    discountPrice: 71.2
  },
  {

shop> db.products.aggregate([
...     {
...         $match : {price : {$gt : 1200}}
...     },
...     {
...         $project: {
...             price : 1,
...             discountPrice: {$multiply: ['$price', 0.8]}
...         }
...     }
... ])
[
  {
    _id: ObjectId('64c236a2e32f4a51b19b9281'),
    price: 1999,
    discountPrice: 1599.2
  },
  {
    _id: ObjectId('64c23707e32f4a51b19b9296'),
    price: 1999,
    discountPrice: 1599.2
  }
]
shop> db.products.aggregate([ { $match: { price: { $gt: 1000 } } }, { $project: { price: 1, discountPrice: { $multiply: ['$price', 0.8] } } }] )
[
  {
    _id: ObjectId('64c236a2e32f4a51b19b9282'),
    price: 1199,
    discountPrice: 959.2
  },
  {
    _id: ObjectId('64c23707e32f4a51b19b9297'),
    price: 1199,
    discountPrice: 959.2
  },
  {
    _id: ObjectId('64c236a2e32f4a51b19b9281'),
    price: 1999,
    discountPrice: 1599.2
  },
  {
    _id: ObjectId('64c23707e32f4a51b19b9296'),
    price: 1999,
    discountPrice: 1599.2
  }
]











Microsoft Windows [Version 10.0.19045.6093]
(c) Microsoft Corporation. All rights reserved.

C:\Users\Abhishek Singh>mongosh
Current Mongosh Log ID: 688137ef30f74490de718dc3
Connecting to:          mongodb://127.0.0.1:27017/?directConnection=true&serverSelectionTimeoutMS=2000&appName=mongosh+2.5.5
Using MongoDB:          8.0.10
Using Mongosh:          2.5.5
mongosh 2.5.6 is available for download: https://www.mongodb.com/try/download/shell

For mongosh info see: https://www.mongodb.com/docs/mongodb-shell/

------
   The server generated these startup warnings when booting
   2025-07-15T11:49:11.275+05:30: Access control is not enabled for the database. Read and write access to data and configuration is unrestricted
------

test> show dbs
admin               40.00 KiB
config             108.00 KiB
local               72.00 KiB
node-with-mongoDB  108.00 KiB
shop                 1.45 MiB
short-url          216.00 KiB
students            72.00 KiB
test> use shop
switched to db shop
shop> db.products.aggregate([
...     {
...         $match : {price : {$gt : 700}}
...     },
...     {
...        $group: {
...         _id: '$price',
...         allColors: { $push : '$colors' }
...        }
...     }
... ])
[
  {
    _id: 787,
    allColors: [
      [ '#63115d' ], [ '#296150' ],
      [ '#045a5f' ], [ '#021d36' ],
      [ '#1f524e' ], [ '#655660' ],
      [ '#3e0980' ], [ '#3b3c00' ],
      [ '#21527c' ], [ '#2b176b' ],
      [ '#224c24' ]
    ]
  },
  {
    _id: 782,
    allColors: [
      [ '#1e0c47' ],
      [ '#074c1a' ],
      [ '#49415e' ],
      [ '#1d2628' ],
      [ '#2c767a' ],
      [ '#2b4a7c' ],
      [ '#360a12' ],
      [ '#515617' ]
    ]
  },
  {
    _id: 766,
    allColors: [ [ '#6f0166' ], [ '#3b5f06' ], [ '#5e5202' ] ]
  },
  {
    _id: 708,
    allColors: [
      [ '#401b67' ], [ '#250072' ],
      [ '#632857' ], [ '#797141' ],
      [ '#34016c' ], [ '#5c625f' ],
      [ '#5e5c1c' ], [ '#340734' ],
      [ '#6c4156' ], [ '#2f3b5e' ],
      [ '#603f14' ], [ '#216705' ],
      [ '#1f344f' ], [ '#5e4a7b' ],
      [ '#5e3e31' ], [ '#646b68' ],
      [ '#682c76' ]
    ]
  },
  {
    _id: 820,
    allColors: [
      [ '#435b17' ],
      [ '#0d750b' ],
      [ '#6e6a1f' ],
      [ '#1d6e60' ],
      [ '#5d0331' ],
      [ '#4a7769' ],
      [ '#500b0f' ],
      [ '#0d040c' ],
      [ '#290607' ]
    ]
  },
  {
    _id: 825,
    allColors: [
      [ '#010456' ], [ '#105578' ],
      [ '#6d3d67' ], [ '#2e794b' ],
      [ '#695e77' ], [ '#1e510f' ],
      [ '#72572c' ], [ '#3b0b77' ],
      [ '#617027' ], [ '#327877' ],
      [ '#1c4357' ], [ '#31304d' ],
      [ '#31801c' ], [ '#540253' ],
      [ '#000252' ], [ '#540f57' ],
      [ '#634b67' ], [ '#046e5b' ]
    ]
  },
  {
    _id: 707,
    allColors: [
      [ '#4d3e80' ],
      [ '#152700' ],
      [ '#367959' ],
      [ '#176c51' ],
      [ '#486945' ]
    ]
  },
  {
    _id: 854,
    allColors: [
      [ '#402209' ],
      [ '#173011' ],
      [ '#4c5a6a' ],
      [ '#3c3b4d' ],
      [ '#547946' ]
    ]
  },
  {
    _id: 866,
    allColors: [
      [ '#07012d' ], [ '#0a2b05' ],
      [ '#5b2d4a' ], [ '#3b7d2f' ],
      [ '#736f2a' ], [ '#6d2879' ],
      [ '#3d562a' ], [ '#203f39' ],
      [ '#207d7b' ], [ '#291414' ],
      [ '#0e4346' ], [ '#613b21' ],
      [ '#740f4b' ], [ '#6c1762' ],
      [ '#283621' ], [ '#420127' ],
      [ '#696d69' ], [ '#6a1237' ]
    ]
  },
  {
    _id: 900,
    allColors: [
      [ '#72326a' ],
      [ '#0e497b' ],
      [ '#642446' ],
      [ '#53793e' ],
      [ '#35471e' ],
      [ '#2e7404' ],
      [ '#003571' ]
    ]
  },
  {
    _id: 941,
    allColors: [
      [ '#076950' ],
      [ '#056b39' ],
      [ '#692053' ],
      [ '#797472' ],
      [ '#4b623b' ],
      [ '#49145e' ],
      [ '#6c525a' ],
      [ '#384f51' ],
      [ '#2a602d' ]
    ]
  },
  {
    _id: 703,
    allColors: [
      [ '#196040' ], [ '#615110' ],
      [ '#56292f' ], [ '#6d3a70' ],
      [ '#1a2757' ], [ '#521656' ],
      [ '#311b70' ], [ '#377041' ],
      [ '#316817' ], [ '#747651' ],
      [ '#197a58' ], [ '#576934' ]
    ]
  },
  {
    _id: 779,
    allColors: [
      [ '#7d3444' ], [ '#771b69' ],
      [ '#346b44' ], [ '#047640' ],
      [ '#7e3520' ], [ '#6c1261' ],
      [ '#3d0434' ], [ '#477148' ],
      [ '#3e2f39' ], [ '#3d5628' ],
      [ '#181b06' ], [ '#0b186c' ],
      [ '#1c5d49' ]
    ]
  },
  {
    _id: 962,
    allColors: [
      [ '#5e6033' ], [ '#726a28' ],
      [ '#807c75' ], [ '#6b5078' ],
      [ '#497321' ], [ '#06440d' ],
      [ '#1e0c4e' ], [ '#6a0e4c' ],
      [ '#406359' ], [ '#684e65' ],
      [ '#220a13' ]
    ]
  },
  {
    _id: 984,
    allColors: [
      [ '#795f4e' ], [ '#593460' ],
      [ '#0a7568' ], [ '#437769' ],
      [ '#2d686a' ], [ '#5e1e7c' ],
      [ '#7e4e21' ], [ '#126209' ],
      [ '#4a2f42' ], [ '#6f0e29' ],
      [ '#2a1b54' ], [ '#360532' ]
    ]
  },
  {
    _id: 989,
    allColors: [
      [ '#172a1d' ],
      [ '#550626' ],
      [ '#600d46' ],
      [ '#3b4d5f' ],
      [ '#6a2a53' ],
      [ '#612d63' ],
      [ '#6e1c02' ],
      [ '#20232e' ]
    ]
  },
  {
    _id: 932,
    allColors: [
      [ '#1a7f33' ],
      [ '#397545' ],
      [ '#780b13' ],
      [ '#591a69' ],
      [ '#584748' ],
      [ '#165449' ],
      [ '#2e563b' ]
    ]
  },
  {
    _id: 750,
    allColors: [
      [ '#04307f' ], [ '#603c1d' ],
      [ '#43736c' ], [ '#710508' ],
      [ '#653e3a' ], [ '#6f5d80' ],
      [ '#4a3658' ], [ '#244c59' ],
      [ '#4e1a1f' ], [ '#00621d' ],
      [ '#365618' ], [ '#476f43' ],
      [ '#015900' ], [ '#2e4526' ]
    ]
  },
  {
    _id: 808,
    allColors: [
      [ '#131744' ], [ '#0f6f55' ],
      [ '#297b36' ], [ '#5f1f7f' ],
      [ '#71037e' ], [ '#5b491b' ],
      [ '#7c7871' ], [ '#00056e' ],
      [ '#5c0b6f' ], [ '#62795b' ],
      [ '#4e4b03' ], [ '#522006' ],
      [ '#7f0b78' ], [ '#350761' ],
      [ '#1d5677' ]
    ]
  },
  {
    _id: 953,
    allColors: [
      [ '#3c5d5c' ], [ '#745c0e' ],
      [ '#246d1a' ], [ '#5f5040' ],
      [ '#37170f' ], [ '#356e4c' ],
      [ '#0f607e' ], [ '#1f2527' ],
      [ '#67406e' ], [ '#0f7d05' ],
      [ '#5c376b' ]
    ]
  }
]
Type "it" for more
...     {
...         $match : {price : {$eq : 699}}
...     },
...     {
...        $group: {
...         _id: '$price',
...         allColors: { $push : '$colors' }
...        }
...     }
... ])
[
  {
    _id: 699,
    allColors: [
      [ '#000000', '#ffffff', '#ff0000' ],
      [ '#ffffff', '#ffcc00', '#cc9900' ],
      [ '#ffffff', '#ffcc00', '#cc9900' ],
      [ '#333333', '#99cc00', '#ffcc00' ],
      [ '#2d0a6a' ],
      [ '#2b3311' ],
      [ '#335c62' ],
      [ '#396b56' ],
      [ '#2f4575' ],
      [ '#2f787d' ],
      [ '#394827' ],
      [ '#233376' ],
      [ '#0d621e' ]
    ]
  }
]
shop> db.products.aggregate([ { $match: { price: { $eq: 699 } } }, { $group: { _id: '$price', allColors: { $unwind: '$colors' } } }] )
MongoServerError[Location15952]: unknown group operator '$unwind'
...     { $unwind : '$colors' },
...     {
...         $match : {price : {$eq : 699}}
...     },
...     {
...        $group: {
...         _id: '$price',
...         allColors: { $push : '$colors' }
...        }
...     }
... ])
[
  {
    _id: 699,
    allColors: [
      '#000000', '#ffffff', '#ff0000',
      '#ffffff', '#ffcc00', '#cc9900',
      '#ffffff', '#ffcc00', '#cc9900',
      '#333333', '#99cc00', '#ffcc00',
      '#2d0a6a', '#2b3311', '#335c62',
      '#396b56', '#2f4575', '#2f787d',
      '#394827', '#233376', '#0d621e'
    ]
  }
]
shop> db.products.aggregate([ { $unwind: '$colors' }, { $match: { price: { $gt: 699 } } }, { $group: { _id: '$price', allColors: { $push: '$colors' } } }] )
[
  {
    _id: 983,
    allColors: [
      '#242f43', '#7f7950',
      '#491d00', '#18447a',
      '#523b6f', '#7b1775',
      '#600349', '#0a3c36',
      '#577e20', '#4e054b',
      '#456710', '#775223',
      '#642858'
    ]
  },
  {
    _id: 706,
    allColors: [
      '#152729', '#3a306f',
      '#66806b', '#3c6f65',
      '#281150', '#017417',
      '#43026a', '#5a065a',
      '#3a4046', '#2c1f6a',
      '#0e4d7c'
    ]
  },
  {
    _id: 795,
    allColors: [
      '#2d621b',
      '#256b1c',
      '#142924',
      '#022d02',
      '#73047b',
      '#285a0c'
    ]
  },
  {
    _id: 971,
    allColors: [ '#32765d', '#643038', '#4e315d', '#344537', '#713616' ]
  },
  {
    _id: 713,
    allColors: [
      '#0d6c56', '#54755c',
      '#063f7d', '#521443',
      '#0c1540', '#530948',
      '#426f57', '#234c1f',
      '#3b1125', '#790504',
      '#611012', '#274c60',
      '#204671', '#454a28',
      '#68242c', '#6c4a7d'
    ]
  },
  {
    _id: 824,
    allColors: [
      '#216910', '#1f715e',
      '#370071', '#5f4a65',
      '#67510d', '#531149',
      '#3c7d69', '#1a4f56',
      '#64512d', '#0a032b'
    ]
  },
  {
    _id: 843,
    allColors: [
      '#070d08', '#3f4b0b',
      '#2a1e0c', '#3e1c4d',
      '#16040b', '#6d5539',
      '#4d0a6a', '#693457',
      '#716e7b', '#174336',
      '#782570', '#69062b'
    ]
  },
  {
    _id: 846,
    allColors: [
      '#233703', '#52007b',
      '#434e53', '#237279',
      '#6f3820', '#503b69',
      '#620f01', '#763d56'
    ]
  },
  {
    _id: 885,
    allColors: [ '#3a1042', '#77664b', '#3c7e59', '#711d6b' ]
  },
  {
    _id: 797,
    allColors: [
      '#2b0165', '#68191e',
      '#350b23', '#314c5d',
      '#598026', '#320070',
      '#1f0727', '#757f40',
      '#786219', '#25524b',
      '#513f0c', '#564028',
      '#1d395b', '#511671'
    ]
  },
  {
    _id: 781,
    allColors: [
      '#6c1302', '#7f350b',
      '#475f0d', '#0c3b06',
      '#5d2471', '#552210',
      '#4a2647', '#520b15',
      '#021b75', '#555c57'
    ]
  },
  {
    _id: 899,
    allColors: [
      '#000000', '#999999', '#cc6600',
      '#000000', '#999999', '#cc6600',
      '#000000', '#999999', '#00ff00',
      '#333333', '#ff9900', '#990000',
      '#333333', '#ff9900', '#990000',
      '#5d3827', '#320e71', '#5e1669',
      '#167d3a', '#7c6c73', '#001a51',
      '#717a21', '#5a0a0c', '#662a35',
      '#243a2c', '#501609', '#2e5c0d',
      '#1b6e4b', '#5c5c35', '#035352'
    ]
  },
  {
    _id: 849,
    allColors: [
      '#082d46', '#1a2654',
      '#081472', '#7c6148',
      '#2a3f17', '#4b2531',
      '#27545d', '#563b66',
      '#5b0b59', '#63506c',
      '#727379', '#5f100a',
      '#073e12', '#080006',
      '#404371'
    ]
  },
  {
    _id: 966,
    allColors: [
      '#4c563b', '#3f6f48',
      '#57522e', '#28160d',
      '#354e06', '#0f1428',
      '#66307b', '#754f41',
      '#4f127a', '#335855',
      '#6e7f4b', '#096446',
      '#6b5d7c', '#32786f'
    ]
  },
  {
    _id: 747,
    allColors: [
      '#2d5e0d', '#3e6347',
      '#455c46', '#14416d',
      '#443463', '#544260',
      '#0d0b3d', '#237a12',
      '#4a106e', '#335172',
      '#1e4127', '#056232',
      '#276862', '#7d2c1b'
    ]
  },
  {
    _id: 728,
    allColors: [
      '#31500c',
      '#4c601f',
      '#724a22',
      '#5e3416',
      '#6d363b',
      '#514155',
      '#711d22'
    ]
  },
  {
    _id: 752,
    allColors: [
      '#785a3e', '#4d3143',
      '#7a5427', '#090c67',
      '#076c64', '#4d0775',
      '#371b65', '#18543b'
    ]
  },
  {
    _id: 808,
    allColors: [
      '#131744', '#0f6f55',
      '#297b36', '#5f1f7f',
      '#71037e', '#5b491b',
      '#7c7871', '#00056e',
      '#5c0b6f', '#62795b',
      '#4e4b03', '#522006',
      '#7f0b78', '#350761',
      '#1d5677'
    ]
  },
  {
    _id: 938,
    allColors: [
      '#5c3f6c',
      '#28385e',
      '#653d3e',
      '#3e0152',
      '#450f3b',
      '#22333a'
    ]
  },
  {
    _id: 746,
    allColors: [
      '#03284e', '#017c3b',
      '#281f00', '#282b23',
      '#0a3a50', '#437f76',
      '#5a2a0a', '#767441',
      '#16637f', '#531e6f'
    ]
  }
]
Type "it" for more
shop> db.products.aggregate([ { $unwind: '$colors' }, { $match: { price: { $gt: 699 } } }, { $group: { _id: '$price', allColors: { $addToSet: '$colors' } } }] )
[
  {
    _id: 901,
    allColors: [
      '#5a1276', '#11460b',
      '#3a6f51', '#0f4350',
      '#5c0a46', '#687e59',
      '#360857', '#727450',
      '#565f34'
    ]
  },
  { _id: 1199, allColors: [ '#660000', '#ff9900', '#333333' ] },
  {
    _id: 889,
    allColors: [
      '#250e50', '#693b6b',
      '#3c6d10', '#392642',
      '#125c1a', '#056757',
      '#352120', '#507350',
      '#05120c', '#392169',
      '#3d250a'
    ]
  },
  { _id: 1999, allColors: [ '#cc6600', '#663300', '#000000' ] },
  {
    _id: 814,
    allColors: [
      '#15164f',
      '#111110',
      '#1e2c2d',
      '#32590f',
      '#5d4b08',
      '#2a1068',
      '#5c7c26'
    ]
  },
  {
    _id: 723,
    allColors: [
      '#610920', '#216b35',
      '#037c5e', '#42087f',
      '#207223', '#775044',
      '#262a58', '#1f0a2f',
      '#775f7f', '#7e5c3b'
    ]
  },
  { _id: 929, allColors: [ '#020919', '#54735a', '#73360c' ] },
  {
    _id: 825,
    allColors: [
      '#695e77', '#327877',
      '#540253', '#634b67',
      '#1e510f', '#105578',
      '#540f57', '#31304d',
      '#6d3d67', '#010456',
      '#72572c', '#3b0b77',
      '#617027', '#1c4357',
      '#046e5b', '#2e794b',
      '#000252', '#31801c'
    ]
  },
  {
    _id: 880,
    allColors: [
      '#062a73', '#0d3878',
      '#120a0d', '#757b7c',
      '#4e6a75', '#3f0c4b',
      '#371f56', '#1b5349',
      '#167f4e'
    ]
  },
  {
    _id: 783,
    allColors: [ '#1b0674', '#643309', '#4e0608', '#6d3005' ]
  },
  {
    _id: 905,
    allColors: [
      '#567045', '#2b1f10',
      '#6a2900', '#21405b',
      '#1f105c', '#190435',
      '#237251', '#341377',
      '#221517', '#763352'
    ]
  },
  {
    _id: 916,
    allColors: [
      '#312049', '#562527',
      '#192833', '#776e50',
      '#38485c', '#290629',
      '#3a5d57', '#4c354f',
      '#5e1e07', '#671461',
      '#482c56', '#3a0f62'
    ]
  },
  {
    _id: 939,
    allColors: [
      '#690578', '#15002f',
      '#582c60', '#054711',
      '#374962', '#1d2d4a',
      '#036f78', '#372a73',
      '#3a285f', '#121812'
    ]
  },
  {
    _id: 965,
    allColors: [
      '#1a4000', '#652143',
      '#380236', '#4a0a50',
      '#00413c', '#045c3b',
      '#712f70', '#62184f',
      '#393f56', '#370702',
      '#745929', '#592b47',
      '#403314', '#3f5e52',
      '#5d546a'
    ]
  },
  {
    _id: 980,
    allColors: [
      '#0c3e7b', '#36794f',
      '#5d4a28', '#566b2e',
      '#1e7c0e', '#6f5228',
      '#206b7c', '#515c7e',
      '#722507', '#505b28'
    ]
  },
  {
    _id: 866,
    allColors: [
      '#0a2b05', '#613b21',
      '#283621', '#740f4b',
      '#5b2d4a', '#696d69',
      '#3d562a', '#07012d',
      '#6d2879', '#207d7b',
      '#3b7d2f', '#291414',
      '#0e4346', '#6c1762',
      '#420127', '#6a1237',
      '#736f2a', '#203f39'
    ]
  },
  {
    _id: 712,
    allColors: [
      '#297766', '#4c0303',
      '#3d7300', '#471310',
      '#730c21', '#0f2c46',
      '#3d736c', '#6f6560',
      '#2d6526', '#401c7c',
      '#5a3b34', '#655677'
    ]
  },
  {
    _id: 891,
    allColors: [ '#3f0e7d', '#761a72', '#3e676b', '#151418', '#7d3949' ]
  },
  {
    _id: 747,
    allColors: [
      '#0d0b3d', '#544260',
      '#335172', '#2d5e0d',
      '#3e6347', '#455c46',
      '#14416d', '#443463',
      '#237a12', '#1e4127',
      '#276862', '#7d2c1b',
      '#056232', '#4a106e'
    ]
  },
  {
    _id: 728,
    allColors: [
      '#6d363b',
      '#514155',
      '#31500c',
      '#724a22',
      '#4c601f',
      '#711d22',
      '#5e3416'
    ]
  }
]
Type "it" for more
shop> db.products.aggregate([ { $unwind: '$colors' }, { $match: { price: { $eq: 699 } } }, { $group: { _id: '$price', allColors: { $addToSet: '$colors' } } }] )
[
  {
    _id: 699,
    allColors: [
      '#233376', '#cc9900',
      '#ffcc00', '#2d0a6a',
      '#000000', '#2f787d',
      '#ff0000', '#ffffff',
      '#333333', '#99cc00',
      '#394827', '#2f4575',
      '#396b56', '#0d621e',
      '#2b3311', '#335c62'
    ]
  }
]
shop> db.products.aggregate([ { $unwind: '$colors' }, { $match: { price: { $eq: 699 } } }, { $group: { _id: '$price', allColors: { $push: '$colors' } } }] )
[
  {
    _id: 699,
    allColors: [
      '#000000', '#ffffff', '#ff0000',
      '#ffffff', '#ffcc00', '#cc9900',
      '#ffffff', '#ffcc00', '#cc9900',
      '#333333', '#99cc00', '#ffcc00',
      '#2d0a6a', '#2b3311', '#335c62',
      '#396b56', '#2f4575', '#2f787d',
      '#394827', '#233376', '#0d621e'
    ]
  }
]
...     { $unwind : '$colors' },
...     {
...         $match : {price : {$eq : 699}}
...     },
...     {
...        $group: {
...         _id: { priceFroup : '$price'},
...         colors: { $addToSet : '$colors' },
...         colorLength: { size : "$colors" },
...        }
...     }
... ])
MongoServerError[Location40234]: The field 'colorLength' must be an accumulator object
...     { $unwind : '$colors' },
...     {
...         $match : {price : {$eq : 699}},
...     },
...     {
...        $group: {
...         _id: { priceFroup : '$price'},
...         colors: { $addToSet : '$colors' },
...        },
...     },
...        {
...         $project: {
...             _id : 1,
...             colors : 1,
...             colorLength: {$size : "$colors"},
...        },
...     }
... ])
[
  {
    _id: { priceFroup: 699 },
    colors: [
      '#ff0000', '#99cc00',
      '#2f787d', '#394827',
      '#2d0a6a', '#ffffff',
      '#333333', '#000000',
      '#2f4575', '#cc9900',
      '#ffcc00', '#233376',
      '#335c62', '#2b3311',
      '#396b56', '#0d621e'
    ],
    colorLength: 16
  }
shop> db.products.aggregate([ { $unwind: '$colors' }, { $match: { price: { $gt: 699 } } }, { $group: { _id: { priceFroup: '$price' }, colors: { $addToSet: '$colors' } } }, { $project: { _id: 1, colors: 1, colorLength: { $size: "$colors" } } }] )
[
  {
    _id: { priceFroup: 706 },
    colors: [
      '#3a306f', '#3a4046',
      '#2c1f6a', '#3c6f65',
      '#152729', '#017417',
      '#281150', '#66806b',
      '#5a065a', '#0e4d7c',
      '#43026a'
    ],
    colorLength: 11
  },
  {
    _id: { priceFroup: 983 },
    colors: [
      '#491d00', '#18447a',
      '#600349', '#456710',
      '#577e20', '#523b6f',
      '#7b1775', '#7f7950',
      '#0a3c36', '#775223',
      '#642858', '#4e054b',
      '#242f43'
    ],
    colorLength: 13
  },
  {
    _id: { priceFroup: 795 },
    colors: [
      '#73047b',
      '#285a0c',
      '#022d02',
      '#2d621b',
      '#256b1c',
      '#142924'
    ],
    colorLength: 6
  },
  {
    _id: { priceFroup: 971 },
    colors: [ '#32765d', '#713616', '#344537', '#643038', '#4e315d' ],
    colorLength: 5
  },
  {
    _id: { priceFroup: 713 },
    colors: [
      '#234c1f', '#454a28',
      '#521443', '#611012',
      '#6c4a7d', '#426f57',
      '#063f7d', '#3b1125',
      '#530948', '#0d6c56',
      '#790504', '#68242c',
      '#274c60', '#0c1540',
      '#54755c', '#204671'
    ],
    colorLength: 16
  },
  {
    _id: { priceFroup: 843 },
    colors: [
      '#693457', '#2a1e0c',
      '#174336', '#782570',
      '#6d5539', '#070d08',
      '#69062b', '#16040b',
      '#4d0a6a', '#716e7b',
      '#3f4b0b', '#3e1c4d'
    ],
    colorLength: 12
  },
  {
    _id: { priceFroup: 846 },
    colors: [
      '#763d56', '#503b69',
      '#6f3820', '#233703',
      '#434e53', '#52007b',
      '#237279', '#620f01'
    ],
    colorLength: 8
  },
  {
    _id: { priceFroup: 824 },
    colors: [
      '#370071', '#1a4f56',
      '#67510d', '#3c7d69',
      '#216910', '#64512d',
      '#1f715e', '#531149',
      '#5f4a65', '#0a032b'
    ],
    colorLength: 10
  },
  {
    _id: { priceFroup: 885 },
    colors: [ '#3a1042', '#3c7e59', '#711d6b', '#77664b' ],
    colorLength: 4
  },
  {
    _id: { priceFroup: 899 },
    colors: [
      '#662a35', '#7c6c73', '#5c5c35',
      '#5a0a0c', '#320e71', '#501609',
      '#333333', '#990000', '#2e5c0d',
      '#000000', '#999999', '#cc6600',
      '#001a51', '#035352', '#ff9900',
      '#243a2c', '#00ff00', '#5d3827',
      '#5e1669', '#1b6e4b', '#167d3a',
      '#717a21'
    ],
    colorLength: 22
  },
  {
    _id: { priceFroup: 781 },
    colors: [
      '#021b75', '#520b15',
      '#555c57', '#6c1302',
      '#7f350b', '#4a2647',
      '#475f0d', '#552210',
      '#5d2471', '#0c3b06'
    ],
    colorLength: 10
  },
  {
    _id: { priceFroup: 797 },
    colors: [
      '#513f0c', '#25524b',
      '#68191e', '#598026',
      '#511671', '#320070',
      '#786219', '#2b0165',
      '#1f0727', '#1d395b',
      '#314c5d', '#757f40',
      '#564028', '#350b23'
    ],
    colorLength: 14
  },
  {
    _id: { priceFroup: 849 },
    colors: [
      '#27545d', '#4b2531',
      '#5b0b59', '#073e12',
      '#082d46', '#5f100a',
      '#1a2654', '#404371',
      '#63506c', '#081472',
      '#080006', '#727379',
      '#7c6148', '#2a3f17',
      '#563b66'
    ],
    colorLength: 15
  },
  {
    _id: { priceFroup: 966 },
    colors: [
      '#66307b', '#354e06',
      '#28160d', '#0f1428',
      '#3f6f48', '#4c563b',
      '#754f41', '#6e7f4b',
      '#096446', '#32786f',
      '#6b5d7c', '#57522e',
      '#4f127a', '#335855'
    ],
    colorLength: 14
  },
  {
    _id: { priceFroup: 728 },
    colors: [
      '#31500c',
      '#4c601f',
      '#514155',
      '#5e3416',
      '#711d22',
      '#6d363b',
      '#724a22'
    ],
    colorLength: 7
  },
  {
    _id: { priceFroup: 747 },
    colors: [
      '#237a12', '#335172',
      '#1e4127', '#276862',
      '#056232', '#0d0b3d',
      '#4a106e', '#544260',
      '#7d2c1b', '#2d5e0d',
      '#3e6347', '#455c46',
      '#14416d', '#443463'
    ],
    colorLength: 14
  },
  {
    _id: { priceFroup: 752 },
    colors: [
      '#090c67', '#7a5427',
      '#4d0775', '#785a3e',
      '#4d3143', '#371b65',
      '#18543b', '#076c64'
    ],
    colorLength: 8
  },
  {
    _id: { priceFroup: 808 },
    colors: [
      '#4e4b03', '#1d5677',
      '#62795b', '#7c7871',
      '#7f0b78', '#5f1f7f',
      '#5c0b6f', '#522006',
      '#71037e', '#00056e',
      '#5b491b', '#297b36',
      '#131744', '#0f6f55',
      '#350761'
    ],
    colorLength: 15
  },
  {
    _id: { priceFroup: 938 },
    colors: [
      '#450f3b',
      '#22333a',
      '#653d3e',
      '#3e0152',
      '#5c3f6c',
      '#28385e'
    ],
    colorLength: 6
  },
  {
    _id: { priceFroup: 773 },
    colors: [
      '#646324',
      '#18217d',
      '#780733',
      '#4c332d',
      '#140475',
      '#610916',
      '#6a7f69'
    ],
    colorLength: 7
  }
]
Type "it" for more
shop> db.products.aggregate([
...     { $unwind : '$colors' },
...     {
...         $match : {price : {$gt : 699}},
...     },
...     {
...        $group: {
...         _id: { priceFroup : '$price'},
...         colors: { $addToSet : '$colors' },
...        },
...     },
...        {
...         $project: {
...             _id : 1,
...             colors : 1,
...             colorLength: {$size : "$colors"},
...        },
...     },
...     {
...         $limit : 1
...     }
... ])
[
  {
    _id: { priceFroup: 946 },
    colors: [
      '#343607', '#305b53',
      '#5a0e36', '#014c22',
      '#082e7b', '#3a6824',
      '#3c2b13', '#6f2752',
      '#2c6455', '#034e00'
    ],
    colorLength: 10
  }
]
shop> db.products.aggregate([ { $unwind: '$colors' }, { $match: { price: { $gt: 699 } } }, { $group: { _id: { priceFroup: '$price' }, colors: { $addToSet: '$colors' } } }, { $project: { _id: 1, colors: 1, colorLength: { $size: "$colors" } } }, { $limit: 3 }] )
[
  {
    _id: { priceFroup: 946 },
    colors: [
      '#343607', '#034e00',
      '#2c6455', '#6f2752',
      '#3c2b13', '#3a6824',
      '#082e7b', '#014c22',
      '#5a0e36', '#305b53'
    ],
    colorLength: 10
  },
  {
    _id: { priceFroup: 708 },
    colors: [
      '#5e5c1c', '#340734',
      '#216705', '#603f14',
      '#5e4a7b', '#632857',
      '#401b67', '#797141',
      '#6c4156', '#5e3e31',
      '#1f344f', '#5c625f',
      '#2f3b5e', '#682c76',
      '#34016c', '#646b68',
      '#250072'
    ],
    colorLength: 17
  },
  {
    _id: { priceFroup: 888 },
    colors: [
      '#023752', '#263e63',
      '#0f2a5e', '#1f4376',
      '#182f40', '#1c684b',
      '#2b131f', '#0e3e53',
      '#264f2c', '#3a6a47',
      '#661839', '#43661a'
    ],
    colorLength: 12
  }
]
...     { $unwind : '$colors' },
...     {
...         $match : {price : {$gt : 699}},
...     },
...     {
...        $group: {
...         _id: { priceFroup : '$price'},
...         colors: { $addToSet : '$colors' },
...        },
...     },
...        {
...         $project: {
...             _id : 1,
...             colors : 1,
...             colorLength: {$size : "$colors"},
...        },
...     },
...     {
...         $skip : 1
...     }
... ])
[
  {
    _id: { priceFroup: 728 },
    colors: [
      '#5e3416',
      '#6d363b',
      '#514155',
      '#711d22',
      '#31500c',
      '#4c601f',
      '#724a22'
    ],
    colorLength: 7
  },
  {
    _id: { priceFroup: 847 },
    colors: [ '#254e6d', '#291105', '#176012', '#087473', '#232a6b' ],
    colorLength: 5
  },
  {
    _id: { priceFroup: 806 },
    colors: [
      '#0c2612', '#364227',
      '#7c4c0f', '#297a76',
      '#52415f', '#397d45',
      '#2a423f', '#72202f',
      '#7a3829', '#2e5058',
      '#5f4223', '#5d4914'
    ],
    colorLength: 12
  },
  {
    _id: { priceFroup: 752 },
    colors: [
      '#076c64', '#371b65',
      '#4d3143', '#090c67',
      '#785a3e', '#4d0775',
      '#7a5427', '#18543b'
    ],
    colorLength: 8
  },
  {
    _id: { priceFroup: 808 },
    colors: [
      '#131744', '#297b36',
      '#350761', '#0f6f55',
      '#4e4b03', '#71037e',
      '#1d5677', '#5b491b',
      '#00056e', '#522006',
      '#5f1f7f', '#5c0b6f',
      '#7c7871', '#7f0b78',
      '#62795b'
    ],
    colorLength: 15
  },
  {
    _id: { priceFroup: 773 },
    colors: [
      '#6a7f69',
      '#18217d',
      '#646324',
      '#780733',
      '#4c332d',
      '#610916',
      '#140475'
    ],
    colorLength: 7
  },
  {
    _id: { priceFroup: 746 },
    colors: [
      '#767441', '#0a3a50',
      '#017c3b', '#281f00',
      '#5a2a0a', '#03284e',
      '#437f76', '#16637f',
      '#282b23', '#531e6f'
    ],
    colorLength: 10
  },
  {
    _id: { priceFroup: 938 },
    colors: [
      '#450f3b',
      '#22333a',
      '#653d3e',
      '#3e0152',
      '#28385e',
      '#5c3f6c'
    ],
    colorLength: 6
  },
  {
    _id: { priceFroup: 775 },
    colors: [
      '#6d1172', '#3c1a3c',
      '#5b1f0c', '#4b576f',
      '#556963', '#4b057e',
      '#5e0607', '#45557c',
      '#453140', '#3a412d'
    ],
    colorLength: 10
  },
  {
    _id: { priceFroup: 795 },
    colors: [
      '#285a0c',
      '#256b1c',
      '#142924',
      '#2d621b',
      '#022d02',
      '#73047b'
    ],
    colorLength: 6
  },
  {
    _id: { priceFroup: 971 },
    colors: [ '#32765d', '#4e315d', '#643038', '#713616', '#344537' ],
    colorLength: 5
  },
  {
    _id: { priceFroup: 706 },
    colors: [
      '#66806b', '#152729',
      '#3c6f65', '#017417',
      '#0e4d7c', '#3a4046',
      '#2c1f6a', '#3a306f',
      '#281150', '#43026a',
      '#5a065a'
    ],
    colorLength: 11
  },
  {
    _id: { priceFroup: 824 },
    colors: [
      '#370071', '#1a4f56',
      '#5f4a65', '#64512d',
      '#0a032b', '#1f715e',
      '#531149', '#3c7d69',
      '#216910', '#67510d'
    ],
    colorLength: 10
  },
  {
    _id: { priceFroup: 885 },
    colors: [ '#711d6b', '#77664b', '#3a1042', '#3c7e59' ],
    colorLength: 4
  },
  {
    _id: { priceFroup: 713 },
    colors: [
      '#530948', '#426f57',
      '#063f7d', '#521443',
      '#611012', '#6c4a7d',
      '#0c1540', '#274c60',
      '#234c1f', '#454a28',
      '#204671', '#54755c',
      '#3b1125', '#68242c',
      '#0d6c56', '#790504'
    ],
    colorLength: 16
  },
  {
    _id: { priceFroup: 797 },
    colors: [
      '#320070', '#314c5d',
      '#786219', '#1f0727',
      '#350b23', '#564028',
      '#757f40', '#1d395b',
      '#68191e', '#598026',
      '#513f0c', '#25524b',
      '#511671', '#2b0165'
    ],
    colorLength: 14
  },
  {
    _id: { priceFroup: 781 },
    colors: [
      '#475f0d', '#7f350b',
      '#555c57', '#6c1302',
      '#021b75', '#520b15',
      '#0c3b06', '#552210',
      '#5d2471', '#4a2647'
    ],
    colorLength: 10
  },
  {
    _id: { priceFroup: 843 },
    colors: [
      '#16040b', '#3f4b0b',
      '#4d0a6a', '#716e7b',
      '#693457', '#3e1c4d',
      '#2a1e0c', '#782570',
      '#69062b', '#174336',
      '#070d08', '#6d5539'
    ],
    colorLength: 12
  },
  {
    _id: { priceFroup: 846 },
    colors: [
      '#6f3820', '#233703',
      '#503b69', '#763d56',
      '#620f01', '#52007b',
      '#237279', '#434e53'
    ],
    colorLength: 8
  },
  {
    _id: { priceFroup: 899 },
    colors: [
      '#662a35', '#7c6c73', '#5c5c35',
      '#5a0a0c', '#320e71', '#501609',
      '#333333', '#990000', '#2e5c0d',
      '#000000', '#999999', '#cc6600',
      '#001a51', '#035352', '#ff9900',
      '#243a2c', '#00ff00', '#5e1669',
      '#5d3827', '#1b6e4b', '#167d3a',
      '#717a21'
    ],
    colorLength: 22
  }
]
Type "it" for more











Microsoft Windows [Version 10.0.19045.6093]
(c) Microsoft Corporation. All rights reserved.

C:\Users\Abhishek Singh>mongosh
Current Mongosh Log ID: 6882a37d5e138807c9718dc3
Connecting to:          mongodb://127.0.0.1:27017/?directConnection=true&serverSelectionTimeoutMS=2000&appName=mongosh+2.5.5
Using MongoDB:          8.0.10
Using Mongosh:          2.5.5
mongosh 2.5.6 is available for download: https://www.mongodb.com/try/download/shell

For mongosh info see: https://www.mongodb.com/docs/mongodb-shell/

------
   The server generated these startup warnings when booting
   2025-07-15T11:49:11.275+05:30: Access control is not enabled for the database. Read and write access to data and configuration is unrestricted
------

test> show dbs
admin               40.00 KiB
config              72.00 KiB
local               72.00 KiB
node-with-mongoDB  108.00 KiB
shop                 1.45 MiB
short-url          216.00 KiB
students            72.00 KiB
test> use shop
switched to db shop
shop> db.col.insertMany([
...     {"_id":{"$oid":"64c23350e32f4a51b19b9201"},"name":"Document 1","values":[10,20,30,40,50]},
...     {"_id":{"$oid":"64c23350e32f4a51b19b9202"},"name":"Document 2","values":[15,25,35,45,55]},
...     {"_id":{"$oid":"64c23350e32f4a51b19b9203"},"name":"Document 3","values":[5,15,25,35,45]},
...     {"_id":{"$oid":"64c23350e32f4a51b19b9204"},"name":"Document 4","values":[30,40,50,60,70]},
...     {"_id":{"$oid":"64c23350e32f4a51b19b9205"},"name":"Document 5","values":[25,35,45,55,65]},
...
... ])
Uncaught:
MongoBulkWriteError: _id fields may not contain '$'-prefixed fields: $oid is not valid for storage.
Result: BulkWriteResult {
  insertedCount: 0,
  matchedCount: 0,

shop> db.col.find()
[
  {
    _id: '64c23350e32f4a51b19b9201',
    name: 'Document 1',
    values: [ 10, 20, 30, 40, 50 ]
  },
  {
    _id: '64c23350e32f4a51b19b9202',
    name: 'Document 2',
    values: [ 15, 25, 35, 45, 55 ]
  },
  {
    _id: '64c23350e32f4a51b19b9203',
    name: 'Document 3',
    values: [ 5, 15, 25, 35, 45 ]
  },
  {
    _id: '64c23350e32f4a51b19b9204',
    name: 'Document 4',
    values: [ 30, 40, 50, 60, 70 ]
  },
  {
    _id: '64c23350e32f4a51b19b9205',
    name: 'Document 5',
    values: [ 25, 35, 45, 55, 65 ]
  }
]
shop> db.col.aggregate([{
...     $project:{
...         name:1,
...         Val: {
...             $filter:{
...                 input : '$values',
...                 as: 'kimmat',
...                 cond: {$gt : ['kimmat', 30]}
...             }
...         }
...     }
... }])
[
  {
    _id: '64c23350e32f4a51b19b9201',
    name: 'Document 1',
    Val: [ 10, 20, 30, 40, 50 ]
  },
  {
    _id: '64c23350e32f4a51b19b9202',
    name: 'Document 2',
    Val: [ 15, 25, 35, 45, 55 ]
  },
  {
    _id: '64c23350e32f4a51b19b9203',
    name: 'Document 3',
    Val: [ 5, 15, 25, 35, 45 ]
  },
  {
    _id: '64c23350e32f4a51b19b9204',
    name: 'Document 4',
    Val: [ 30, 40, 50, 60, 70 ]
  },
  {
    _id: '64c23350e32f4a51b19b9205',
    name: 'Document 5',
    Val: [ 25, 35, 45, 55, 65 ]
  }
]
...     $project:{
...         name:1,
...         Val: {
...             $filter:{
...                 input : '$values',
...                 as: 'kimmat',
...                 cond: {$gt : ['$kimmat', 30]}
...             }
...         }
...     }
... }])
[
  { _id: '64c23350e32f4a51b19b9201', name: 'Document 1', Val: [] },
  { _id: '64c23350e32f4a51b19b9202', name: 'Document 2', Val: [] },
  { _id: '64c23350e32f4a51b19b9203', name: 'Document 3', Val: [] },
  { _id: '64c23350e32f4a51b19b9204', name: 'Document 4', Val: [] },
  { _id: '64c23350e32f4a51b19b9205', name: 'Document 5', Val: [] }
]
...     $project:{
...         name:1,
...         Val: {
...             $filter:{
...                 input : '$values',
...                 as: 'kimmat',
...                 cond: {$gt : ['$kimmat', 30]}
...             }
...         }
...     }
... }])
[
  { _id: '64c23350e32f4a51b19b9201', name: 'Document 1', Val: [] },
  { _id: '64c23350e32f4a51b19b9202', name: 'Document 2', Val: [] },
  { _id: '64c23350e32f4a51b19b9203', name: 'Document 3', Val: [] },
  { _id: '64c23350e32f4a51b19b9204', name: 'Document 4', Val: [] },
  { _id: '64c23350e32f4a51b19b9205', name: 'Document 5', Val: [] }
]
...     $project:{
...         name:1,
...         Val: {
...             $filter:{
...                 input : '$values',
...                 as: 'kimmat',
...                 cond: {$gt : ['$$kimmat', 30]}
...             }
...         }
...     }
... }])
[
  {
    _id: '64c23350e32f4a51b19b9201',
    name: 'Document 1',
    Val: [ 40, 50 ]
  },
  {
    _id: '64c23350e32f4a51b19b9202',
    name: 'Document 2',
    Val: [ 35, 45, 55 ]
  },
  {
    _id: '64c23350e32f4a51b19b9203',
    name: 'Document 3',
    Val: [ 35, 45 ]
  },
  {
    _id: '64c23350e32f4a51b19b9204',
    name: 'Document 4',
    Val: [ 40, 50, 60, 70 ]
  },
  {
    _id: '64c23350e32f4a51b19b9205',
    name: 'Document 5',
    Val: [ 35, 45, 55, 65 ]
  }
]
...     $project:{
...         name:1,
...         Val: {
...             $filter:{
...                 input : '$values',
...                 as: 'kimmat',
...                 cond: {$eq : ['$$kimmat', 30]}
...             }
...         }
...     }
... }])
[
  { _id: '64c23350e32f4a51b19b9201', name: 'Document 1', Val: [ 30 ] },
  { _id: '64c23350e32f4a51b19b9202', name: 'Document 2', Val: [] },
  { _id: '64c23350e32f4a51b19b9203', name: 'Document 3', Val: [] },
  { _id: '64c23350e32f4a51b19b9204', name: 'Document 4', Val: [ 30 ] },
  { _id: '64c23350e32f4a51b19b9205', name: 'Document 5', Val: [] }
]











Microsoft Windows [Version 10.0.19045.6093]
(c) Microsoft Corporation. All rights reserved.

C:\Users\Abhishek Singh>mongosh
Current Mongosh Log ID: 688433e4d2aa69509b718dc3
Connecting to:          mongodb://127.0.0.1:27017/?directConnection=true&serverSelectionTimeoutMS=2000&appName=mongosh+2.5.5
Using MongoDB:          8.0.10
Using Mongosh:          2.5.5
mongosh 2.5.6 is available for download: https://www.mongodb.com/try/download/shell

For mongosh info see: https://www.mongodb.com/docs/mongodb-shell/

------
   The server generated these startup warnings when booting
   2025-07-15T11:49:11.275+05:30: Access control is not enabled for the database. Read and write access to data and configuration is unrestricted
------

test> use shop
switched to db shop
shop> show collections
categories
col
comments
products
sales
shop> db.products.find({price : {$gt : 4999}})
[
  {
    _id: ObjectId('68843bcead7df4c7f53f63b5'),
    name: 'Abhishek SIngh',
    company: '64d54756e545f54564c21857n',
    price: 5000,
    color: [ '#021563', '#cc6600', '#336632' ],
    image: '/images/prodect-handbag.png',
    category: '86sa5445sf7g89dsf5sdf414d3fw',
    isFeatured: true
  }
]
shop> db.products.find({price : {$gt : 5000}})

shop> db.products.find({price : {$gt : 4999}})
[
  {
    _id: ObjectId('68843bcead7df4c7f53f63b5'),
    name: 'Abhishek SIngh',
    company: '64d54756e545f54564c21857n',
    price: 5000,
    color: [ '#021563', '#cc6600', '#336632' ],
    image: '/images/prodect-handbag.png',
    category: '86sa5445sf7g89dsf5sdf414d3fw',
    isFeatured: true
  }
]






















